Archive member included to satisfy reference by file (symbol)

c:/st/stm32cubeide_1.9.0/stm32cubeide/plugins/com.st.stm32cube.ide.mcu.externaltools.gnu-tools-for-stm32.10.3-2021.10.win32_1.0.0.202111181127/tools/bin/../lib/gcc/arm-none-eabi/10.3.1/../../../../arm-none-eabi/lib/thumb/v7-m/nofp\libc_nano.a(lib_a-errno.o)
                              ./Core/Src/syscalls.o (__errno)
c:/st/stm32cubeide_1.9.0/stm32cubeide/plugins/com.st.stm32cube.ide.mcu.externaltools.gnu-tools-for-stm32.10.3-2021.10.win32_1.0.0.202111181127/tools/bin/../lib/gcc/arm-none-eabi/10.3.1/../../../../arm-none-eabi/lib/thumb/v7-m/nofp\libc_nano.a(lib_a-exit.o)
                              c:/st/stm32cubeide_1.9.0/stm32cubeide/plugins/com.st.stm32cube.ide.mcu.externaltools.gnu-tools-for-stm32.10.3-2021.10.win32_1.0.0.202111181127/tools/bin/../lib/gcc/arm-none-eabi/10.3.1/../../../../arm-none-eabi/lib/thumb/v7-m/nofp/crt0.o (exit)
c:/st/stm32cubeide_1.9.0/stm32cubeide/plugins/com.st.stm32cube.ide.mcu.externaltools.gnu-tools-for-stm32.10.3-2021.10.win32_1.0.0.202111181127/tools/bin/../lib/gcc/arm-none-eabi/10.3.1/../../../../arm-none-eabi/lib/thumb/v7-m/nofp\libc_nano.a(lib_a-impure.o)
                              c:/st/stm32cubeide_1.9.0/stm32cubeide/plugins/com.st.stm32cube.ide.mcu.externaltools.gnu-tools-for-stm32.10.3-2021.10.win32_1.0.0.202111181127/tools/bin/../lib/gcc/arm-none-eabi/10.3.1/../../../../arm-none-eabi/lib/thumb/v7-m/nofp\libc_nano.a(lib_a-exit.o) (_global_impure_ptr)
c:/st/stm32cubeide_1.9.0/stm32cubeide/plugins/com.st.stm32cube.ide.mcu.externaltools.gnu-tools-for-stm32.10.3-2021.10.win32_1.0.0.202111181127/tools/bin/../lib/gcc/arm-none-eabi/10.3.1/../../../../arm-none-eabi/lib/thumb/v7-m/nofp\libc_nano.a(lib_a-init.o)
                              c:/st/stm32cubeide_1.9.0/stm32cubeide/plugins/com.st.stm32cube.ide.mcu.externaltools.gnu-tools-for-stm32.10.3-2021.10.win32_1.0.0.202111181127/tools/bin/../lib/gcc/arm-none-eabi/10.3.1/../../../../arm-none-eabi/lib/thumb/v7-m/nofp/crt0.o (__libc_init_array)
c:/st/stm32cubeide_1.9.0/stm32cubeide/plugins/com.st.stm32cube.ide.mcu.externaltools.gnu-tools-for-stm32.10.3-2021.10.win32_1.0.0.202111181127/tools/bin/../lib/gcc/arm-none-eabi/10.3.1/../../../../arm-none-eabi/lib/thumb/v7-m/nofp\libc_nano.a(lib_a-memset.o)
                              c:/st/stm32cubeide_1.9.0/stm32cubeide/plugins/com.st.stm32cube.ide.mcu.externaltools.gnu-tools-for-stm32.10.3-2021.10.win32_1.0.0.202111181127/tools/bin/../lib/gcc/arm-none-eabi/10.3.1/../../../../arm-none-eabi/lib/thumb/v7-m/nofp/crt0.o (memset)

Discarded input sections

 .text          0x0000000000000000        0x0 c:/st/stm32cubeide_1.9.0/stm32cubeide/plugins/com.st.stm32cube.ide.mcu.externaltools.gnu-tools-for-stm32.10.3-2021.10.win32_1.0.0.202111181127/tools/bin/../lib/gcc/arm-none-eabi/10.3.1/thumb/v7-m/nofp/crti.o
 .data          0x0000000000000000        0x0 c:/st/stm32cubeide_1.9.0/stm32cubeide/plugins/com.st.stm32cube.ide.mcu.externaltools.gnu-tools-for-stm32.10.3-2021.10.win32_1.0.0.202111181127/tools/bin/../lib/gcc/arm-none-eabi/10.3.1/thumb/v7-m/nofp/crti.o
 .bss           0x0000000000000000        0x0 c:/st/stm32cubeide_1.9.0/stm32cubeide/plugins/com.st.stm32cube.ide.mcu.externaltools.gnu-tools-for-stm32.10.3-2021.10.win32_1.0.0.202111181127/tools/bin/../lib/gcc/arm-none-eabi/10.3.1/thumb/v7-m/nofp/crti.o
 .data          0x0000000000000000        0x4 c:/st/stm32cubeide_1.9.0/stm32cubeide/plugins/com.st.stm32cube.ide.mcu.externaltools.gnu-tools-for-stm32.10.3-2021.10.win32_1.0.0.202111181127/tools/bin/../lib/gcc/arm-none-eabi/10.3.1/thumb/v7-m/nofp/crtbegin.o
 .rodata        0x0000000000000000       0x24 c:/st/stm32cubeide_1.9.0/stm32cubeide/plugins/com.st.stm32cube.ide.mcu.externaltools.gnu-tools-for-stm32.10.3-2021.10.win32_1.0.0.202111181127/tools/bin/../lib/gcc/arm-none-eabi/10.3.1/thumb/v7-m/nofp/crtbegin.o
 .text          0x0000000000000000       0x7c c:/st/stm32cubeide_1.9.0/stm32cubeide/plugins/com.st.stm32cube.ide.mcu.externaltools.gnu-tools-for-stm32.10.3-2021.10.win32_1.0.0.202111181127/tools/bin/../lib/gcc/arm-none-eabi/10.3.1/../../../../arm-none-eabi/lib/thumb/v7-m/nofp/crt0.o
 .data          0x0000000000000000        0x0 c:/st/stm32cubeide_1.9.0/stm32cubeide/plugins/com.st.stm32cube.ide.mcu.externaltools.gnu-tools-for-stm32.10.3-2021.10.win32_1.0.0.202111181127/tools/bin/../lib/gcc/arm-none-eabi/10.3.1/../../../../arm-none-eabi/lib/thumb/v7-m/nofp/crt0.o
 .bss           0x0000000000000000        0x0 c:/st/stm32cubeide_1.9.0/stm32cubeide/plugins/com.st.stm32cube.ide.mcu.externaltools.gnu-tools-for-stm32.10.3-2021.10.win32_1.0.0.202111181127/tools/bin/../lib/gcc/arm-none-eabi/10.3.1/../../../../arm-none-eabi/lib/thumb/v7-m/nofp/crt0.o
[...]
Memory Configuration

Name             Origin             Length             Attributes
RAM              0x0000000020000000 0x0000000000005000 xrw
FLASH            0x0000000008000000 0x0000000000010000 xr
*default*        0x0000000000000000 0xffffffffffffffff

Linker script and memory map

LOAD c:/st/stm32cubeide_1.9.0/stm32cubeide/plugins/com.st.stm32cube.ide.mcu.externaltools.gnu-tools-for-stm32.10.3-2021.10.win32_1.0.0.202111181127/tools/bin/../lib/gcc/arm-none-eabi/10.3.1/thumb/v7-m/nofp/crti.o
LOAD c:/st/stm32cubeide_1.9.0/stm32cubeide/plugins/com.st.stm32cube.ide.mcu.externaltools.gnu-tools-for-stm32.10.3-2021.10.win32_1.0.0.202111181127/tools/bin/../lib/gcc/arm-none-eabi/10.3.1/thumb/v7-m/nofp/crtbegin.o
LOAD c:/st/stm32cubeide_1.9.0/stm32cubeide/plugins/com.st.stm32cube.ide.mcu.externaltools.gnu-tools-for-stm32.10.3-2021.10.win32_1.0.0.202111181127/tools/bin/../lib/gcc/arm-none-eabi/10.3.1/../../../../arm-none-eabi/lib/thumb/v7-m/nofp/crt0.o
LOAD ./Core/Src/gpio.o
LOAD ./Core/Src/i2c.o
LOAD ./Core/Src/main.o
LOAD ./Core/Src/stm32f1xx_hal_msp.o
LOAD ./Core/Src/stm32f1xx_it.o
LOAD ./Core/Src/syscalls.o
LOAD ./Core/Src/sysmem.o
LOAD ./Core/Src/system_stm32f1xx.o
LOAD ./Core/Src/tim.o
LOAD ./Core/Src/usart.o
LOAD ./Core/Startup/startup_stm32f103v8tx.o
LOAD ./Drivers/STM32F1xx_HAL_Driver/Src/stm32f1xx_hal.o
LOAD ./Drivers/STM32F1xx_HAL_Driver/Src/stm32f1xx_hal_cortex.o
LOAD ./Drivers/STM32F1xx_HAL_Driver/Src/stm32f1xx_hal_dma.o
LOAD ./Drivers/STM32F1xx_HAL_Driver/Src/stm32f1xx_hal_exti.o
LOAD ./Drivers/STM32F1xx_HAL_Driver/Src/stm32f1xx_hal_flash.o
LOAD ./Drivers/STM32F1xx_HAL_Driver/Src/stm32f1xx_hal_flash_ex.o
LOAD ./Drivers/STM32F1xx_HAL_Driver/Src/stm32f1xx_hal_gpio.o
LOAD ./Drivers/STM32F1xx_HAL_Driver/Src/stm32f1xx_hal_gpio_ex.o
LOAD ./Drivers/STM32F1xx_HAL_Driver/Src/stm32f1xx_hal_i2c.o
LOAD ./Drivers/STM32F1xx_HAL_Driver/Src/stm32f1xx_hal_pwr.o
LOAD ./Drivers/STM32F1xx_HAL_Driver/Src/stm32f1xx_hal_rcc.o
LOAD ./Drivers/STM32F1xx_HAL_Driver/Src/stm32f1xx_hal_rcc_ex.o
LOAD ./Drivers/STM32F1xx_HAL_Driver/Src/stm32f1xx_hal_tim.o
LOAD ./Drivers/STM32F1xx_HAL_Driver/Src/stm32f1xx_hal_tim_ex.o
LOAD ./Drivers/STM32F1xx_HAL_Driver/Src/stm32f1xx_hal_uart.o
START GROUP
LOAD c:/st/stm32cubeide_1.9.0/stm32cubeide/plugins/com.st.stm32cube.ide.mcu.externaltools.gnu-tools-for-stm32.10.3-2021.10.win32_1.0.0.202111181127/tools/bin/../lib/gcc/arm-none-eabi/10.3.1/../../../../arm-none-eabi/lib/thumb/v7-m/nofp\libc_nano.a
LOAD c:/st/stm32cubeide_1.9.0/stm32cubeide/plugins/com.st.stm32cube.ide.mcu.externaltools.gnu-tools-for-stm32.10.3-2021.10.win32_1.0.0.202111181127/tools/bin/../lib/gcc/arm-none-eabi/10.3.1/../../../../arm-none-eabi/lib/thumb/v7-m/nofp\libm.a
END GROUP
START GROUP
LOAD c:/st/stm32cubeide_1.9.0/stm32cubeide/plugins/com.st.stm32cube.ide.mcu.externaltools.gnu-tools-for-stm32.10.3-2021.10.win32_1.0.0.202111181127/tools/bin/../lib/gcc/arm-none-eabi/10.3.1/thumb/v7-m/nofp\libgcc.a
LOAD c:/st/stm32cubeide_1.9.0/stm32cubeide/plugins/com.st.stm32cube.ide.mcu.externaltools.gnu-tools-for-stm32.10.3-2021.10.win32_1.0.0.202111181127/tools/bin/../lib/gcc/arm-none-eabi/10.3.1/../../../../arm-none-eabi/lib/thumb/v7-m/nofp\libc_nano.a
END GROUP
START GROUP
LOAD c:/st/stm32cubeide_1.9.0/stm32cubeide/plugins/com.st.stm32cube.ide.mcu.externaltools.gnu-tools-for-stm32.10.3-2021.10.win32_1.0.0.202111181127/tools/bin/../lib/gcc/arm-none-eabi/10.3.1/thumb/v7-m/nofp\libgcc.a
LOAD c:/st/stm32cubeide_1.9.0/stm32cubeide/plugins/com.st.stm32cube.ide.mcu.externaltools.gnu-tools-for-stm32.10.3-2021.10.win32_1.0.0.202111181127/tools/bin/../lib/gcc/arm-none-eabi/10.3.1/../../../../arm-none-eabi/lib/thumb/v7-m/nofp\libc_nano.a
LOAD c:/st/stm32cubeide_1.9.0/stm32cubeide/plugins/com.st.stm32cube.ide.mcu.externaltools.gnu-tools-for-stm32.10.3-2021.10.win32_1.0.0.202111181127/tools/bin/../lib/gcc/arm-none-eabi/10.3.1/../../../../arm-none-eabi/lib/thumb/v7-m/nofp\libnosys.a
END GROUP
START GROUP
LOAD c:/st/stm32cubeide_1.9.0/stm32cubeide/plugins/com.st.stm32cube.ide.mcu.externaltools.gnu-tools-for-stm32.10.3-2021.10.win32_1.0.0.202111181127/tools/bin/../lib/gcc/arm-none-eabi/10.3.1/thumb/v7-m/nofp\libgcc.a
LOAD c:/st/stm32cubeide_1.9.0/stm32cubeide/plugins/com.st.stm32cube.ide.mcu.externaltools.gnu-tools-for-stm32.10.3-2021.10.win32_1.0.0.202111181127/tools/bin/../lib/gcc/arm-none-eabi/10.3.1/../../../../arm-none-eabi/lib/thumb/v7-m/nofp\libc_nano.a
LOAD c:/st/stm32cubeide_1.9.0/stm32cubeide/plugins/com.st.stm32cube.ide.mcu.externaltools.gnu-tools-for-stm32.10.3-2021.10.win32_1.0.0.202111181127/tools/bin/../lib/gcc/arm-none-eabi/10.3.1/../../../../arm-none-eabi/lib/thumb/v7-m/nofp\libnosys.a
END GROUP
LOAD c:/st/stm32cubeide_1.9.0/stm32cubeide/plugins/com.st.stm32cube.ide.mcu.externaltools.gnu-tools-for-stm32.10.3-2021.10.win32_1.0.0.202111181127/tools/bin/../lib/gcc/arm-none-eabi/10.3.1/thumb/v7-m/nofp/crtend.o
LOAD c:/st/stm32cubeide_1.9.0/stm32cubeide/plugins/com.st.stm32cube.ide.mcu.externaltools.gnu-tools-for-stm32.10.3-2021.10.win32_1.0.0.202111181127/tools/bin/../lib/gcc/arm-none-eabi/10.3.1/thumb/v7-m/nofp/crtn.o
                0x0000000020005000                _estack = (ORIGIN (RAM) + LENGTH (RAM))
                0x0000000000000200                _Min_Heap_Size = 0x200
                0x0000000000000400                _Min_Stack_Size = 0x400

.isr_vector     0x0000000008000000      0x10c
                0x0000000008000000                . = ALIGN (0x4)
 *(.isr_vector)
 .isr_vector    0x0000000008000000      0x10c ./Core/Startup/startup_stm32f103v8tx.o
                0x0000000008000000                g_pfnVectors
                0x000000000800010c                . = ALIGN (0x4)

.text           0x000000000800010c     0x5e00
                0x000000000800010c                . = ALIGN (0x4)
 *(.text)
 .text          0x000000000800010c       0x40 c:/st/stm32cubeide_1.9.0/stm32cubeide/plugins/com.st.stm32cube.ide.mcu.externaltools.gnu-tools-for-stm32.10.3-2021.10.win32_1.0.0.202111181127/tools/bin/../lib/gcc/arm-none-eabi/10.3.1/thumb/v7-m/nofp/crtbegin.o
 *(.text*)
 .text.MX_GPIO_Init
                0x000000000800014c      0x204 ./Core/Src/gpio.o
                0x000000000800014c                MX_GPIO_Init
 .text.MX_I2C1_Init
                0x0000000008000350       0x5c ./Core/Src/i2c.o
                0x0000000008000350                MX_I2C1_Init
 .text.HAL_I2C_MspInit
                0x00000000080003ac       0x7c ./Core/Src/i2c.o
                0x00000000080003ac                HAL_I2C_MspInit
 .text.main     0x0000000008000428      0x164 ./Core/Src/main.o
                0x0000000008000428                main
 .text.SystemClock_Config
                0x000000000800058c       0x76 ./Core/Src/main.o
                0x000000000800058c                SystemClock_Config
 *fill*         0x0000000008000602        0x2 
 .text.Tuya_Reset
                0x0000000008000604       0x38 ./Core/Src/main.o
                0x0000000008000604                Tuya_Reset
 .text.Touch_Read
                0x000000000800063c      0x4ac ./Core/Src/main.o
                0x000000000800063c                Touch_Read
 .text.switch_operation
                0x0000000008000ae8      0x39c ./Core/Src/main.o
                0x0000000008000ae8                switch_operation
 .text.HAL_GPIO_EXTI_Callback
                0x0000000008000e84       0x4c ./Core/Src/main.o
                0x0000000008000e84                HAL_GPIO_EXTI_Callback
 .text.HAL_TIM_PeriodElapsedCallback
                0x0000000008000ed0       0x3c ./Core/Src/main.o
                0x0000000008000ed0                HAL_TIM_PeriodElapsedCallback
 .text.switch_long_press
                0x0000000008000f0c       0x1c ./Core/Src/main.o
                0x0000000008000f0c                switch_long_press
 .text.Tx_Switch_Satus
                0x0000000008000f28       0x80 ./Core/Src/main.o
                0x0000000008000f28                Tx_Switch_Satus
 .text.DIMMER_TX
                0x0000000008000fa8       0x88 ./Core/Src/main.o
                0x0000000008000fa8                DIMMER_TX
 .text.HAL_UART_RxCpltCallback
                0x0000000008001030       0x60 ./Core/Src/main.o
                0x0000000008001030                HAL_UART_RxCpltCallback
 .text.Uart_Read_data
                0x0000000008001090      0x120 ./Core/Src/main.o
                0x0000000008001090                Uart_Read_data
 .text.Rx_Data_evaluation
                0x00000000080011b0      0x2cc ./Core/Src/main.o
                0x00000000080011b0                Rx_Data_evaluation
 .text.Indication
                0x000000000800147c      0x144 ./Core/Src/main.o
                0x000000000800147c                Indication
 .text.Stop_Indication
                0x00000000080015c0       0x18 ./Core/Src/main.o
                0x00000000080015c0                Stop_Indication
 .text.Master_Switch
                0x00000000080015d8       0xe4 ./Core/Src/main.o
                0x00000000080015d8                Master_Switch
 .text.set_max_pwm
                0x00000000080016bc       0xf8 ./Core/Src/main.o
                0x00000000080016bc                set_max_pwm
 .text.set_min_pwm
                0x00000000080017b4       0xf8 ./Core/Src/main.o
                0x00000000080017b4                set_min_pwm
 .text.Status_ReadData
                0x00000000080018ac      0x128 ./Core/Src/main.o
                0x00000000080018ac                Status_ReadData
 .text.EEPROM_initial
                0x00000000080019d4      0x154 ./Core/Src/main.o
                0x00000000080019d4                EEPROM_initial
 .text.Error_Handler
                0x0000000008001b28        0xa ./Core/Src/main.o
                0x0000000008001b28                Error_Handler
 *fill*         0x0000000008001b32        0x2 
 .text.HAL_MspInit
                0x0000000008001b34       0x64 ./Core/Src/stm32f1xx_hal_msp.o
                0x0000000008001b34                HAL_MspInit
 .text.NMI_Handler
                0x0000000008001b98        0x6 ./Core/Src/stm32f1xx_it.o
                0x0000000008001b98                NMI_Handler
 .text.HardFault_Handler
                0x0000000008001b9e        0x6 ./Core/Src/stm32f1xx_it.o
                0x0000000008001b9e                HardFault_Handler
 .text.MemManage_Handler
                0x0000000008001ba4        0x6 ./Core/Src/stm32f1xx_it.o
                0x0000000008001ba4                MemManage_Handler
 .text.BusFault_Handler
                0x0000000008001baa        0x6 ./Core/Src/stm32f1xx_it.o
                0x0000000008001baa                BusFault_Handler
 .text.UsageFault_Handler
                0x0000000008001bb0        0x6 ./Core/Src/stm32f1xx_it.o
                0x0000000008001bb0                UsageFault_Handler
 .text.SVC_Handler
                0x0000000008001bb6        0xc ./Core/Src/stm32f1xx_it.o
                0x0000000008001bb6                SVC_Handler
 .text.DebugMon_Handler
                0x0000000008001bc2        0xc ./Core/Src/stm32f1xx_it.o
                0x0000000008001bc2                DebugMon_Handler
 .text.PendSV_Handler
                0x0000000008001bce        0xc ./Core/Src/stm32f1xx_it.o
                0x0000000008001bce                PendSV_Handler
 .text.SysTick_Handler
                0x0000000008001bda        0xc ./Core/Src/stm32f1xx_it.o
                0x0000000008001bda                SysTick_Handler
 .text.EXTI0_IRQHandler
                0x0000000008001be6        0xe ./Core/Src/stm32f1xx_it.o
                0x0000000008001be6                EXTI0_IRQHandler
 .text.TIM2_IRQHandler
                0x0000000008001bf4       0x14 ./Core/Src/stm32f1xx_it.o
                0x0000000008001bf4                TIM2_IRQHandler
 .text.USART2_IRQHandler
                0x0000000008001c08       0x14 ./Core/Src/stm32f1xx_it.o
                0x0000000008001c08                USART2_IRQHandler
 .text.SystemInit
                0x0000000008001c1c        0xc ./Core/Src/system_stm32f1xx.o
                0x0000000008001c1c                SystemInit
 .text.MX_TIM1_Init
                0x0000000008001c28      0x188 ./Core/Src/tim.o
                0x0000000008001c28                MX_TIM1_Init
 .text.MX_TIM2_Init
                0x0000000008001db0       0x98 ./Core/Src/tim.o
                0x0000000008001db0                MX_TIM2_Init
 .text.MX_TIM3_Init
                0x0000000008001e48      0x12c ./Core/Src/tim.o
                0x0000000008001e48                MX_TIM3_Init
 .text.MX_TIM4_Init
                0x0000000008001f74      0x12c ./Core/Src/tim.o
                0x0000000008001f74                MX_TIM4_Init
 .text.HAL_TIM_Base_MspInit
                0x00000000080020a0       0xc0 ./Core/Src/tim.o
                0x00000000080020a0                HAL_TIM_Base_MspInit
 .text.HAL_TIM_MspPostInit
                0x0000000008002160      0x15c ./Core/Src/tim.o
                0x0000000008002160                HAL_TIM_MspPostInit
 .text.MX_USART2_UART_Init
                0x00000000080022bc       0x54 ./Core/Src/usart.o
                0x00000000080022bc                MX_USART2_UART_Init
 .text.HAL_UART_MspInit
                0x0000000008002310       0xc4 ./Core/Src/usart.o
                0x0000000008002310                HAL_UART_MspInit
 .text.Reset_Handler
                0x00000000080023d4       0x48 ./Core/Startup/startup_stm32f103v8tx.o
                0x00000000080023d4                Reset_Handler
 .text.Default_Handler
                0x000000000800241c        0x2 ./Core/Startup/startup_stm32f103v8tx.o
                0x000000000800241c                RTC_Alarm_IRQHandler
                0x000000000800241c                EXTI2_IRQHandler
                0x000000000800241c                TIM1_CC_IRQHandler
                0x000000000800241c                PVD_IRQHandler
                0x000000000800241c                EXTI3_IRQHandler
                0x000000000800241c                I2C2_EV_IRQHandler
                0x000000000800241c                ADC1_2_IRQHandler
                0x000000000800241c                SPI1_IRQHandler
                0x000000000800241c                TAMPER_IRQHandler
                0x000000000800241c                DMA1_Channel4_IRQHandler
                0x000000000800241c                USART3_IRQHandler
                0x000000000800241c                RTC_IRQHandler
                0x000000000800241c                DMA1_Channel7_IRQHandler
                0x000000000800241c                CAN1_RX1_IRQHandler
                0x000000000800241c                TIM4_IRQHandler
                0x000000000800241c                I2C1_EV_IRQHandler
                0x000000000800241c                DMA1_Channel6_IRQHandler
                0x000000000800241c                TIM3_IRQHandler
                0x000000000800241c                RCC_IRQHandler
                0x000000000800241c                TIM1_TRG_COM_IRQHandler
                0x000000000800241c                DMA1_Channel1_IRQHandler
                0x000000000800241c                Default_Handler
                0x000000000800241c                EXTI15_10_IRQHandler
                0x000000000800241c                EXTI9_5_IRQHandler
                0x000000000800241c                SPI2_IRQHandler
                0x000000000800241c                DMA1_Channel5_IRQHandler
                0x000000000800241c                EXTI4_IRQHandler
                0x000000000800241c                USB_LP_CAN1_RX0_IRQHandler
                0x000000000800241c                USB_HP_CAN1_TX_IRQHandler
                0x000000000800241c                DMA1_Channel3_IRQHandler
                0x000000000800241c                TIM1_UP_IRQHandler
                0x000000000800241c                WWDG_IRQHandler
                0x000000000800241c                TIM1_BRK_IRQHandler
                0x000000000800241c                EXTI1_IRQHandler
                0x000000000800241c                I2C2_ER_IRQHandler
                0x000000000800241c                DMA1_Channel2_IRQHandler
                0x000000000800241c                CAN1_SCE_IRQHandler
                0x000000000800241c                FLASH_IRQHandler
                0x000000000800241c                USART1_IRQHandler
                0x000000000800241c                I2C1_ER_IRQHandler
                0x000000000800241c                USBWakeUp_IRQHandler
 *fill*         0x000000000800241e        0x2 
 .text.HAL_Init
                0x0000000008002420       0x2c ./Drivers/STM32F1xx_HAL_Driver/Src/stm32f1xx_hal.o
                0x0000000008002420                HAL_Init
 .text.HAL_InitTick
                0x000000000800244c       0x60 ./Drivers/STM32F1xx_HAL_Driver/Src/stm32f1xx_hal.o
                0x000000000800244c                HAL_InitTick
 .text.HAL_IncTick
                0x00000000080024ac       0x24 ./Drivers/STM32F1xx_HAL_Driver/Src/stm32f1xx_hal.o
                0x00000000080024ac                HAL_IncTick
 .text.HAL_GetTick
                0x00000000080024d0       0x14 ./Drivers/STM32F1xx_HAL_Driver/Src/stm32f1xx_hal.o
                0x00000000080024d0                HAL_GetTick
 .text.HAL_Delay
                0x00000000080024e4       0x48 ./Drivers/STM32F1xx_HAL_Driver/Src/stm32f1xx_hal.o
                0x00000000080024e4                HAL_Delay
 .text.__NVIC_SetPriorityGrouping
                0x000000000800252c       0x48 ./Drivers/STM32F1xx_HAL_Driver/Src/stm32f1xx_hal_cortex.o
 .text.__NVIC_GetPriorityGrouping
                0x0000000008002574       0x1c ./Drivers/STM32F1xx_HAL_Driver/Src/stm32f1xx_hal_cortex.o
 .text.__NVIC_EnableIRQ
                0x0000000008002590       0x38 ./Drivers/STM32F1xx_HAL_Driver/Src/stm32f1xx_hal_cortex.o
 .text.__NVIC_SetPriority
                0x00000000080025c8       0x54 ./Drivers/STM32F1xx_HAL_Driver/Src/stm32f1xx_hal_cortex.o
 .text.NVIC_EncodePriority
                0x000000000800261c       0x64 ./Drivers/STM32F1xx_HAL_Driver/Src/stm32f1xx_hal_cortex.o
 .text.SysTick_Config
                0x0000000008002680       0x44 ./Drivers/STM32F1xx_HAL_Driver/Src/stm32f1xx_hal_cortex.o
 .text.HAL_NVIC_SetPriorityGrouping
                0x00000000080026c4       0x16 ./Drivers/STM32F1xx_HAL_Driver/Src/stm32f1xx_hal_cortex.o
                0x00000000080026c4                HAL_NVIC_SetPriorityGrouping
 .text.HAL_NVIC_SetPriority
                0x00000000080026da       0x38 ./Drivers/STM32F1xx_HAL_Driver/Src/stm32f1xx_hal_cortex.o
                0x00000000080026da                HAL_NVIC_SetPriority
 .text.HAL_NVIC_EnableIRQ
                0x0000000008002712       0x1c ./Drivers/STM32F1xx_HAL_Driver/Src/stm32f1xx_hal_cortex.o
                0x0000000008002712                HAL_NVIC_EnableIRQ
 .text.HAL_SYSTICK_Config
                0x000000000800272e       0x18 ./Drivers/STM32F1xx_HAL_Driver/Src/stm32f1xx_hal_cortex.o
                0x000000000800272e                HAL_SYSTICK_Config
 .text.HAL_DMA_Abort
                0x0000000008002746       0x74 ./Drivers/STM32F1xx_HAL_Driver/Src/stm32f1xx_hal_dma.o
                0x0000000008002746                HAL_DMA_Abort
 *fill*         0x00000000080027ba        0x2 
 .text.HAL_DMA_Abort_IT
                0x00000000080027bc       0xec ./Drivers/STM32F1xx_HAL_Driver/Src/stm32f1xx_hal_dma.o
                0x00000000080027bc                HAL_DMA_Abort_IT
 .text.HAL_GPIO_Init
                0x00000000080028a8      0x308 ./Drivers/STM32F1xx_HAL_Driver/Src/stm32f1xx_hal_gpio.o
                0x00000000080028a8                HAL_GPIO_Init
 .text.HAL_GPIO_ReadPin
                0x0000000008002bb0       0x2e ./Drivers/STM32F1xx_HAL_Driver/Src/stm32f1xx_hal_gpio.o
                0x0000000008002bb0                HAL_GPIO_ReadPin
 .text.HAL_GPIO_WritePin
                0x0000000008002bde       0x30 ./Drivers/STM32F1xx_HAL_Driver/Src/stm32f1xx_hal_gpio.o
                0x0000000008002bde                HAL_GPIO_WritePin
 *fill*         0x0000000008002c0e        0x2 
 .text.HAL_GPIO_EXTI_IRQHandler
                0x0000000008002c10       0x30 ./Drivers/STM32F1xx_HAL_Driver/Src/stm32f1xx_hal_gpio.o
                0x0000000008002c10                HAL_GPIO_EXTI_IRQHandler
 .text.HAL_I2C_Init
                0x0000000008002c40      0x288 ./Drivers/STM32F1xx_HAL_Driver/Src/stm32f1xx_hal_i2c.o
                0x0000000008002c40                HAL_I2C_Init
 .text.HAL_I2C_Mem_Write
                0x0000000008002ec8      0x1f4 ./Drivers/STM32F1xx_HAL_Driver/Src/stm32f1xx_hal_i2c.o
                0x0000000008002ec8                HAL_I2C_Mem_Write
 .text.HAL_I2C_Mem_Read
                0x00000000080030bc      0x4d0 ./Drivers/STM32F1xx_HAL_Driver/Src/stm32f1xx_hal_i2c.o
                0x00000000080030bc                HAL_I2C_Mem_Read
 .text.I2C_RequestMemoryWrite
                0x000000000800358c      0x12c ./Drivers/STM32F1xx_HAL_Driver/Src/stm32f1xx_hal_i2c.o
 .text.I2C_RequestMemoryRead
                0x00000000080036b8      0x1d0 ./Drivers/STM32F1xx_HAL_Driver/Src/stm32f1xx_hal_i2c.o
 .text.I2C_WaitOnFlagUntilTimeout
                0x0000000008003888       0xae ./Drivers/STM32F1xx_HAL_Driver/Src/stm32f1xx_hal_i2c.o
 .text.I2C_WaitOnMasterAddressFlagUntilTimeout
                0x0000000008003936       0xfe ./Drivers/STM32F1xx_HAL_Driver/Src/stm32f1xx_hal_i2c.o
 .text.I2C_WaitOnTXEFlagUntilTimeout
                0x0000000008003a34       0x82 ./Drivers/STM32F1xx_HAL_Driver/Src/stm32f1xx_hal_i2c.o
 .text.I2C_WaitOnBTFFlagUntilTimeout
                0x0000000008003ab6       0x82 ./Drivers/STM32F1xx_HAL_Driver/Src/stm32f1xx_hal_i2c.o
 .text.I2C_WaitOnRXNEFlagUntilTimeout
                0x0000000008003b38       0xac ./Drivers/STM32F1xx_HAL_Driver/Src/stm32f1xx_hal_i2c.o
 .text.I2C_IsAcknowledgeFailed
                0x0000000008003be4       0x5c ./Drivers/STM32F1xx_HAL_Driver/Src/stm32f1xx_hal_i2c.o
 .text.HAL_RCC_OscConfig
                0x0000000008003c40      0x504 ./Drivers/STM32F1xx_HAL_Driver/Src/stm32f1xx_hal_rcc.o
                0x0000000008003c40                HAL_RCC_OscConfig
 .text.HAL_RCC_ClockConfig
                0x0000000008004144      0x1d4 ./Drivers/STM32F1xx_HAL_Driver/Src/stm32f1xx_hal_rcc.o
                0x0000000008004144                HAL_RCC_ClockConfig
 .text.HAL_RCC_GetSysClockFreq
                0x0000000008004318       0xbc ./Drivers/STM32F1xx_HAL_Driver/Src/stm32f1xx_hal_rcc.o
                0x0000000008004318                HAL_RCC_GetSysClockFreq
 .text.HAL_RCC_GetHCLKFreq
                0x00000000080043d4       0x14 ./Drivers/STM32F1xx_HAL_Driver/Src/stm32f1xx_hal_rcc.o
                0x00000000080043d4                HAL_RCC_GetHCLKFreq
 .text.HAL_RCC_GetPCLK1Freq
                0x00000000080043e8       0x28 ./Drivers/STM32F1xx_HAL_Driver/Src/stm32f1xx_hal_rcc.o
                0x00000000080043e8                HAL_RCC_GetPCLK1Freq
 .text.HAL_RCC_GetPCLK2Freq
                0x0000000008004410       0x28 ./Drivers/STM32F1xx_HAL_Driver/Src/stm32f1xx_hal_rcc.o
                0x0000000008004410                HAL_RCC_GetPCLK2Freq
 .text.RCC_Delay
                0x0000000008004438       0x3c ./Drivers/STM32F1xx_HAL_Driver/Src/stm32f1xx_hal_rcc.o
 .text.HAL_TIM_Base_Init
                0x0000000008004474       0x9e ./Drivers/STM32F1xx_HAL_Driver/Src/stm32f1xx_hal_tim.o
                0x0000000008004474                HAL_TIM_Base_Init
 *fill*         0x0000000008004512        0x2 
 .text.HAL_TIM_Base_Start_IT
                0x0000000008004514       0xa4 ./Drivers/STM32F1xx_HAL_Driver/Src/stm32f1xx_hal_tim.o
                0x0000000008004514                HAL_TIM_Base_Start_IT
 .text.HAL_TIM_Base_Stop_IT
                0x00000000080045b8       0x5c ./Drivers/STM32F1xx_HAL_Driver/Src/stm32f1xx_hal_tim.o
                0x00000000080045b8                HAL_TIM_Base_Stop_IT
 .text.HAL_TIM_PWM_Init
                0x0000000008004614       0x9e ./Drivers/STM32F1xx_HAL_Driver/Src/stm32f1xx_hal_tim.o
                0x0000000008004614                HAL_TIM_PWM_Init
 .text.HAL_TIM_PWM_MspInit
                0x00000000080046b2       0x12 ./Drivers/STM32F1xx_HAL_Driver/Src/stm32f1xx_hal_tim.o
                0x00000000080046b2                HAL_TIM_PWM_MspInit
 .text.HAL_TIM_PWM_Start
                0x00000000080046c4      0x144 ./Drivers/STM32F1xx_HAL_Driver/Src/stm32f1xx_hal_tim.o
                0x00000000080046c4                HAL_TIM_PWM_Start
 .text.HAL_TIM_IRQHandler
                0x0000000008004808      0x210 ./Drivers/STM32F1xx_HAL_Driver/Src/stm32f1xx_hal_tim.o
                0x0000000008004808                HAL_TIM_IRQHandler
 .text.HAL_TIM_PWM_ConfigChannel
                0x0000000008004a18      0x17c ./Drivers/STM32F1xx_HAL_Driver/Src/stm32f1xx_hal_tim.o
                0x0000000008004a18                HAL_TIM_PWM_ConfigChannel
 .text.HAL_TIM_ConfigClockSource
                0x0000000008004b94      0x188 ./Drivers/STM32F1xx_HAL_Driver/Src/stm32f1xx_hal_tim.o
                0x0000000008004b94                HAL_TIM_ConfigClockSource
 .text.HAL_TIM_OC_DelayElapsedCallback
                0x0000000008004d1c       0x12 ./Drivers/STM32F1xx_HAL_Driver/Src/stm32f1xx_hal_tim.o
                0x0000000008004d1c                HAL_TIM_OC_DelayElapsedCallback
 .text.HAL_TIM_IC_CaptureCallback
                0x0000000008004d2e       0x12 ./Drivers/STM32F1xx_HAL_Driver/Src/stm32f1xx_hal_tim.o
                0x0000000008004d2e                HAL_TIM_IC_CaptureCallback
 .text.HAL_TIM_PWM_PulseFinishedCallback
                0x0000000008004d40       0x12 ./Drivers/STM32F1xx_HAL_Driver/Src/stm32f1xx_hal_tim.o
                0x0000000008004d40                HAL_TIM_PWM_PulseFinishedCallback
 .text.HAL_TIM_TriggerCallback
                0x0000000008004d52       0x12 ./Drivers/STM32F1xx_HAL_Driver/Src/stm32f1xx_hal_tim.o
                0x0000000008004d52                HAL_TIM_TriggerCallback
 .text.TIM_Base_SetConfig
                0x0000000008004d64       0xc4 ./Drivers/STM32F1xx_HAL_Driver/Src/stm32f1xx_hal_tim.o
                0x0000000008004d64                TIM_Base_SetConfig
 .text.TIM_OC1_SetConfig
                0x0000000008004e28       0xcc ./Drivers/STM32F1xx_HAL_Driver/Src/stm32f1xx_hal_tim.o
 .text.TIM_OC2_SetConfig
                0x0000000008004ef4       0xd4 ./Drivers/STM32F1xx_HAL_Driver/Src/stm32f1xx_hal_tim.o
                0x0000000008004ef4                TIM_OC2_SetConfig
 .text.TIM_OC3_SetConfig
                0x0000000008004fc8       0xd4 ./Drivers/STM32F1xx_HAL_Driver/Src/stm32f1xx_hal_tim.o
 .text.TIM_OC4_SetConfig
                0x000000000800509c       0x9c ./Drivers/STM32F1xx_HAL_Driver/Src/stm32f1xx_hal_tim.o
 .text.TIM_TI1_ConfigInputStage
                0x0000000008005138       0x5c ./Drivers/STM32F1xx_HAL_Driver/Src/stm32f1xx_hal_tim.o
 .text.TIM_TI2_ConfigInputStage
                0x0000000008005194       0x5e ./Drivers/STM32F1xx_HAL_Driver/Src/stm32f1xx_hal_tim.o
 .text.TIM_ITRx_SetConfig
                0x00000000080051f2       0x34 ./Drivers/STM32F1xx_HAL_Driver/Src/stm32f1xx_hal_tim.o
 .text.TIM_ETR_SetConfig
                0x0000000008005226       0x3e ./Drivers/STM32F1xx_HAL_Driver/Src/stm32f1xx_hal_tim.o
                0x0000000008005226                TIM_ETR_SetConfig
 .text.TIM_CCxChannelCmd
                0x0000000008005264       0x48 ./Drivers/STM32F1xx_HAL_Driver/Src/stm32f1xx_hal_tim.o
                0x0000000008005264                TIM_CCxChannelCmd
 .text.HAL_TIMEx_MasterConfigSynchronization
                0x00000000080052ac       0xbc ./Drivers/STM32F1xx_HAL_Driver/Src/stm32f1xx_hal_tim_ex.o
                0x00000000080052ac                HAL_TIMEx_MasterConfigSynchronization
 .text.HAL_TIMEx_ConfigBreakDeadTime
                0x0000000008005368       0xa2 ./Drivers/STM32F1xx_HAL_Driver/Src/stm32f1xx_hal_tim_ex.o
                0x0000000008005368                HAL_TIMEx_ConfigBreakDeadTime
 .text.HAL_TIMEx_CommutCallback
                0x000000000800540a       0x12 ./Drivers/STM32F1xx_HAL_Driver/Src/stm32f1xx_hal_tim_ex.o
                0x000000000800540a                HAL_TIMEx_CommutCallback
 .text.HAL_TIMEx_BreakCallback
                0x000000000800541c       0x12 ./Drivers/STM32F1xx_HAL_Driver/Src/stm32f1xx_hal_tim_ex.o
                0x000000000800541c                HAL_TIMEx_BreakCallback
 .text.HAL_UART_Init
                0x000000000800542e       0x9a ./Drivers/STM32F1xx_HAL_Driver/Src/stm32f1xx_hal_uart.o
                0x000000000800542e                HAL_UART_Init
 .text.HAL_UART_Transmit
                0x00000000080054c8      0x124 ./Drivers/STM32F1xx_HAL_Driver/Src/stm32f1xx_hal_uart.o
                0x00000000080054c8                HAL_UART_Transmit
 .text.HAL_UART_Receive_IT
                0x00000000080055ec       0x60 ./Drivers/STM32F1xx_HAL_Driver/Src/stm32f1xx_hal_uart.o
                0x00000000080055ec                HAL_UART_Receive_IT
 .text.HAL_UART_IRQHandler
                0x000000000800564c      0x354 ./Drivers/STM32F1xx_HAL_Driver/Src/stm32f1xx_hal_uart.o
                0x000000000800564c                HAL_UART_IRQHandler
 .text.HAL_UART_TxCpltCallback
                0x00000000080059a0       0x12 ./Drivers/STM32F1xx_HAL_Driver/Src/stm32f1xx_hal_uart.o
                0x00000000080059a0                HAL_UART_TxCpltCallback
 .text.HAL_UART_ErrorCallback
                0x00000000080059b2       0x12 ./Drivers/STM32F1xx_HAL_Driver/Src/stm32f1xx_hal_uart.o
                0x00000000080059b2                HAL_UART_ErrorCallback
 .text.HAL_UARTEx_RxEventCallback
                0x00000000080059c4       0x16 ./Drivers/STM32F1xx_HAL_Driver/Src/stm32f1xx_hal_uart.o
                0x00000000080059c4                HAL_UARTEx_RxEventCallback
 .text.UART_WaitOnFlagUntilTimeout
                0x00000000080059da       0x94 ./Drivers/STM32F1xx_HAL_Driver/Src/stm32f1xx_hal_uart.o
 .text.UART_Start_Receive_IT
                0x0000000008005a6e       0x72 ./Drivers/STM32F1xx_HAL_Driver/Src/stm32f1xx_hal_uart.o
                0x0000000008005a6e                UART_Start_Receive_IT
 .text.UART_EndRxTransfer
                0x0000000008005ae0       0x58 ./Drivers/STM32F1xx_HAL_Driver/Src/stm32f1xx_hal_uart.o
 .text.UART_DMAAbortOnError
                0x0000000008005b38       0x28 ./Drivers/STM32F1xx_HAL_Driver/Src/stm32f1xx_hal_uart.o
 .text.UART_Transmit_IT
                0x0000000008005b60       0x9e ./Drivers/STM32F1xx_HAL_Driver/Src/stm32f1xx_hal_uart.o
 .text.UART_EndTransmit_IT
                0x0000000008005bfe       0x30 ./Drivers/STM32F1xx_HAL_Driver/Src/stm32f1xx_hal_uart.o
 .text.UART_Receive_IT
                0x0000000008005c2e      0x152 ./Drivers/STM32F1xx_HAL_Driver/Src/stm32f1xx_hal_uart.o
 .text.UART_SetConfig
                0x0000000008005d80      0x11c ./Drivers/STM32F1xx_HAL_Driver/Src/stm32f1xx_hal_uart.o
 .text.__libc_init_array
                0x0000000008005e9c       0x48 c:/st/stm32cubeide_1.9.0/stm32cubeide/plugins/com.st.stm32cube.ide.mcu.externaltools.gnu-tools-for-stm32.10.3-2021.10.win32_1.0.0.202111181127/tools/bin/../lib/gcc/arm-none-eabi/10.3.1/../../../../arm-none-eabi/lib/thumb/v7-m/nofp\libc_nano.a(lib_a-init.o)
                0x0000000008005e9c                __libc_init_array
 .text.memset   0x0000000008005ee4       0x10 c:/st/stm32cubeide_1.9.0/stm32cubeide/plugins/com.st.stm32cube.ide.mcu.externaltools.gnu-tools-for-stm32.10.3-2021.10.win32_1.0.0.202111181127/tools/bin/../lib/gcc/arm-none-eabi/10.3.1/../../../../arm-none-eabi/lib/thumb/v7-m/nofp\libc_nano.a(lib_a-memset.o)
                0x0000000008005ee4                memset
 *(.glue_7)
 .glue_7        0x0000000008005ef4        0x0 linker stubs
 *(.glue_7t)
 .glue_7t       0x0000000008005ef4        0x0 linker stubs
 *(.eh_frame)
 .eh_frame      0x0000000008005ef4        0x0 c:/st/stm32cubeide_1.9.0/stm32cubeide/plugins/com.st.stm32cube.ide.mcu.externaltools.gnu-tools-for-stm32.10.3-2021.10.win32_1.0.0.202111181127/tools/bin/../lib/gcc/arm-none-eabi/10.3.1/thumb/v7-m/nofp/crtbegin.o
 *(.init)
 .init          0x0000000008005ef4        0x4 c:/st/stm32cubeide_1.9.0/stm32cubeide/plugins/com.st.stm32cube.ide.mcu.externaltools.gnu-tools-for-stm32.10.3-2021.10.win32_1.0.0.202111181127/tools/bin/../lib/gcc/arm-none-eabi/10.3.1/thumb/v7-m/nofp/crti.o
                0x0000000008005ef4                _init
 .init          0x0000000008005ef8        0x8 c:/st/stm32cubeide_1.9.0/stm32cubeide/plugins/com.st.stm32cube.ide.mcu.externaltools.gnu-tools-for-stm32.10.3-2021.10.win32_1.0.0.202111181127/tools/bin/../lib/gcc/arm-none-eabi/10.3.1/thumb/v7-m/nofp/crtn.o
 *(.fini)
 .fini          0x0000000008005f00        0x4 c:/st/stm32cubeide_1.9.0/stm32cubeide/plugins/com.st.stm32cube.ide.mcu.externaltools.gnu-tools-for-stm32.10.3-2021.10.win32_1.0.0.202111181127/tools/bin/../lib/gcc/arm-none-eabi/10.3.1/thumb/v7-m/nofp/crti.o
                0x0000000008005f00                _fini
 .fini          0x0000000008005f04        0x8 c:/st/stm32cubeide_1.9.0/stm32cubeide/plugins/com.st.stm32cube.ide.mcu.externaltools.gnu-tools-for-stm32.10.3-2021.10.win32_1.0.0.202111181127/tools/bin/../lib/gcc/arm-none-eabi/10.3.1/thumb/v7-m/nofp/crtn.o
                0x0000000008005f0c                . = ALIGN (0x4)
                0x0000000008005f0c                _etext = .

.vfp11_veneer   0x0000000008005f0c        0x0
 .vfp11_veneer  0x0000000008005f0c        0x0 linker stubs

.v4_bx          0x0000000008005f0c        0x0
 .v4_bx         0x0000000008005f0c        0x0 linker stubs

.iplt           0x0000000008005f0c        0x0
 .iplt          0x0000000008005f0c        0x0 c:/st/stm32cubeide_1.9.0/stm32cubeide/plugins/com.st.stm32cube.ide.mcu.externaltools.gnu-tools-for-stm32.10.3-2021.10.win32_1.0.0.202111181127/tools/bin/../lib/gcc/arm-none-eabi/10.3.1/thumb/v7-m/nofp/crtbegin.o

.rodata         0x0000000008005f0c       0x80
                0x0000000008005f0c                . = ALIGN (0x4)
 *(.rodata)
 .rodata        0x0000000008005f0c       0x57 ./Core/Src/main.o
 *fill*         0x0000000008005f63        0x1 
 .rodata        0x0000000008005f64       0x10 ./Drivers/STM32F1xx_HAL_Driver/Src/stm32f1xx_hal_rcc.o
 *(.rodata*)
 .rodata.AHBPrescTable
                0x0000000008005f74       0x10 ./Core/Src/system_stm32f1xx.o
                0x0000000008005f74                AHBPrescTable
 .rodata.APBPrescTable
                0x0000000008005f84        0x8 ./Core/Src/system_stm32f1xx.o
                0x0000000008005f84                APBPrescTable
                0x0000000008005f8c                . = ALIGN (0x4)

.rel.dyn        0x0000000008005f8c        0x0
 .rel.iplt      0x0000000008005f8c        0x0 c:/st/stm32cubeide_1.9.0/stm32cubeide/plugins/com.st.stm32cube.ide.mcu.externaltools.gnu-tools-for-stm32.10.3-2021.10.win32_1.0.0.202111181127/tools/bin/../lib/gcc/arm-none-eabi/10.3.1/thumb/v7-m/nofp/crtbegin.o

.ARM.extab      0x0000000008005f8c        0x0
                0x0000000008005f8c                . = ALIGN (0x4)
 *(.ARM.extab* .gnu.linkonce.armextab.*)
                0x0000000008005f8c                . = ALIGN (0x4)

.ARM            0x0000000008005f8c        0x0
                0x0000000008005f8c                . = ALIGN (0x4)
                0x0000000008005f8c                __exidx_start = .
 *(.ARM.exidx*)
                0x0000000008005f8c                __exidx_end = .
                0x0000000008005f8c                . = ALIGN (0x4)

.preinit_array  0x0000000008005f8c        0x0
                0x0000000008005f8c                . = ALIGN (0x4)
                0x0000000008005f8c                PROVIDE (__preinit_array_start = .)
 *(.preinit_array*)
                0x0000000008005f8c                PROVIDE (__preinit_array_end = .)
                0x0000000008005f8c                . = ALIGN (0x4)

.init_array     0x0000000008005f8c        0x4
                0x0000000008005f8c                . = ALIGN (0x4)
                0x0000000008005f8c                PROVIDE (__init_array_start = .)
 *(SORT_BY_NAME(.init_array.*))
 *(.init_array*)
 .init_array    0x0000000008005f8c        0x4 c:/st/stm32cubeide_1.9.0/stm32cubeide/plugins/com.st.stm32cube.ide.mcu.externaltools.gnu-tools-for-stm32.10.3-2021.10.win32_1.0.0.202111181127/tools/bin/../lib/gcc/arm-none-eabi/10.3.1/thumb/v7-m/nofp/crtbegin.o
                0x0000000008005f90                PROVIDE (__init_array_end = .)
                0x0000000008005f90                . = ALIGN (0x4)

.fini_array     0x0000000008005f90        0x4
                0x0000000008005f90                . = ALIGN (0x4)
                [!provide]                        PROVIDE (__fini_array_start = .)
 *(SORT_BY_NAME(.fini_array.*))
 *(.fini_array*)
 .fini_array    0x0000000008005f90        0x4 c:/st/stm32cubeide_1.9.0/stm32cubeide/plugins/com.st.stm32cube.ide.mcu.externaltools.gnu-tools-for-stm32.10.3-2021.10.win32_1.0.0.202111181127/tools/bin/../lib/gcc/arm-none-eabi/10.3.1/thumb/v7-m/nofp/crtbegin.o
                [!provide]                        PROVIDE (__fini_array_end = .)
                0x0000000008005f94                . = ALIGN (0x4)
                0x0000000008005f94                _sidata = LOADADDR (.data)

.data           0x0000000020000000       0x7c load address 0x0000000008005f94
                0x0000000020000000                . = ALIGN (0x4)
                0x0000000020000000                _sdata = .
 *(.data)
 *(.data*)
 .data.DIMMER_COUNT
                0x0000000020000000        0x4 ./Core/Src/main.o
                0x0000000020000000                DIMMER_COUNT
 .data.MIN_PWM  0x0000000020000004        0x1 ./Core/Src/main.o
                0x0000000020000004                MIN_PWM
 .data.MAX_PWM  0x0000000020000005        0x1 ./Core/Src/main.o
                0x0000000020000005                MAX_PWM
 *fill*         0x0000000020000006        0x2 
 .data.PID      0x0000000020000008       0x32 ./Core/Src/main.o
                0x0000000020000008                PID
 *fill*         0x000000002000003a        0x2 
 .data.Work_Mode
                0x000000002000003c        0x7 ./Core/Src/main.o
                0x000000002000003c                Work_Mode
 *fill*         0x0000000020000043        0x1 
 .data.WiFi_Status
                0x0000000020000044        0x7 ./Core/Src/main.o
                0x0000000020000044                WiFi_Status
 *fill*         0x000000002000004b        0x1 
 .data.Longpress_Tx_Buff
                0x000000002000004c        0xa ./Core/Src/main.o
                0x000000002000004c                Longpress_Tx_Buff
 *fill*         0x0000000020000056        0x2 
 .data.Hbt      0x0000000020000058        0x8 ./Core/Src/main.o
                0x0000000020000058                Hbt
 .data.Hbt1     0x0000000020000060        0x8 ./Core/Src/main.o
                0x0000000020000060                Hbt1
 .data.input_end
                0x0000000020000068        0x1 ./Core/Src/main.o
                0x0000000020000068                input_end
 *fill*         0x0000000020000069        0x3 
 .data.output_end
                0x000000002000006c        0x4 ./Core/Src/main.o
                0x000000002000006c                output_end
 .data.SystemCoreClock
                0x0000000020000070        0x4 ./Core/Src/system_stm32f1xx.o
                0x0000000020000070                SystemCoreClock
 .data.uwTickPrio
                0x0000000020000074        0x4 ./Drivers/STM32F1xx_HAL_Driver/Src/stm32f1xx_hal.o
                0x0000000020000074                uwTickPrio
 .data.uwTickFreq
                0x0000000020000078        0x1 ./Drivers/STM32F1xx_HAL_Driver/Src/stm32f1xx_hal.o
                0x0000000020000078                uwTickFreq
 *(.RamFunc)
 *(.RamFunc*)
                0x000000002000007c                . = ALIGN (0x4)
 *fill*         0x0000000020000079        0x3 
                0x000000002000007c                _edata = .

.igot.plt       0x000000002000007c        0x0 load address 0x0000000008006010
 .igot.plt      0x000000002000007c        0x0 c:/st/stm32cubeide_1.9.0/stm32cubeide/plugins/com.st.stm32cube.ide.mcu.externaltools.gnu-tools-for-stm32.10.3-2021.10.win32_1.0.0.202111181127/tools/bin/../lib/gcc/arm-none-eabi/10.3.1/thumb/v7-m/nofp/crtbegin.o
                0x000000002000007c                . = ALIGN (0x4)

.bss            0x000000002000007c      0x384 load address 0x0000000008006010
                0x000000002000007c                _sbss = .
                0x000000002000007c                __bss_start__ = _sbss
 *(.bss)
 .bss           0x000000002000007c       0x1c c:/st/stm32cubeide_1.9.0/stm32cubeide/plugins/com.st.stm32cube.ide.mcu.externaltools.gnu-tools-for-stm32.10.3-2021.10.win32_1.0.0.202111181127/tools/bin/../lib/gcc/arm-none-eabi/10.3.1/thumb/v7-m/nofp/crtbegin.o
 *(.bss*)
 .bss.hi2c1     0x0000000020000098       0x54 ./Core/Src/i2c.o
                0x0000000020000098                hi2c1
 .bss.Touch_Flag
                0x00000000200000ec        0x9 ./Core/Src/main.o
                0x00000000200000ec                Touch_Flag
 .bss.DIMMER_FLAG
                0x00000000200000f5        0x1 ./Core/Src/main.o
                0x00000000200000f5                DIMMER_FLAG
 .bss.wrI       0x00000000200000f6        0x1 ./Core/Src/main.o
                0x00000000200000f6                wrI
 .bss.rdI       0x00000000200000f7        0x1 ./Core/Src/main.o
                0x00000000200000f7                rdI
 .bss.Count     0x00000000200000f8        0x1 ./Core/Src/main.o
                0x00000000200000f8                Count
 *fill*         0x00000000200000f9        0x3 
 .bss.Cyclic_Buffer
                0x00000000200000fc      0x100 ./Core/Src/main.o
                0x00000000200000fc                Cyclic_Buffer
 .bss.Rx_First_byte
                0x00000000200001fc        0x1 ./Core/Src/main.o
                0x00000000200001fc                Rx_First_byte
 .bss.Rx_Second_byte
                0x00000000200001fd        0x1 ./Core/Src/main.o
                0x00000000200001fd                Rx_Second_byte
 *fill*         0x00000000200001fe        0x2 
 .bss.RX_Data   0x0000000020000200       0x64 ./Core/Src/main.o
                0x0000000020000200                RX_Data
 .bss.RX_data_Count
                0x0000000020000264        0x1 ./Core/Src/main.o
                0x0000000020000264                RX_data_Count
 .bss.RX_Buffer
                0x0000000020000265        0x1 ./Core/Src/main.o
                0x0000000020000265                RX_Buffer
 .bss.RX_data_length
                0x0000000020000266        0x1 ./Core/Src/main.o
                0x0000000020000266                RX_data_length
 .bss.RX_Data_Start_Flag
                0x0000000020000267        0x1 ./Core/Src/main.o
                0x0000000020000267                RX_Data_Start_Flag
 .bss.RX_Complete_flag
                0x0000000020000268        0x1 ./Core/Src/main.o
                0x0000000020000268                RX_Complete_flag
 .bss.Rx_CNT    0x0000000020000269        0x1 ./Core/Src/main.o
                0x0000000020000269                Rx_CNT
 *fill*         0x000000002000026a        0x2 
 .bss.timer_val
                0x000000002000026c        0x4 ./Core/Src/main.o
                0x000000002000026c                timer_val
 .bss.Tuya_Heart_Flag
                0x0000000020000270        0x1 ./Core/Src/main.o
                0x0000000020000270                Tuya_Heart_Flag
 .bss.Tuya_Reset_Flag
                0x0000000020000271        0x1 ./Core/Src/main.o
                0x0000000020000271                Tuya_Reset_Flag
 *fill*         0x0000000020000272        0x2 
 .bss.Tuya_Start_Time
                0x0000000020000274        0x4 ./Core/Src/main.o
                0x0000000020000274                Tuya_Start_Time
 .bss.Tuya_flag
                0x0000000020000278        0x1 ./Core/Src/main.o
                0x0000000020000278                Tuya_flag
 .bss.Idication_Flag
                0x0000000020000279        0x1 ./Core/Src/main.o
                0x0000000020000279                Idication_Flag
 .bss.Idication_Control_Flag
                0x000000002000027a        0x1 ./Core/Src/main.o
                0x000000002000027a                Idication_Control_Flag
 .bss.Temp_var  0x000000002000027b        0x1 ./Core/Src/main.o
                0x000000002000027b                Temp_var
 .bss.a         0x000000002000027c        0x1 ./Core/Src/main.o
                0x000000002000027c                a
 .bss.input_start
                0x000000002000027d        0x1 ./Core/Src/main.o
                0x000000002000027d                input_start
 .bss.output_start
                0x000000002000027e        0x1 ./Core/Src/main.o
                0x000000002000027e                output_start
 *fill*         0x000000002000027f        0x1 
 .bss.DIMMER_COUNTER
                0x0000000020000280        0x4 ./Core/Src/main.o
                0x0000000020000280                DIMMER_COUNTER
 .bss.Start_Time.6
                0x0000000020000284        0x4 ./Core/Src/main.o
 .bss.long_press.5
                0x0000000020000288        0x1 ./Core/Src/main.o
 .bss.long_press.4
                0x0000000020000289        0x1 ./Core/Src/main.o
 *fill*         0x000000002000028a        0x2 
 .bss.Start_Time.3
                0x000000002000028c        0x4 ./Core/Src/main.o
 .bss.Indication_Start_Time.2
                0x0000000020000290        0x4 ./Core/Src/main.o
 .bss.Breath.1  0x0000000020000294        0x1 ./Core/Src/main.o
 .bss.Breath_Flag.0
                0x0000000020000295        0x1 ./Core/Src/main.o
 *fill*         0x0000000020000296        0x2 
 .bss.htim1     0x0000000020000298       0x48 ./Core/Src/tim.o
                0x0000000020000298                htim1
 .bss.htim2     0x00000000200002e0       0x48 ./Core/Src/tim.o
                0x00000000200002e0                htim2
 .bss.htim3     0x0000000020000328       0x48 ./Core/Src/tim.o
                0x0000000020000328                htim3
 .bss.htim4     0x0000000020000370       0x48 ./Core/Src/tim.o
                0x0000000020000370                htim4
 .bss.huart2    0x00000000200003b8       0x44 ./Core/Src/usart.o
                0x00000000200003b8                huart2
 .bss.uwTick    0x00000000200003fc        0x4 ./Drivers/STM32F1xx_HAL_Driver/Src/stm32f1xx_hal.o
                0x00000000200003fc                uwTick
 *(COMMON)
                0x0000000020000400                . = ALIGN (0x4)
                0x0000000020000400                _ebss = .
                0x0000000020000400                __bss_end__ = _ebss

._user_heap_stack
                0x0000000020000400      0x600 load address 0x0000000008006010
                0x0000000020000400                . = ALIGN (0x8)
                [!provide]                        PROVIDE (end = .)
                0x0000000020000400                PROVIDE (_end = .)
                0x0000000020000600                . = (. + _Min_Heap_Size)
 *fill*         0x0000000020000400      0x200 
                0x0000000020000a00                . = (. + _Min_Stack_Size)
 *fill*         0x0000000020000600      0x400 
                0x0000000020000a00                . = ALIGN (0x8)

/DISCARD/
 libc.a(*)
 libm.a(*)
 libgcc.a(*)

.ARM.attributes
                0x0000000000000000       0x29
 *(.ARM.attributes)
 .ARM.attributes
                0x0000000000000000       0x1d c:/st/stm32cubeide_1.9.0/stm32cubeide/plugins/com.st.stm32cube.ide.mcu.externaltools.gnu-tools-for-stm32.10.3-2021.10.win32_1.0.0.202111181127/tools/bin/../lib/gcc/arm-none-eabi/10.3.1/thumb/v7-m/nofp/crti.o
 .ARM.attributes
                0x000000000000001d       0x2d c:/st/stm32cubeide_1.9.0/stm32cubeide/plugins/com.st.stm32cube.ide.mcu.externaltools.gnu-tools-for-stm32.10.3-2021.10.win32_1.0.0.202111181127/tools/bin/../lib/gcc/arm-none-eabi/10.3.1/thumb/v7-m/nofp/crtbegin.o
 .ARM.attributes
                0x000000000000004a       0x2d ./Core/Src/gpio.o
 .ARM.attributes
                0x0000000000000077       0x2d ./Core/Src/i2c.o
 .ARM.attributes
                0x00000000000000a4       0x2d ./Core/Src/main.o
 .ARM.attributes
                0x00000000000000d1       0x2d ./Core/Src/stm32f1xx_hal_msp.o
 .ARM.attributes
                0x00000000000000fe       0x2d ./Core/Src/stm32f1xx_it.o
 .ARM.attributes
                0x000000000000012b       0x2d ./Core/Src/system_stm32f1xx.o
 .ARM.attributes
                0x0000000000000158       0x2d ./Core/Src/tim.o
 .ARM.attributes
                0x0000000000000185       0x2d ./Core/Src/usart.o
 .ARM.attributes
                0x00000000000001b2       0x21 ./Core/Startup/startup_stm32f103v8tx.o
 .ARM.attributes
                0x00000000000001d3       0x2d ./Drivers/STM32F1xx_HAL_Driver/Src/stm32f1xx_hal.o
 .ARM.attributes
                0x0000000000000200       0x2d ./Drivers/STM32F1xx_HAL_Driver/Src/stm32f1xx_hal_cortex.o
 .ARM.attributes
                0x000000000000022d       0x2d ./Drivers/STM32F1xx_HAL_Driver/Src/stm32f1xx_hal_dma.o
 .ARM.attributes
                0x000000000000025a       0x2d ./Drivers/STM32F1xx_HAL_Driver/Src/stm32f1xx_hal_gpio.o
 .ARM.attributes
                0x0000000000000287       0x2d ./Drivers/STM32F1xx_HAL_Driver/Src/stm32f1xx_hal_i2c.o
 .ARM.attributes
                0x00000000000002b4       0x2d ./Drivers/STM32F1xx_HAL_Driver/Src/stm32f1xx_hal_rcc.o
 .ARM.attributes
                0x00000000000002e1       0x2d ./Drivers/STM32F1xx_HAL_Driver/Src/stm32f1xx_hal_tim.o
 .ARM.attributes
                0x000000000000030e       0x2d ./Drivers/STM32F1xx_HAL_Driver/Src/stm32f1xx_hal_tim_ex.o
 .ARM.attributes
                0x000000000000033b       0x2d ./Drivers/STM32F1xx_HAL_Driver/Src/stm32f1xx_hal_uart.o
 .ARM.attributes
                0x0000000000000368       0x2d c:/st/stm32cubeide_1.9.0/stm32cubeide/plugins/com.st.stm32cube.ide.mcu.externaltools.gnu-tools-for-stm32.10.3-2021.10.win32_1.0.0.202111181127/tools/bin/../lib/gcc/arm-none-eabi/10.3.1/../../../../arm-none-eabi/lib/thumb/v7-m/nofp\libc_nano.a(lib_a-init.o)
 .ARM.attributes
                0x0000000000000395       0x2d c:/st/stm32cubeide_1.9.0/stm32cubeide/plugins/com.st.stm32cube.ide.mcu.externaltools.gnu-tools-for-stm32.10.3-2021.10.win32_1.0.0.202111181127/tools/bin/../lib/gcc/arm-none-eabi/10.3.1/../../../../arm-none-eabi/lib/thumb/v7-m/nofp\libc_nano.a(lib_a-memset.o)
 .ARM.attributes
                0x00000000000003c2       0x1d c:/st/stm32cubeide_1.9.0/stm32cubeide/plugins/com.st.stm32cube.ide.mcu.externaltools.gnu-tools-for-stm32.10.3-2021.10.win32_1.0.0.202111181127/tools/bin/../lib/gcc/arm-none-eabi/10.3.1/thumb/v7-m/nofp/crtn.o
OUTPUT(FINAL_CONFIGURATION_DIMMER.elf elf32-littlearm)
LOAD linker stubs
LOAD c:/st/stm32cubeide_1.9.0/stm32cubeide/plugins/com.st.stm32cube.ide.mcu.externaltools.gnu-tools-for-stm32.10.3-2021.10.win32_1.0.0.202111181127/tools/bin/../lib/gcc/arm-none-eabi/10.3.1/../../../../arm-none-eabi/lib/thumb/v7-m/nofp\libc.a
LOAD c:/st/stm32cubeide_1.9.0/stm32cubeide/plugins/com.st.stm32cube.ide.mcu.externaltools.gnu-tools-for-stm32.10.3-2021.10.win32_1.0.0.202111181127/tools/bin/../lib/gcc/arm-none-eabi/10.3.1/../../../../arm-none-eabi/lib/thumb/v7-m/nofp\libm.a
LOAD c:/st/stm32cubeide_1.9.0/stm32cubeide/plugins/com.st.stm32cube.ide.mcu.externaltools.gnu-tools-for-stm32.10.3-2021.10.win32_1.0.0.202111181127/tools/bin/../lib/gcc/arm-none-eabi/10.3.1/thumb/v7-m/nofp\libgcc.a

.debug_info     0x0000000000000000     0xf111
 .debug_info    0x0000000000000000      0x4ab ./Core/Src/gpio.o
 .debug_info    0x00000000000004ab      0x85b ./Core/Src/i2c.o
 .debug_info    0x0000000000000d06     0x18a1 ./Core/Src/main.o
 .debug_info    0x00000000000025a7      0x210 ./Core/Src/stm32f1xx_hal_msp.o
 .debug_info    0x00000000000027b7      0x9ad ./Core/Src/stm32f1xx_it.o
 .debug_info    0x0000000000003164      0x23d ./Core/Src/system_stm32f1xx.o
 .debug_info    0x00000000000033a1      0xf41 ./Core/Src/tim.o
 .debug_info    0x00000000000042e2      0xa08 ./Core/Src/usart.o
 .debug_info    0x0000000000004cea       0x22 ./Core/Startup/startup_stm32f103v8tx.o
 .debug_info    0x0000000000004d0c      0x734 ./Drivers/STM32F1xx_HAL_Driver/Src/stm32f1xx_hal.o
 .debug_info    0x0000000000005440      0xb20 ./Drivers/STM32F1xx_HAL_Driver/Src/stm32f1xx_hal_cortex.o
 .debug_info    0x0000000000005f60      0x73f ./Drivers/STM32F1xx_HAL_Driver/Src/stm32f1xx_hal_dma.o
 .debug_info    0x000000000000669f      0x615 ./Drivers/STM32F1xx_HAL_Driver/Src/stm32f1xx_hal_gpio.o
 .debug_info    0x0000000000006cb4     0x2734 ./Drivers/STM32F1xx_HAL_Driver/Src/stm32f1xx_hal_i2c.o
 .debug_info    0x00000000000093e8      0x860 ./Drivers/STM32F1xx_HAL_Driver/Src/stm32f1xx_hal_rcc.o
 .debug_info    0x0000000000009c48     0x29de ./Drivers/STM32F1xx_HAL_Driver/Src/stm32f1xx_hal_tim.o
 .debug_info    0x000000000000c626     0x1513 ./Drivers/STM32F1xx_HAL_Driver/Src/stm32f1xx_hal_tim_ex.o
 .debug_info    0x000000000000db39     0x15d8 ./Drivers/STM32F1xx_HAL_Driver/Src/stm32f1xx_hal_uart.o

.debug_abbrev   0x0000000000000000     0x2333
 .debug_abbrev  0x0000000000000000      0x152 ./Core/Src/gpio.o
 .debug_abbrev  0x0000000000000152      0x1ce ./Core/Src/i2c.o
 .debug_abbrev  0x0000000000000320      0x2fb ./Core/Src/main.o
 .debug_abbrev  0x000000000000061b       0xd4 ./Core/Src/stm32f1xx_hal_msp.o
 .debug_abbrev  0x00000000000006ef      0x199 ./Core/Src/stm32f1xx_it.o
 .debug_abbrev  0x0000000000000888      0x13b ./Core/Src/system_stm32f1xx.o
 .debug_abbrev  0x00000000000009c3      0x255 ./Core/Src/tim.o
 .debug_abbrev  0x0000000000000c18      0x1fe ./Core/Src/usart.o
 .debug_abbrev  0x0000000000000e16       0x12 ./Core/Startup/startup_stm32f103v8tx.o
 .debug_abbrev  0x0000000000000e28      0x1fb ./Drivers/STM32F1xx_HAL_Driver/Src/stm32f1xx_hal.o
 .debug_abbrev  0x0000000000001023      0x2ed ./Drivers/STM32F1xx_HAL_Driver/Src/stm32f1xx_hal_cortex.o
 .debug_abbrev  0x0000000000001310      0x1fe ./Drivers/STM32F1xx_HAL_Driver/Src/stm32f1xx_hal_dma.o
 .debug_abbrev  0x000000000000150e      0x1bb ./Drivers/STM32F1xx_HAL_Driver/Src/stm32f1xx_hal_gpio.o
 .debug_abbrev  0x00000000000016c9      0x288 ./Drivers/STM32F1xx_HAL_Driver/Src/stm32f1xx_hal_i2c.o
 .debug_abbrev  0x0000000000001951      0x2a8 ./Drivers/STM32F1xx_HAL_Driver/Src/stm32f1xx_hal_rcc.o
 .debug_abbrev  0x0000000000001bf9      0x25d ./Drivers/STM32F1xx_HAL_Driver/Src/stm32f1xx_hal_tim.o
 .debug_abbrev  0x0000000000001e56      0x265 ./Drivers/STM32F1xx_HAL_Driver/Src/stm32f1xx_hal_tim_ex.o
 .debug_abbrev  0x00000000000020bb      0x278 ./Drivers/STM32F1xx_HAL_Driver/Src/stm32f1xx_hal_uart.o

.debug_aranges  0x0000000000000000      0xf98
 .debug_aranges
                0x0000000000000000       0x20 ./Core/Src/gpio.o
 .debug_aranges
                0x0000000000000020       0x30 ./Core/Src/i2c.o
 .debug_aranges
                0x0000000000000050       0xc0 ./Core/Src/main.o
 .debug_aranges
                0x0000000000000110       0x20 ./Core/Src/stm32f1xx_hal_msp.o
 .debug_aranges
                0x0000000000000130       0x78 ./Core/Src/stm32f1xx_it.o
 .debug_aranges
                0x00000000000001a8       0x28 ./Core/Src/system_stm32f1xx.o
 .debug_aranges
                0x00000000000001d0       0x50 ./Core/Src/tim.o
 .debug_aranges
                0x0000000000000220       0x30 ./Core/Src/usart.o
 .debug_aranges
                0x0000000000000250       0x28 ./Core/Startup/startup_stm32f103v8tx.o
 .debug_aranges
                0x0000000000000278       0xe0 ./Drivers/STM32F1xx_HAL_Driver/Src/stm32f1xx_hal.o
 .debug_aranges
                0x0000000000000358      0x100 ./Drivers/STM32F1xx_HAL_Driver/Src/stm32f1xx_hal_cortex.o
 .debug_aranges
                0x0000000000000458       0x80 ./Drivers/STM32F1xx_HAL_Driver/Src/stm32f1xx_hal_dma.o
 .debug_aranges
                0x00000000000004d8       0x58 ./Drivers/STM32F1xx_HAL_Driver/Src/stm32f1xx_hal_gpio.o
 .debug_aranges
                0x0000000000000530      0x2a0 ./Drivers/STM32F1xx_HAL_Driver/Src/stm32f1xx_hal_i2c.o
 .debug_aranges
                0x00000000000007d0       0x90 ./Drivers/STM32F1xx_HAL_Driver/Src/stm32f1xx_hal_rcc.o
 .debug_aranges
                0x0000000000000860      0x3d0 ./Drivers/STM32F1xx_HAL_Driver/Src/stm32f1xx_hal_tim.o
 .debug_aranges
                0x0000000000000c30      0x168 ./Drivers/STM32F1xx_HAL_Driver/Src/stm32f1xx_hal_tim_ex.o
 .debug_aranges
                0x0000000000000d98      0x200 ./Drivers/STM32F1xx_HAL_Driver/Src/stm32f1xx_hal_uart.o

.debug_ranges   0x0000000000000000      0xed8
 .debug_ranges  0x0000000000000000       0x10 ./Core/Src/gpio.o
 .debug_ranges  0x0000000000000010       0x20 ./Core/Src/i2c.o
 .debug_ranges  0x0000000000000030       0xb0 ./Core/Src/main.o
 .debug_ranges  0x00000000000000e0       0x10 ./Core/Src/stm32f1xx_hal_msp.o
 .debug_ranges  0x00000000000000f0       0x68 ./Core/Src/stm32f1xx_it.o
 .debug_ranges  0x0000000000000158       0x18 ./Core/Src/system_stm32f1xx.o
 .debug_ranges  0x0000000000000170       0x40 ./Core/Src/tim.o
 .debug_ranges  0x00000000000001b0       0x20 ./Core/Src/usart.o
 .debug_ranges  0x00000000000001d0       0x20 ./Core/Startup/startup_stm32f103v8tx.o
 .debug_ranges  0x00000000000001f0       0xd0 ./Drivers/STM32F1xx_HAL_Driver/Src/stm32f1xx_hal.o
 .debug_ranges  0x00000000000002c0       0xf0 ./Drivers/STM32F1xx_HAL_Driver/Src/stm32f1xx_hal_cortex.o
 .debug_ranges  0x00000000000003b0       0x70 ./Drivers/STM32F1xx_HAL_Driver/Src/stm32f1xx_hal_dma.o
 .debug_ranges  0x0000000000000420       0x48 ./Drivers/STM32F1xx_HAL_Driver/Src/stm32f1xx_hal_gpio.o
 .debug_ranges  0x0000000000000468      0x2b8 ./Drivers/STM32F1xx_HAL_Driver/Src/stm32f1xx_hal_i2c.o
 .debug_ranges  0x0000000000000720       0x80 ./Drivers/STM32F1xx_HAL_Driver/Src/stm32f1xx_hal_rcc.o
 .debug_ranges  0x00000000000007a0      0x3c0 ./Drivers/STM32F1xx_HAL_Driver/Src/stm32f1xx_hal_tim.o
 .debug_ranges  0x0000000000000b60      0x158 ./Drivers/STM32F1xx_HAL_Driver/Src/stm32f1xx_hal_tim_ex.o
 .debug_ranges  0x0000000000000cb8      0x220 ./Drivers/STM32F1xx_HAL_Driver/Src/stm32f1xx_hal_uart.o

.debug_macro    0x0000000000000000    0x179f8
 .debug_macro   0x0000000000000000      0x1c6 ./Core/Src/gpio.o
 .debug_macro   0x00000000000001c6      0xa6c ./Core/Src/gpio.o
 .debug_macro   0x0000000000000c32      0x221 ./Core/Src/gpio.o
 .debug_macro   0x0000000000000e53       0x2e ./Core/Src/gpio.o
 .debug_macro   0x0000000000000e81       0x22 ./Core/Src/gpio.o
 .debug_macro   0x0000000000000ea3       0x22 ./Core/Src/gpio.o
 .debug_macro   0x0000000000000ec5       0x8e ./Core/Src/gpio.o
 .debug_macro   0x0000000000000f53       0x51 ./Core/Src/gpio.o
 .debug_macro   0x0000000000000fa4      0x103 ./Core/Src/gpio.o
 .debug_macro   0x00000000000010a7       0x6a ./Core/Src/gpio.o
 .debug_macro   0x0000000000001111      0x1df ./Core/Src/gpio.o
 .debug_macro   0x00000000000012f0       0x1c ./Core/Src/gpio.o
 .debug_macro   0x000000000000130c       0x22 ./Core/Src/gpio.o
 .debug_macro   0x000000000000132e       0xbd ./Core/Src/gpio.o
 .debug_macro   0x00000000000013eb      0xd23 ./Core/Src/gpio.o
 .debug_macro   0x000000000000210e     0xe09e ./Core/Src/gpio.o
 .debug_macro   0x00000000000101ac       0x6d ./Core/Src/gpio.o
 .debug_macro   0x0000000000010219     0x3468 ./Core/Src/gpio.o
 .debug_macro   0x0000000000013681      0x174 ./Core/Src/gpio.o
 .debug_macro   0x00000000000137f5       0x5c ./Core/Src/gpio.o
 .debug_macro   0x0000000000013851      0x5be ./Core/Src/gpio.o
 .debug_macro   0x0000000000013e0f      0x289 ./Core/Src/gpio.o
 .debug_macro   0x0000000000014098      0x1cb ./Core/Src/gpio.o
 .debug_macro   0x0000000000014263      0x114 ./Core/Src/gpio.o
 .debug_macro   0x0000000000014377      0x1b2 ./Core/Src/gpio.o
 .debug_macro   0x0000000000014529       0x27 ./Core/Src/gpio.o
 .debug_macro   0x0000000000014550      0x136 ./Core/Src/gpio.o
 .debug_macro   0x0000000000014686      0x1bc ./Core/Src/gpio.o
 .debug_macro   0x0000000000014842       0x34 ./Core/Src/gpio.o
 .debug_macro   0x0000000000014876       0x3c ./Core/Src/gpio.o
 .debug_macro   0x00000000000148b2       0x57 ./Core/Src/gpio.o
 .debug_macro   0x0000000000014909       0x88 ./Core/Src/gpio.o
 .debug_macro   0x0000000000014991      0x241 ./Core/Src/gpio.o
 .debug_macro   0x0000000000014bd2      0x287 ./Core/Src/gpio.o
 .debug_macro   0x0000000000014e59      0x141 ./Core/Src/gpio.o
 .debug_macro   0x0000000000014f9a      0x8d1 ./Core/Src/gpio.o
 .debug_macro   0x000000000001586b      0x279 ./Core/Src/gpio.o
 .debug_macro   0x0000000000015ae4       0x83 ./Core/Src/gpio.o
 .debug_macro   0x0000000000015b67      0x1b1 ./Core/Src/gpio.o
 .debug_macro   0x0000000000015d18      0x1c6 ./Core/Src/i2c.o
 .debug_macro   0x0000000000015ede      0x260 ./Core/Src/main.o
 .debug_macro   0x000000000001613e      0x1bc ./Core/Src/stm32f1xx_hal_msp.o
 .debug_macro   0x00000000000162fa      0x1c6 ./Core/Src/stm32f1xx_it.o
 .debug_macro   0x00000000000164c0      0x1ad ./Core/Src/system_stm32f1xx.o
 .debug_macro   0x000000000001666d      0x1c6 ./Core/Src/tim.o
 .debug_macro   0x0000000000016833      0x1c6 ./Core/Src/usart.o
 .debug_macro   0x00000000000169f9      0x1d1 ./Drivers/STM32F1xx_HAL_Driver/Src/stm32f1xx_hal.o
 .debug_macro   0x0000000000016bca      0x1ad ./Drivers/STM32F1xx_HAL_Driver/Src/stm32f1xx_hal_cortex.o
 .debug_macro   0x0000000000016d77      0x1ad ./Drivers/STM32F1xx_HAL_Driver/Src/stm32f1xx_hal_dma.o
 .debug_macro   0x0000000000016f24      0x218 ./Drivers/STM32F1xx_HAL_Driver/Src/stm32f1xx_hal_gpio.o
 .debug_macro   0x000000000001713c      0x1f4 ./Drivers/STM32F1xx_HAL_Driver/Src/stm32f1xx_hal_i2c.o
 .debug_macro   0x0000000000017330      0x1bf ./Drivers/STM32F1xx_HAL_Driver/Src/stm32f1xx_hal_rcc.o
 .debug_macro   0x00000000000174ef      0x1ae ./Drivers/STM32F1xx_HAL_Driver/Src/stm32f1xx_hal_tim.o
 .debug_macro   0x000000000001769d      0x1ad ./Drivers/STM32F1xx_HAL_Driver/Src/stm32f1xx_hal_tim_ex.o
 .debug_macro   0x000000000001784a      0x1ae ./Drivers/STM32F1xx_HAL_Driver/Src/stm32f1xx_hal_uart.o

.debug_line     0x0000000000000000    0x11e46
 .debug_line    0x0000000000000000      0x701 ./Core/Src/gpio.o
 .debug_line    0x0000000000000701      0x6ea ./Core/Src/i2c.o
 .debug_line    0x0000000000000deb     0x11fc ./Core/Src/main.o
 .debug_line    0x0000000000001fe7      0x685 ./Core/Src/stm32f1xx_hal_msp.o
 .debug_line    0x000000000000266c      0x78f ./Core/Src/stm32f1xx_it.o
 .debug_line    0x0000000000002dfb      0x703 ./Core/Src/system_stm32f1xx.o
 .debug_line    0x00000000000034fe      0x991 ./Core/Src/tim.o
 .debug_line    0x0000000000003e8f      0x6f8 ./Core/Src/usart.o
 .debug_line    0x0000000000004587       0x87 ./Core/Startup/startup_stm32f103v8tx.o
 .debug_line    0x000000000000460e      0x930 ./Drivers/STM32F1xx_HAL_Driver/Src/stm32f1xx_hal.o
 .debug_line    0x0000000000004f3e      0xb18 ./Drivers/STM32F1xx_HAL_Driver/Src/stm32f1xx_hal_cortex.o
 .debug_line    0x0000000000005a56      0xd88 ./Drivers/STM32F1xx_HAL_Driver/Src/stm32f1xx_hal_dma.o
 .debug_line    0x00000000000067de      0x9c7 ./Drivers/STM32F1xx_HAL_Driver/Src/stm32f1xx_hal_gpio.o
 .debug_line    0x00000000000071a5     0x3a1a ./Drivers/STM32F1xx_HAL_Driver/Src/stm32f1xx_hal_i2c.o
 .debug_line    0x000000000000abbf      0xd3e ./Drivers/STM32F1xx_HAL_Driver/Src/stm32f1xx_hal_rcc.o
 .debug_line    0x000000000000b8fd     0x32e6 ./Drivers/STM32F1xx_HAL_Driver/Src/stm32f1xx_hal_tim.o
 .debug_line    0x000000000000ebe3     0x1858 ./Drivers/STM32F1xx_HAL_Driver/Src/stm32f1xx_hal_tim_ex.o
 .debug_line    0x000000000001043b     0x1a0b ./Drivers/STM32F1xx_HAL_Driver/Src/stm32f1xx_hal_uart.o

.debug_str      0x0000000000000000    0x89565
 .debug_str     0x0000000000000000    0x851d5 ./Core/Src/gpio.o
                                      0x85583 (size before relaxing)
 .debug_str     0x00000000000851d5      0x49a ./Core/Src/i2c.o
                                      0x85736 (size before relaxing)
 .debug_str     0x000000000008566f      0xb49 ./Core/Src/main.o
                                      0x862ac (size before relaxing)
 .debug_str     0x00000000000861b8       0x5a ./Core/Src/stm32f1xx_hal_msp.o
                                      0x85204 (size before relaxing)
 .debug_str     0x0000000000086212      0x13c ./Core/Src/stm32f1xx_it.o
                                      0x8595c (size before relaxing)
 .debug_str     0x000000000008634e       0x7e ./Core/Src/system_stm32f1xx.o
                                      0x84bd0 (size before relaxing)
 .debug_str     0x00000000000863cc      0x2b0 ./Core/Src/tim.o
                                      0x85d5a (size before relaxing)
 .debug_str     0x000000000008667c       0x51 ./Core/Src/usart.o
                                      0x859e5 (size before relaxing)
 .debug_str     0x00000000000866cd       0x36 ./Core/Startup/startup_stm32f103v8tx.o
                                         0x93 (size before relaxing)
 .debug_str     0x0000000000086703      0x378 ./Drivers/STM32F1xx_HAL_Driver/Src/stm32f1xx_hal.o
                                      0x85303 (size before relaxing)
 .debug_str     0x0000000000086a7b      0x294 ./Drivers/STM32F1xx_HAL_Driver/Src/stm32f1xx_hal_cortex.o
                                      0x8524f (size before relaxing)
 .debug_str     0x0000000000086d0f      0x235 ./Drivers/STM32F1xx_HAL_Driver/Src/stm32f1xx_hal_dma.o
                                      0x84f79 (size before relaxing)
 .debug_str     0x0000000000086f44      0x297 ./Drivers/STM32F1xx_HAL_Driver/Src/stm32f1xx_hal_gpio.o
                                      0x84f56 (size before relaxing)
 .debug_str     0x00000000000871db      0xb32 ./Drivers/STM32F1xx_HAL_Driver/Src/stm32f1xx_hal_i2c.o
                                      0x85c44 (size before relaxing)
 .debug_str     0x0000000000087d0d      0x209 ./Drivers/STM32F1xx_HAL_Driver/Src/stm32f1xx_hal_rcc.o
                                      0x84fff (size before relaxing)
 .debug_str     0x0000000000087f16      0xcf0 ./Drivers/STM32F1xx_HAL_Driver/Src/stm32f1xx_hal_tim.o
                                      0x85fea (size before relaxing)
 .debug_str     0x0000000000088c06      0x3e1 ./Drivers/STM32F1xx_HAL_Driver/Src/stm32f1xx_hal_tim_ex.o
                                      0x85806 (size before relaxing)
 .debug_str     0x0000000000088fe7      0x57e ./Drivers/STM32F1xx_HAL_Driver/Src/stm32f1xx_hal_uart.o
                                      0x8560a (size before relaxing)

.comment        0x0000000000000000       0x50
 .comment       0x0000000000000000       0x50 ./Core/Src/gpio.o
                                         0x51 (size before relaxing)
 .comment       0x0000000000000050       0x51 ./Core/Src/i2c.o
 .comment       0x0000000000000050       0x51 ./Core/Src/main.o
 .comment       0x0000000000000050       0x51 ./Core/Src/stm32f1xx_hal_msp.o
 .comment       0x0000000000000050       0x51 ./Core/Src/stm32f1xx_it.o
 .comment       0x0000000000000050       0x51 ./Core/Src/system_stm32f1xx.o
 .comment       0x0000000000000050       0x51 ./Core/Src/tim.o
 .comment       0x0000000000000050       0x51 ./Core/Src/usart.o
 .comment       0x0000000000000050       0x51 ./Drivers/STM32F1xx_HAL_Driver/Src/stm32f1xx_hal.o
 .comment       0x0000000000000050       0x51 ./Drivers/STM32F1xx_HAL_Driver/Src/stm32f1xx_hal_cortex.o
 .comment       0x0000000000000050       0x51 ./Drivers/STM32F1xx_HAL_Driver/Src/stm32f1xx_hal_dma.o
 .comment       0x0000000000000050       0x51 ./Drivers/STM32F1xx_HAL_Driver/Src/stm32f1xx_hal_gpio.o
 .comment       0x0000000000000050       0x51 ./Drivers/STM32F1xx_HAL_Driver/Src/stm32f1xx_hal_i2c.o
 .comment       0x0000000000000050       0x51 ./Drivers/STM32F1xx_HAL_Driver/Src/stm32f1xx_hal_rcc.o
 .comment       0x0000000000000050       0x51 ./Drivers/STM32F1xx_HAL_Driver/Src/stm32f1xx_hal_tim.o
 .comment       0x0000000000000050       0x51 ./Drivers/STM32F1xx_HAL_Driver/Src/stm32f1xx_hal_tim_ex.o
 .comment       0x0000000000000050       0x51 ./Drivers/STM32F1xx_HAL_Driver/Src/stm32f1xx_hal_uart.o

.debug_frame    0x0000000000000000     0x4184
 .debug_frame   0x0000000000000000       0x34 ./Core/Src/gpio.o
 .debug_frame   0x0000000000000034       0x74 ./Core/Src/i2c.o
 .debug_frame   0x00000000000000a8      0x2fc ./Core/Src/main.o
 .debug_frame   0x00000000000003a4       0x38 ./Core/Src/stm32f1xx_hal_msp.o
 .debug_frame   0x00000000000003dc      0x158 ./Core/Src/stm32f1xx_it.o
 .debug_frame   0x0000000000000534       0x58 ./Core/Src/system_stm32f1xx.o
 .debug_frame   0x000000000000058c      0x10c ./Core/Src/tim.o
 .debug_frame   0x0000000000000698       0x74 ./Core/Src/usart.o
 .debug_frame   0x000000000000070c      0x334 ./Drivers/STM32F1xx_HAL_Driver/Src/stm32f1xx_hal.o
 .debug_frame   0x0000000000000a40      0x428 ./Drivers/STM32F1xx_HAL_Driver/Src/stm32f1xx_hal_cortex.o
 .debug_frame   0x0000000000000e68      0x208 ./Drivers/STM32F1xx_HAL_Driver/Src/stm32f1xx_hal_dma.o
 .debug_frame   0x0000000000001070      0x14c ./Drivers/STM32F1xx_HAL_Driver/Src/stm32f1xx_hal_gpio.o
 .debug_frame   0x00000000000011bc      0xc5c ./Drivers/STM32F1xx_HAL_Driver/Src/stm32f1xx_hal_i2c.o
 .debug_frame   0x0000000000001e18      0x21c ./Drivers/STM32F1xx_HAL_Driver/Src/stm32f1xx_hal_rcc.o
 .debug_frame   0x0000000000002034     0x11b8 ./Drivers/STM32F1xx_HAL_Driver/Src/stm32f1xx_hal_tim.o
 .debug_frame   0x00000000000031ec      0x638 ./Drivers/STM32F1xx_HAL_Driver/Src/stm32f1xx_hal_tim_ex.o
 .debug_frame   0x0000000000003824      0x914 ./Drivers/STM32F1xx_HAL_Driver/Src/stm32f1xx_hal_uart.o
 .debug_frame   0x0000000000004138       0x2c c:/st/stm32cubeide_1.9.0/stm32cubeide/plugins/com.st.stm32cube.ide.mcu.externaltools.gnu-tools-for-stm32.10.3-2021.10.win32_1.0.0.202111181127/tools/bin/../lib/gcc/arm-none-eabi/10.3.1/../../../../arm-none-eabi/lib/thumb/v7-m/nofp\libc_nano.a(lib_a-init.o)
 .debug_frame   0x0000000000004164       0x20 c:/st/stm32cubeide_1.9.0/stm32cubeide/plugins/com.st.stm32cube.ide.mcu.externaltools.gnu-tools-for-stm32.10.3-2021.10.win32_1.0.0.202111181127/tools/bin/../lib/gcc/arm-none-eabi/10.3.1/../../../../arm-none-eabi/lib/thumb/v7-m/nofp\libc_nano.a(lib_a-memset.o)
