Archive member included to satisfy reference by file (symbol)

c:/st/stm32cubeide_1.9.0/stm32cubeide/plugins/com.st.stm32cube.ide.mcu.externaltools.gnu-tools-for-stm32.10.3-2021.10.win32_1.0.0.202111181127/tools/bin/../lib/gcc/arm-none-eabi/10.3.1/../../../../arm-none-eabi/lib/thumb/v7-m/nofp\libc_nano.a(lib_a-errno.o)
                              ./Core/Src/syscalls.o (__errno)
c:/st/stm32cubeide_1.9.0/stm32cubeide/plugins/com.st.stm32cube.ide.mcu.externaltools.gnu-tools-for-stm32.10.3-2021.10.win32_1.0.0.202111181127/tools/bin/../lib/gcc/arm-none-eabi/10.3.1/../../../../arm-none-eabi/lib/thumb/v7-m/nofp\libc_nano.a(lib_a-exit.o)
                              c:/st/stm32cubeide_1.9.0/stm32cubeide/plugins/com.st.stm32cube.ide.mcu.externaltools.gnu-tools-for-stm32.10.3-2021.10.win32_1.0.0.202111181127/tools/bin/../lib/gcc/arm-none-eabi/10.3.1/../../../../arm-none-eabi/lib/thumb/v7-m/nofp/crt0.o (exit)
c:/st/stm32cubeide_1.9.0/stm32cubeide/plugins/com.st.stm32cube.ide.mcu.externaltools.gnu-tools-for-stm32.10.3-2021.10.win32_1.0.0.202111181127/tools/bin/../lib/gcc/arm-none-eabi/10.3.1/../../../../arm-none-eabi/lib/thumb/v7-m/nofp\libc_nano.a(lib_a-impure.o)
                              c:/st/stm32cubeide_1.9.0/stm32cubeide/plugins/com.st.stm32cube.ide.mcu.externaltools.gnu-tools-for-stm32.10.3-2021.10.win32_1.0.0.202111181127/tools/bin/../lib/gcc/arm-none-eabi/10.3.1/../../../../arm-none-eabi/lib/thumb/v7-m/nofp\libc_nano.a(lib_a-exit.o) (_global_impure_ptr)
c:/st/stm32cubeide_1.9.0/stm32cubeide/plugins/com.st.stm32cube.ide.mcu.externaltools.gnu-tools-for-stm32.10.3-2021.10.win32_1.0.0.202111181127/tools/bin/../lib/gcc/arm-none-eabi/10.3.1/../../../../arm-none-eabi/lib/thumb/v7-m/nofp\libc_nano.a(lib_a-init.o)
                              c:/st/stm32cubeide_1.9.0/stm32cubeide/plugins/com.st.stm32cube.ide.mcu.externaltools.gnu-tools-for-stm32.10.3-2021.10.win32_1.0.0.202111181127/tools/bin/../lib/gcc/arm-none-eabi/10.3.1/../../../../arm-none-eabi/lib/thumb/v7-m/nofp/crt0.o (__libc_init_array)
c:/st/stm32cubeide_1.9.0/stm32cubeide/plugins/com.st.stm32cube.ide.mcu.externaltools.gnu-tools-for-stm32.10.3-2021.10.win32_1.0.0.202111181127/tools/bin/../lib/gcc/arm-none-eabi/10.3.1/../../../../arm-none-eabi/lib/thumb/v7-m/nofp\libc_nano.a(lib_a-memset.o)
                              c:/st/stm32cubeide_1.9.0/stm32cubeide/plugins/com.st.stm32cube.ide.mcu.externaltools.gnu-tools-for-stm32.10.3-2021.10.win32_1.0.0.202111181127/tools/bin/../lib/gcc/arm-none-eabi/10.3.1/../../../../arm-none-eabi/lib/thumb/v7-m/nofp/crt0.o (memset)
c:/st/stm32cubeide_1.9.0/stm32cubeide/plugins/com.st.stm32cube.ide.mcu.externaltools.gnu-tools-for-stm32.10.3-2021.10.win32_1.0.0.202111181127/tools/bin/../lib/gcc/arm-none-eabi/10.3.1/thumb/v7-m/nofp\libgcc.a(_arm_muldf3.o)
                              ./Core/Src/main.o (__aeabi_dmul)
c:/st/stm32cubeide_1.9.0/stm32cubeide/plugins/com.st.stm32cube.ide.mcu.externaltools.gnu-tools-for-stm32.10.3-2021.10.win32_1.0.0.202111181127/tools/bin/../lib/gcc/arm-none-eabi/10.3.1/thumb/v7-m/nofp\libgcc.a(_arm_addsubdf3.o)
                              ./Core/Src/main.o (__aeabi_dsub)
c:/st/stm32cubeide_1.9.0/stm32cubeide/plugins/com.st.stm32cube.ide.mcu.externaltools.gnu-tools-for-stm32.10.3-2021.10.win32_1.0.0.202111181127/tools/bin/../lib/gcc/arm-none-eabi/10.3.1/thumb/v7-m/nofp\libgcc.a(_arm_fixunsdfsi.o)
                              ./Core/Src/main.o (__aeabi_d2uiz)

Discarded input sections

 .text          0x0000000000000000        0x0 c:/st/stm32cubeide_1.9.0/stm32cubeide/plugins/com.st.stm32cube.ide.mcu.externaltools.gnu-tools-for-stm32.10.3-2021.10.win32_1.0.0.202111181127/tools/bin/../lib/gcc/arm-none-eabi/10.3.1/thumb/v7-m/nofp/crti.o
 .data          0x0000000000000000        0x0 c:/st/stm32cubeide_1.9.0/stm32cubeide/plugins/com.st.stm32cube.ide.mcu.externaltools.gnu-tools-for-stm32.10.3-2021.10.win32_1.0.0.202111181127/tools/bin/../lib/gcc/arm-none-eabi/10.3.1/thumb/v7-m/nofp/crti.o
 .bss           0x0000000000000000        0x0 c:/st/stm32cubeide_1.9.0/stm32cubeide/plugins/com.st.stm32cube.ide.mcu.externaltools.gnu-tools-for-stm32.10.3-2021.10.win32_1.0.0.202111181127/tools/bin/../lib/gcc/arm-none-eabi/10.3.1/thumb/v7-m/nofp/crti.o
 .data          0x0000000000000000        0x4 c:/st/stm32cubeide_1.9.0/stm32cubeide/plugins/com.st.stm32cube.ide.mcu.externaltools.gnu-tools-for-stm32.10.3-2021.10.win32_1.0.0.202111181127/tools/bin/../lib/gcc/arm-none-eabi/10.3.1/thumb/v7-m/nofp/crtbegin.o
 .rodata        0x0000000000000000       0x24 c:/st/stm32cubeide_1.9.0/stm32cubeide/plugins/com.st.stm32cube.ide.mcu.externaltools.gnu-tools-for-stm32.10.3-2021.10.win32_1.0.0.202111181127/tools/bin/../lib/gcc/arm-none-eabi/10.3.1/thumb/v7-m/nofp/crtbegin.o
[...]
Memory Configuration

Name             Origin             Length             Attributes
RAM              0x0000000020000000 0x0000000000005000 xrw
FLASH            0x0000000008000000 0x0000000000010000 xr
*default*        0x0000000000000000 0xffffffffffffffff

Linker script and memory map

LOAD c:/st/stm32cubeide_1.9.0/stm32cubeide/plugins/com.st.stm32cube.ide.mcu.externaltools.gnu-tools-for-stm32.10.3-2021.10.win32_1.0.0.202111181127/tools/bin/../lib/gcc/arm-none-eabi/10.3.1/thumb/v7-m/nofp/crti.o
LOAD c:/st/stm32cubeide_1.9.0/stm32cubeide/plugins/com.st.stm32cube.ide.mcu.externaltools.gnu-tools-for-stm32.10.3-2021.10.win32_1.0.0.202111181127/tools/bin/../lib/gcc/arm-none-eabi/10.3.1/thumb/v7-m/nofp/crtbegin.o
LOAD c:/st/stm32cubeide_1.9.0/stm32cubeide/plugins/com.st.stm32cube.ide.mcu.externaltools.gnu-tools-for-stm32.10.3-2021.10.win32_1.0.0.202111181127/tools/bin/../lib/gcc/arm-none-eabi/10.3.1/../../../../arm-none-eabi/lib/thumb/v7-m/nofp/crt0.o
LOAD ./Core/Src/gpio.o
LOAD ./Core/Src/i2c.o
LOAD ./Core/Src/main.o
LOAD ./Core/Src/stm32f1xx_hal_msp.o
LOAD ./Core/Src/stm32f1xx_it.o
LOAD ./Core/Src/syscalls.o
LOAD ./Core/Src/sysmem.o
LOAD ./Core/Src/system_stm32f1xx.o
LOAD ./Core/Src/tim.o
LOAD ./Core/Src/usart.o
LOAD ./Core/Startup/startup_stm32f103v8tx.o
LOAD ./Drivers/STM32F1xx_HAL_Driver/Src/stm32f1xx_hal.o
LOAD ./Drivers/STM32F1xx_HAL_Driver/Src/stm32f1xx_hal_cortex.o
LOAD ./Drivers/STM32F1xx_HAL_Driver/Src/stm32f1xx_hal_dma.o
LOAD ./Drivers/STM32F1xx_HAL_Driver/Src/stm32f1xx_hal_exti.o
LOAD ./Drivers/STM32F1xx_HAL_Driver/Src/stm32f1xx_hal_flash.o
LOAD ./Drivers/STM32F1xx_HAL_Driver/Src/stm32f1xx_hal_flash_ex.o
LOAD ./Drivers/STM32F1xx_HAL_Driver/Src/stm32f1xx_hal_gpio.o
LOAD ./Drivers/STM32F1xx_HAL_Driver/Src/stm32f1xx_hal_gpio_ex.o
LOAD ./Drivers/STM32F1xx_HAL_Driver/Src/stm32f1xx_hal_i2c.o
LOAD ./Drivers/STM32F1xx_HAL_Driver/Src/stm32f1xx_hal_pwr.o
LOAD ./Drivers/STM32F1xx_HAL_Driver/Src/stm32f1xx_hal_rcc.o
LOAD ./Drivers/STM32F1xx_HAL_Driver/Src/stm32f1xx_hal_rcc_ex.o
LOAD ./Drivers/STM32F1xx_HAL_Driver/Src/stm32f1xx_hal_tim.o
LOAD ./Drivers/STM32F1xx_HAL_Driver/Src/stm32f1xx_hal_tim_ex.o
LOAD ./Drivers/STM32F1xx_HAL_Driver/Src/stm32f1xx_hal_uart.o
START GROUP
LOAD c:/st/stm32cubeide_1.9.0/stm32cubeide/plugins/com.st.stm32cube.ide.mcu.externaltools.gnu-tools-for-stm32.10.3-2021.10.win32_1.0.0.202111181127/tools/bin/../lib/gcc/arm-none-eabi/10.3.1/../../../../arm-none-eabi/lib/thumb/v7-m/nofp\libc_nano.a
LOAD c:/st/stm32cubeide_1.9.0/stm32cubeide/plugins/com.st.stm32cube.ide.mcu.externaltools.gnu-tools-for-stm32.10.3-2021.10.win32_1.0.0.202111181127/tools/bin/../lib/gcc/arm-none-eabi/10.3.1/../../../../arm-none-eabi/lib/thumb/v7-m/nofp\libm.a
END GROUP
START GROUP
LOAD c:/st/stm32cubeide_1.9.0/stm32cubeide/plugins/com.st.stm32cube.ide.mcu.externaltools.gnu-tools-for-stm32.10.3-2021.10.win32_1.0.0.202111181127/tools/bin/../lib/gcc/arm-none-eabi/10.3.1/thumb/v7-m/nofp\libgcc.a
LOAD c:/st/stm32cubeide_1.9.0/stm32cubeide/plugins/com.st.stm32cube.ide.mcu.externaltools.gnu-tools-for-stm32.10.3-2021.10.win32_1.0.0.202111181127/tools/bin/../lib/gcc/arm-none-eabi/10.3.1/../../../../arm-none-eabi/lib/thumb/v7-m/nofp\libc_nano.a
END GROUP
START GROUP
LOAD c:/st/stm32cubeide_1.9.0/stm32cubeide/plugins/com.st.stm32cube.ide.mcu.externaltools.gnu-tools-for-stm32.10.3-2021.10.win32_1.0.0.202111181127/tools/bin/../lib/gcc/arm-none-eabi/10.3.1/thumb/v7-m/nofp\libgcc.a
LOAD c:/st/stm32cubeide_1.9.0/stm32cubeide/plugins/com.st.stm32cube.ide.mcu.externaltools.gnu-tools-for-stm32.10.3-2021.10.win32_1.0.0.202111181127/tools/bin/../lib/gcc/arm-none-eabi/10.3.1/../../../../arm-none-eabi/lib/thumb/v7-m/nofp\libc_nano.a
LOAD c:/st/stm32cubeide_1.9.0/stm32cubeide/plugins/com.st.stm32cube.ide.mcu.externaltools.gnu-tools-for-stm32.10.3-2021.10.win32_1.0.0.202111181127/tools/bin/../lib/gcc/arm-none-eabi/10.3.1/../../../../arm-none-eabi/lib/thumb/v7-m/nofp\libnosys.a
END GROUP
START GROUP
LOAD c:/st/stm32cubeide_1.9.0/stm32cubeide/plugins/com.st.stm32cube.ide.mcu.externaltools.gnu-tools-for-stm32.10.3-2021.10.win32_1.0.0.202111181127/tools/bin/../lib/gcc/arm-none-eabi/10.3.1/thumb/v7-m/nofp\libgcc.a
LOAD c:/st/stm32cubeide_1.9.0/stm32cubeide/plugins/com.st.stm32cube.ide.mcu.externaltools.gnu-tools-for-stm32.10.3-2021.10.win32_1.0.0.202111181127/tools/bin/../lib/gcc/arm-none-eabi/10.3.1/../../../../arm-none-eabi/lib/thumb/v7-m/nofp\libc_nano.a
LOAD c:/st/stm32cubeide_1.9.0/stm32cubeide/plugins/com.st.stm32cube.ide.mcu.externaltools.gnu-tools-for-stm32.10.3-2021.10.win32_1.0.0.202111181127/tools/bin/../lib/gcc/arm-none-eabi/10.3.1/../../../../arm-none-eabi/lib/thumb/v7-m/nofp\libnosys.a
END GROUP
LOAD c:/st/stm32cubeide_1.9.0/stm32cubeide/plugins/com.st.stm32cube.ide.mcu.externaltools.gnu-tools-for-stm32.10.3-2021.10.win32_1.0.0.202111181127/tools/bin/../lib/gcc/arm-none-eabi/10.3.1/thumb/v7-m/nofp/crtend.o
LOAD c:/st/stm32cubeide_1.9.0/stm32cubeide/plugins/com.st.stm32cube.ide.mcu.externaltools.gnu-tools-for-stm32.10.3-2021.10.win32_1.0.0.202111181127/tools/bin/../lib/gcc/arm-none-eabi/10.3.1/thumb/v7-m/nofp/crtn.o
                0x0000000020005000                _estack = (ORIGIN (RAM) + LENGTH (RAM))
                0x0000000000000200                _Min_Heap_Size = 0x200
                0x0000000000000400                _Min_Stack_Size = 0x400

.isr_vector     0x0000000008000000      0x10c
                0x0000000008000000                . = ALIGN (0x4)
 *(.isr_vector)
 .isr_vector    0x0000000008000000      0x10c ./Core/Startup/startup_stm32f103v8tx.o
                0x0000000008000000                g_pfnVectors
                0x000000000800010c                . = ALIGN (0x4)

.text           0x0000000008000110     0x65bc
                0x0000000008000110                . = ALIGN (0x4)
 *(.text)
 .text          0x0000000008000110       0x40 c:/st/stm32cubeide_1.9.0/stm32cubeide/plugins/com.st.stm32cube.ide.mcu.externaltools.gnu-tools-for-stm32.10.3-2021.10.win32_1.0.0.202111181127/tools/bin/../lib/gcc/arm-none-eabi/10.3.1/thumb/v7-m/nofp/crtbegin.o
 .text          0x0000000008000150      0x254 c:/st/stm32cubeide_1.9.0/stm32cubeide/plugins/com.st.stm32cube.ide.mcu.externaltools.gnu-tools-for-stm32.10.3-2021.10.win32_1.0.0.202111181127/tools/bin/../lib/gcc/arm-none-eabi/10.3.1/thumb/v7-m/nofp\libgcc.a(_arm_muldf3.o)
                0x0000000008000150                __muldf3
                0x0000000008000150                __aeabi_dmul
 .text          0x00000000080003a4      0x378 c:/st/stm32cubeide_1.9.0/stm32cubeide/plugins/com.st.stm32cube.ide.mcu.externaltools.gnu-tools-for-stm32.10.3-2021.10.win32_1.0.0.202111181127/tools/bin/../lib/gcc/arm-none-eabi/10.3.1/thumb/v7-m/nofp\libgcc.a(_arm_addsubdf3.o)
                0x00000000080003a4                __aeabi_drsub
                0x00000000080003ac                __aeabi_dsub
                0x00000000080003ac                __subdf3
                0x00000000080003b0                __aeabi_dadd
                0x00000000080003b0                __adddf3
                0x0000000008000628                __floatunsidf
                0x0000000008000628                __aeabi_ui2d
                0x0000000008000648                __floatsidf
                0x0000000008000648                __aeabi_i2d
                0x000000000800066c                __aeabi_f2d
                0x000000000800066c                __extendsfdf2
                0x00000000080006b0                __floatundidf
                0x00000000080006b0                __aeabi_ul2d
                0x00000000080006c0                __floatdidf
                0x00000000080006c0                __aeabi_l2d
 .text          0x000000000800071c       0x40 c:/st/stm32cubeide_1.9.0/stm32cubeide/plugins/com.st.stm32cube.ide.mcu.externaltools.gnu-tools-for-stm32.10.3-2021.10.win32_1.0.0.202111181127/tools/bin/../lib/gcc/arm-none-eabi/10.3.1/thumb/v7-m/nofp\libgcc.a(_arm_fixunsdfsi.o)
                0x000000000800071c                __aeabi_d2uiz
                0x000000000800071c                __fixunsdfsi
 *(.text*)
 .text.MX_GPIO_Init
                0x000000000800075c      0x204 ./Core/Src/gpio.o
                0x000000000800075c                MX_GPIO_Init
 .text.MX_I2C1_Init
                0x0000000008000960       0x5c ./Core/Src/i2c.o
                0x0000000008000960                MX_I2C1_Init
 .text.HAL_I2C_MspInit
                0x00000000080009bc       0x7c ./Core/Src/i2c.o
                0x00000000080009bc                HAL_I2C_MspInit
 .text.main     0x0000000008000a38      0x168 ./Core/Src/main.o
                0x0000000008000a38                main
 .text.SystemClock_Config
                0x0000000008000ba0       0x76 ./Core/Src/main.o
                0x0000000008000ba0                SystemClock_Config
 *fill*         0x0000000008000c16        0x2 
 .text.Tuya_Reset
                0x0000000008000c18       0x38 ./Core/Src/main.o
                0x0000000008000c18                Tuya_Reset
 .text.Touch_Read
                0x0000000008000c50      0x4d0 ./Core/Src/main.o
                0x0000000008000c50                Touch_Read
 .text.switch_operation
                0x0000000008001120      0x360 ./Core/Src/main.o
                0x0000000008001120                switch_operation
 .text.dimmer_operation
                0x0000000008001480      0x1a0 ./Core/Src/main.o
                0x0000000008001480                dimmer_operation
 .text.HAL_GPIO_EXTI_Callback
                0x0000000008001620       0x68 ./Core/Src/main.o
                0x0000000008001620                HAL_GPIO_EXTI_Callback
 .text.HAL_TIM_PeriodElapsedCallback
                0x0000000008001688       0x48 ./Core/Src/main.o
                0x0000000008001688                HAL_TIM_PeriodElapsedCallback
 .text.switch_long_press
                0x00000000080016d0       0x1c ./Core/Src/main.o
                0x00000000080016d0                switch_long_press
 .text.Tx_Switch_Satus
                0x00000000080016ec       0x84 ./Core/Src/main.o
                0x00000000080016ec                Tx_Switch_Satus
 .text.DIMMER_TX
                0x0000000008001770       0xa0 ./Core/Src/main.o
                0x0000000008001770                DIMMER_TX
 .text.HAL_UART_RxCpltCallback
                0x0000000008001810       0x60 ./Core/Src/main.o
                0x0000000008001810                HAL_UART_RxCpltCallback
 .text.Uart_Read_data
                0x0000000008001870      0x120 ./Core/Src/main.o
                0x0000000008001870                Uart_Read_data
 .text.Rx_Data_evaluation
                0x0000000008001990      0x24c ./Core/Src/main.o
                0x0000000008001990                Rx_Data_evaluation
 .text.Indication
                0x0000000008001bdc      0x144 ./Core/Src/main.o
                0x0000000008001bdc                Indication
 .text.Stop_Indication
                0x0000000008001d20       0x18 ./Core/Src/main.o
                0x0000000008001d20                Stop_Indication
 .text.Master_Switch
                0x0000000008001d38       0xe4 ./Core/Src/main.o
                0x0000000008001d38                Master_Switch
 .text.set_max_pwm
                0x0000000008001e1c       0xf8 ./Core/Src/main.o
                0x0000000008001e1c                set_max_pwm
 .text.set_min_pwm
                0x0000000008001f14       0xf8 ./Core/Src/main.o
                0x0000000008001f14                set_min_pwm
 .text.Status_ReadData
                0x000000000800200c      0x154 ./Core/Src/main.o
                0x000000000800200c                Status_ReadData
 .text.EEPROM_initial
                0x0000000008002160      0x188 ./Core/Src/main.o
                0x0000000008002160                EEPROM_initial
 .text.Error_Handler
                0x00000000080022e8        0xa ./Core/Src/main.o
                0x00000000080022e8                Error_Handler
 *fill*         0x00000000080022f2        0x2 
 .text.HAL_MspInit
                0x00000000080022f4       0x64 ./Core/Src/stm32f1xx_hal_msp.o
                0x00000000080022f4                HAL_MspInit
 .text.NMI_Handler
                0x0000000008002358        0x6 ./Core/Src/stm32f1xx_it.o
                0x0000000008002358                NMI_Handler
 .text.HardFault_Handler
                0x000000000800235e        0x6 ./Core/Src/stm32f1xx_it.o
                0x000000000800235e                HardFault_Handler
 .text.MemManage_Handler
                0x0000000008002364        0x6 ./Core/Src/stm32f1xx_it.o
                0x0000000008002364                MemManage_Handler
 .text.BusFault_Handler
                0x000000000800236a        0x6 ./Core/Src/stm32f1xx_it.o
                0x000000000800236a                BusFault_Handler
 .text.UsageFault_Handler
                0x0000000008002370        0x6 ./Core/Src/stm32f1xx_it.o
                0x0000000008002370                UsageFault_Handler
 .text.SVC_Handler
                0x0000000008002376        0xc ./Core/Src/stm32f1xx_it.o
                0x0000000008002376                SVC_Handler
 .text.DebugMon_Handler
                0x0000000008002382        0xc ./Core/Src/stm32f1xx_it.o
                0x0000000008002382                DebugMon_Handler
 .text.PendSV_Handler
                0x000000000800238e        0xc ./Core/Src/stm32f1xx_it.o
                0x000000000800238e                PendSV_Handler
 .text.SysTick_Handler
                0x000000000800239a        0xc ./Core/Src/stm32f1xx_it.o
                0x000000000800239a                SysTick_Handler
 .text.EXTI0_IRQHandler
                0x00000000080023a6        0xe ./Core/Src/stm32f1xx_it.o
                0x00000000080023a6                EXTI0_IRQHandler
 .text.TIM2_IRQHandler
                0x00000000080023b4       0x14 ./Core/Src/stm32f1xx_it.o
                0x00000000080023b4                TIM2_IRQHandler
 .text.USART2_IRQHandler
                0x00000000080023c8       0x14 ./Core/Src/stm32f1xx_it.o
                0x00000000080023c8                USART2_IRQHandler
 .text.SystemInit
                0x00000000080023dc        0xc ./Core/Src/system_stm32f1xx.o
                0x00000000080023dc                SystemInit
 .text.MX_TIM1_Init
                0x00000000080023e8      0x188 ./Core/Src/tim.o
                0x00000000080023e8                MX_TIM1_Init
 .text.MX_TIM2_Init
                0x0000000008002570       0x98 ./Core/Src/tim.o
                0x0000000008002570                MX_TIM2_Init
 .text.MX_TIM3_Init
                0x0000000008002608      0x12c ./Core/Src/tim.o
                0x0000000008002608                MX_TIM3_Init
 .text.MX_TIM4_Init
                0x0000000008002734      0x12c ./Core/Src/tim.o
                0x0000000008002734                MX_TIM4_Init
 .text.HAL_TIM_Base_MspInit
                0x0000000008002860       0xc0 ./Core/Src/tim.o
                0x0000000008002860                HAL_TIM_Base_MspInit
 .text.HAL_TIM_MspPostInit
                0x0000000008002920      0x15c ./Core/Src/tim.o
                0x0000000008002920                HAL_TIM_MspPostInit
 .text.MX_USART2_UART_Init
                0x0000000008002a7c       0x54 ./Core/Src/usart.o
                0x0000000008002a7c                MX_USART2_UART_Init
 .text.HAL_UART_MspInit
                0x0000000008002ad0       0xc4 ./Core/Src/usart.o
                0x0000000008002ad0                HAL_UART_MspInit
 .text.Reset_Handler
                0x0000000008002b94       0x48 ./Core/Startup/startup_stm32f103v8tx.o
                0x0000000008002b94                Reset_Handler
 .text.Default_Handler
                0x0000000008002bdc        0x2 ./Core/Startup/startup_stm32f103v8tx.o
                0x0000000008002bdc                RTC_Alarm_IRQHandler
                0x0000000008002bdc                EXTI2_IRQHandler
                0x0000000008002bdc                TIM1_CC_IRQHandler
                0x0000000008002bdc                PVD_IRQHandler
                0x0000000008002bdc                EXTI3_IRQHandler
                0x0000000008002bdc                I2C2_EV_IRQHandler
                0x0000000008002bdc                ADC1_2_IRQHandler
                0x0000000008002bdc                SPI1_IRQHandler
                0x0000000008002bdc                TAMPER_IRQHandler
                0x0000000008002bdc                DMA1_Channel4_IRQHandler
                0x0000000008002bdc                USART3_IRQHandler
                0x0000000008002bdc                RTC_IRQHandler
                0x0000000008002bdc                DMA1_Channel7_IRQHandler
                0x0000000008002bdc                CAN1_RX1_IRQHandler
                0x0000000008002bdc                TIM4_IRQHandler
                0x0000000008002bdc                I2C1_EV_IRQHandler
                0x0000000008002bdc                DMA1_Channel6_IRQHandler
                0x0000000008002bdc                TIM3_IRQHandler
                0x0000000008002bdc                RCC_IRQHandler
                0x0000000008002bdc                TIM1_TRG_COM_IRQHandler
                0x0000000008002bdc                DMA1_Channel1_IRQHandler
                0x0000000008002bdc                Default_Handler
                0x0000000008002bdc                EXTI15_10_IRQHandler
                0x0000000008002bdc                EXTI9_5_IRQHandler
                0x0000000008002bdc                SPI2_IRQHandler
                0x0000000008002bdc                DMA1_Channel5_IRQHandler
                0x0000000008002bdc                EXTI4_IRQHandler
                0x0000000008002bdc                USB_LP_CAN1_RX0_IRQHandler
                0x0000000008002bdc                USB_HP_CAN1_TX_IRQHandler
                0x0000000008002bdc                DMA1_Channel3_IRQHandler
                0x0000000008002bdc                TIM1_UP_IRQHandler
                0x0000000008002bdc                WWDG_IRQHandler
                0x0000000008002bdc                TIM1_BRK_IRQHandler
                0x0000000008002bdc                EXTI1_IRQHandler
                0x0000000008002bdc                I2C2_ER_IRQHandler
                0x0000000008002bdc                DMA1_Channel2_IRQHandler
                0x0000000008002bdc                CAN1_SCE_IRQHandler
                0x0000000008002bdc                FLASH_IRQHandler
                0x0000000008002bdc                USART1_IRQHandler
                0x0000000008002bdc                I2C1_ER_IRQHandler
                0x0000000008002bdc                USBWakeUp_IRQHandler
 *fill*         0x0000000008002bde        0x2 
 .text.HAL_Init
                0x0000000008002be0       0x2c ./Drivers/STM32F1xx_HAL_Driver/Src/stm32f1xx_hal.o
                0x0000000008002be0                HAL_Init
 .text.HAL_InitTick
                0x0000000008002c0c       0x60 ./Drivers/STM32F1xx_HAL_Driver/Src/stm32f1xx_hal.o
                0x0000000008002c0c                HAL_InitTick
 .text.HAL_IncTick
                0x0000000008002c6c       0x24 ./Drivers/STM32F1xx_HAL_Driver/Src/stm32f1xx_hal.o
                0x0000000008002c6c                HAL_IncTick
 .text.HAL_GetTick
                0x0000000008002c90       0x14 ./Drivers/STM32F1xx_HAL_Driver/Src/stm32f1xx_hal.o
                0x0000000008002c90                HAL_GetTick
 .text.HAL_Delay
                0x0000000008002ca4       0x48 ./Drivers/STM32F1xx_HAL_Driver/Src/stm32f1xx_hal.o
                0x0000000008002ca4                HAL_Delay
 .text.__NVIC_SetPriorityGrouping
                0x0000000008002cec       0x48 ./Drivers/STM32F1xx_HAL_Driver/Src/stm32f1xx_hal_cortex.o
 .text.__NVIC_GetPriorityGrouping
                0x0000000008002d34       0x1c ./Drivers/STM32F1xx_HAL_Driver/Src/stm32f1xx_hal_cortex.o
 .text.__NVIC_EnableIRQ
                0x0000000008002d50       0x38 ./Drivers/STM32F1xx_HAL_Driver/Src/stm32f1xx_hal_cortex.o
 .text.__NVIC_SetPriority
                0x0000000008002d88       0x54 ./Drivers/STM32F1xx_HAL_Driver/Src/stm32f1xx_hal_cortex.o
 .text.NVIC_EncodePriority
                0x0000000008002ddc       0x64 ./Drivers/STM32F1xx_HAL_Driver/Src/stm32f1xx_hal_cortex.o
 .text.SysTick_Config
                0x0000000008002e40       0x44 ./Drivers/STM32F1xx_HAL_Driver/Src/stm32f1xx_hal_cortex.o
 .text.HAL_NVIC_SetPriorityGrouping
                0x0000000008002e84       0x16 ./Drivers/STM32F1xx_HAL_Driver/Src/stm32f1xx_hal_cortex.o
                0x0000000008002e84                HAL_NVIC_SetPriorityGrouping
 .text.HAL_NVIC_SetPriority
                0x0000000008002e9a       0x38 ./Drivers/STM32F1xx_HAL_Driver/Src/stm32f1xx_hal_cortex.o
                0x0000000008002e9a                HAL_NVIC_SetPriority
 .text.HAL_NVIC_EnableIRQ
                0x0000000008002ed2       0x1c ./Drivers/STM32F1xx_HAL_Driver/Src/stm32f1xx_hal_cortex.o
                0x0000000008002ed2                HAL_NVIC_EnableIRQ
 .text.HAL_SYSTICK_Config
                0x0000000008002eee       0x18 ./Drivers/STM32F1xx_HAL_Driver/Src/stm32f1xx_hal_cortex.o
                0x0000000008002eee                HAL_SYSTICK_Config
 .text.HAL_DMA_Abort
                0x0000000008002f06       0x74 ./Drivers/STM32F1xx_HAL_Driver/Src/stm32f1xx_hal_dma.o
                0x0000000008002f06                HAL_DMA_Abort
 *fill*         0x0000000008002f7a        0x2 
 .text.HAL_DMA_Abort_IT
                0x0000000008002f7c       0xec ./Drivers/STM32F1xx_HAL_Driver/Src/stm32f1xx_hal_dma.o
                0x0000000008002f7c                HAL_DMA_Abort_IT
 .text.HAL_GPIO_Init
                0x0000000008003068      0x308 ./Drivers/STM32F1xx_HAL_Driver/Src/stm32f1xx_hal_gpio.o
                0x0000000008003068                HAL_GPIO_Init
 .text.HAL_GPIO_ReadPin
                0x0000000008003370       0x2e ./Drivers/STM32F1xx_HAL_Driver/Src/stm32f1xx_hal_gpio.o
                0x0000000008003370                HAL_GPIO_ReadPin
 .text.HAL_GPIO_WritePin
                0x000000000800339e       0x30 ./Drivers/STM32F1xx_HAL_Driver/Src/stm32f1xx_hal_gpio.o
                0x000000000800339e                HAL_GPIO_WritePin
 *fill*         0x00000000080033ce        0x2 
 .text.HAL_GPIO_EXTI_IRQHandler
                0x00000000080033d0       0x30 ./Drivers/STM32F1xx_HAL_Driver/Src/stm32f1xx_hal_gpio.o
                0x00000000080033d0                HAL_GPIO_EXTI_IRQHandler
 .text.HAL_I2C_Init
                0x0000000008003400      0x288 ./Drivers/STM32F1xx_HAL_Driver/Src/stm32f1xx_hal_i2c.o
                0x0000000008003400                HAL_I2C_Init
 .text.HAL_I2C_Mem_Write
                0x0000000008003688      0x1f4 ./Drivers/STM32F1xx_HAL_Driver/Src/stm32f1xx_hal_i2c.o
                0x0000000008003688                HAL_I2C_Mem_Write
 .text.HAL_I2C_Mem_Read
                0x000000000800387c      0x4d0 ./Drivers/STM32F1xx_HAL_Driver/Src/stm32f1xx_hal_i2c.o
                0x000000000800387c                HAL_I2C_Mem_Read
 .text.I2C_RequestMemoryWrite
                0x0000000008003d4c      0x12c ./Drivers/STM32F1xx_HAL_Driver/Src/stm32f1xx_hal_i2c.o
 .text.I2C_RequestMemoryRead
                0x0000000008003e78      0x1d0 ./Drivers/STM32F1xx_HAL_Driver/Src/stm32f1xx_hal_i2c.o
 .text.I2C_WaitOnFlagUntilTimeout
                0x0000000008004048       0xae ./Drivers/STM32F1xx_HAL_Driver/Src/stm32f1xx_hal_i2c.o
 .text.I2C_WaitOnMasterAddressFlagUntilTimeout
                0x00000000080040f6       0xfe ./Drivers/STM32F1xx_HAL_Driver/Src/stm32f1xx_hal_i2c.o
 .text.I2C_WaitOnTXEFlagUntilTimeout
                0x00000000080041f4       0x82 ./Drivers/STM32F1xx_HAL_Driver/Src/stm32f1xx_hal_i2c.o
 .text.I2C_WaitOnBTFFlagUntilTimeout
                0x0000000008004276       0x82 ./Drivers/STM32F1xx_HAL_Driver/Src/stm32f1xx_hal_i2c.o
 .text.I2C_WaitOnRXNEFlagUntilTimeout
                0x00000000080042f8       0xac ./Drivers/STM32F1xx_HAL_Driver/Src/stm32f1xx_hal_i2c.o
 .text.I2C_IsAcknowledgeFailed
                0x00000000080043a4       0x5c ./Drivers/STM32F1xx_HAL_Driver/Src/stm32f1xx_hal_i2c.o
 .text.HAL_RCC_OscConfig
                0x0000000008004400      0x504 ./Drivers/STM32F1xx_HAL_Driver/Src/stm32f1xx_hal_rcc.o
                0x0000000008004400                HAL_RCC_OscConfig
 .text.HAL_RCC_ClockConfig
                0x0000000008004904      0x1d4 ./Drivers/STM32F1xx_HAL_Driver/Src/stm32f1xx_hal_rcc.o
                0x0000000008004904                HAL_RCC_ClockConfig
 .text.HAL_RCC_GetSysClockFreq
                0x0000000008004ad8       0xbc ./Drivers/STM32F1xx_HAL_Driver/Src/stm32f1xx_hal_rcc.o
                0x0000000008004ad8                HAL_RCC_GetSysClockFreq
 .text.HAL_RCC_GetHCLKFreq
                0x0000000008004b94       0x14 ./Drivers/STM32F1xx_HAL_Driver/Src/stm32f1xx_hal_rcc.o
                0x0000000008004b94                HAL_RCC_GetHCLKFreq
 .text.HAL_RCC_GetPCLK1Freq
                0x0000000008004ba8       0x28 ./Drivers/STM32F1xx_HAL_Driver/Src/stm32f1xx_hal_rcc.o
                0x0000000008004ba8                HAL_RCC_GetPCLK1Freq
 .text.HAL_RCC_GetPCLK2Freq
                0x0000000008004bd0       0x28 ./Drivers/STM32F1xx_HAL_Driver/Src/stm32f1xx_hal_rcc.o
                0x0000000008004bd0                HAL_RCC_GetPCLK2Freq
 .text.RCC_Delay
                0x0000000008004bf8       0x3c ./Drivers/STM32F1xx_HAL_Driver/Src/stm32f1xx_hal_rcc.o
 .text.HAL_TIM_Base_Init
                0x0000000008004c34       0x9e ./Drivers/STM32F1xx_HAL_Driver/Src/stm32f1xx_hal_tim.o
                0x0000000008004c34                HAL_TIM_Base_Init
 *fill*         0x0000000008004cd2        0x2 
 .text.HAL_TIM_Base_Start_IT
                0x0000000008004cd4       0xa4 ./Drivers/STM32F1xx_HAL_Driver/Src/stm32f1xx_hal_tim.o
                0x0000000008004cd4                HAL_TIM_Base_Start_IT
 .text.HAL_TIM_Base_Stop_IT
                0x0000000008004d78       0x5c ./Drivers/STM32F1xx_HAL_Driver/Src/stm32f1xx_hal_tim.o
                0x0000000008004d78                HAL_TIM_Base_Stop_IT
 .text.HAL_TIM_PWM_Init
                0x0000000008004dd4       0x9e ./Drivers/STM32F1xx_HAL_Driver/Src/stm32f1xx_hal_tim.o
                0x0000000008004dd4                HAL_TIM_PWM_Init
 .text.HAL_TIM_PWM_MspInit
                0x0000000008004e72       0x12 ./Drivers/STM32F1xx_HAL_Driver/Src/stm32f1xx_hal_tim.o
                0x0000000008004e72                HAL_TIM_PWM_MspInit
 .text.HAL_TIM_PWM_Start
                0x0000000008004e84      0x144 ./Drivers/STM32F1xx_HAL_Driver/Src/stm32f1xx_hal_tim.o
                0x0000000008004e84                HAL_TIM_PWM_Start
 .text.HAL_TIM_IRQHandler
                0x0000000008004fc8      0x210 ./Drivers/STM32F1xx_HAL_Driver/Src/stm32f1xx_hal_tim.o
                0x0000000008004fc8                HAL_TIM_IRQHandler
 .text.HAL_TIM_PWM_ConfigChannel
                0x00000000080051d8      0x17c ./Drivers/STM32F1xx_HAL_Driver/Src/stm32f1xx_hal_tim.o
                0x00000000080051d8                HAL_TIM_PWM_ConfigChannel
 .text.HAL_TIM_ConfigClockSource
                0x0000000008005354      0x188 ./Drivers/STM32F1xx_HAL_Driver/Src/stm32f1xx_hal_tim.o
                0x0000000008005354                HAL_TIM_ConfigClockSource
 .text.HAL_TIM_OC_DelayElapsedCallback
                0x00000000080054dc       0x12 ./Drivers/STM32F1xx_HAL_Driver/Src/stm32f1xx_hal_tim.o
                0x00000000080054dc                HAL_TIM_OC_DelayElapsedCallback
 .text.HAL_TIM_IC_CaptureCallback
                0x00000000080054ee       0x12 ./Drivers/STM32F1xx_HAL_Driver/Src/stm32f1xx_hal_tim.o
                0x00000000080054ee                HAL_TIM_IC_CaptureCallback
 .text.HAL_TIM_PWM_PulseFinishedCallback
                0x0000000008005500       0x12 ./Drivers/STM32F1xx_HAL_Driver/Src/stm32f1xx_hal_tim.o
                0x0000000008005500                HAL_TIM_PWM_PulseFinishedCallback
 .text.HAL_TIM_TriggerCallback
                0x0000000008005512       0x12 ./Drivers/STM32F1xx_HAL_Driver/Src/stm32f1xx_hal_tim.o
                0x0000000008005512                HAL_TIM_TriggerCallback
 .text.TIM_Base_SetConfig
                0x0000000008005524       0xc4 ./Drivers/STM32F1xx_HAL_Driver/Src/stm32f1xx_hal_tim.o
                0x0000000008005524                TIM_Base_SetConfig
 .text.TIM_OC1_SetConfig
                0x00000000080055e8       0xcc ./Drivers/STM32F1xx_HAL_Driver/Src/stm32f1xx_hal_tim.o
 .text.TIM_OC2_SetConfig
                0x00000000080056b4       0xd4 ./Drivers/STM32F1xx_HAL_Driver/Src/stm32f1xx_hal_tim.o
                0x00000000080056b4                TIM_OC2_SetConfig
 .text.TIM_OC3_SetConfig
                0x0000000008005788       0xd4 ./Drivers/STM32F1xx_HAL_Driver/Src/stm32f1xx_hal_tim.o
 .text.TIM_OC4_SetConfig
                0x000000000800585c       0x9c ./Drivers/STM32F1xx_HAL_Driver/Src/stm32f1xx_hal_tim.o
 .text.TIM_TI1_ConfigInputStage
                0x00000000080058f8       0x5c ./Drivers/STM32F1xx_HAL_Driver/Src/stm32f1xx_hal_tim.o
 .text.TIM_TI2_ConfigInputStage
                0x0000000008005954       0x5e ./Drivers/STM32F1xx_HAL_Driver/Src/stm32f1xx_hal_tim.o
 .text.TIM_ITRx_SetConfig
                0x00000000080059b2       0x34 ./Drivers/STM32F1xx_HAL_Driver/Src/stm32f1xx_hal_tim.o
 .text.TIM_ETR_SetConfig
                0x00000000080059e6       0x3e ./Drivers/STM32F1xx_HAL_Driver/Src/stm32f1xx_hal_tim.o
                0x00000000080059e6                TIM_ETR_SetConfig
 .text.TIM_CCxChannelCmd
                0x0000000008005a24       0x48 ./Drivers/STM32F1xx_HAL_Driver/Src/stm32f1xx_hal_tim.o
                0x0000000008005a24                TIM_CCxChannelCmd
 .text.HAL_TIMEx_MasterConfigSynchronization
                0x0000000008005a6c       0xbc ./Drivers/STM32F1xx_HAL_Driver/Src/stm32f1xx_hal_tim_ex.o
                0x0000000008005a6c                HAL_TIMEx_MasterConfigSynchronization
 .text.HAL_TIMEx_ConfigBreakDeadTime
                0x0000000008005b28       0xa2 ./Drivers/STM32F1xx_HAL_Driver/Src/stm32f1xx_hal_tim_ex.o
                0x0000000008005b28                HAL_TIMEx_ConfigBreakDeadTime
 .text.HAL_TIMEx_CommutCallback
                0x0000000008005bca       0x12 ./Drivers/STM32F1xx_HAL_Driver/Src/stm32f1xx_hal_tim_ex.o
                0x0000000008005bca                HAL_TIMEx_CommutCallback
 .text.HAL_TIMEx_BreakCallback
                0x0000000008005bdc       0x12 ./Drivers/STM32F1xx_HAL_Driver/Src/stm32f1xx_hal_tim_ex.o
                0x0000000008005bdc                HAL_TIMEx_BreakCallback
 .text.HAL_UART_Init
                0x0000000008005bee       0x9a ./Drivers/STM32F1xx_HAL_Driver/Src/stm32f1xx_hal_uart.o
                0x0000000008005bee                HAL_UART_Init
 .text.HAL_UART_Transmit
                0x0000000008005c88      0x124 ./Drivers/STM32F1xx_HAL_Driver/Src/stm32f1xx_hal_uart.o
                0x0000000008005c88                HAL_UART_Transmit
 .text.HAL_UART_Receive_IT
                0x0000000008005dac       0x60 ./Drivers/STM32F1xx_HAL_Driver/Src/stm32f1xx_hal_uart.o
                0x0000000008005dac                HAL_UART_Receive_IT
 .text.HAL_UART_IRQHandler
                0x0000000008005e0c      0x354 ./Drivers/STM32F1xx_HAL_Driver/Src/stm32f1xx_hal_uart.o
                0x0000000008005e0c                HAL_UART_IRQHandler
 .text.HAL_UART_TxCpltCallback
                0x0000000008006160       0x12 ./Drivers/STM32F1xx_HAL_Driver/Src/stm32f1xx_hal_uart.o
                0x0000000008006160                HAL_UART_TxCpltCallback
 .text.HAL_UART_ErrorCallback
                0x0000000008006172       0x12 ./Drivers/STM32F1xx_HAL_Driver/Src/stm32f1xx_hal_uart.o
                0x0000000008006172                HAL_UART_ErrorCallback
 .text.HAL_UARTEx_RxEventCallback
                0x0000000008006184       0x16 ./Drivers/STM32F1xx_HAL_Driver/Src/stm32f1xx_hal_uart.o
                0x0000000008006184                HAL_UARTEx_RxEventCallback
 .text.UART_WaitOnFlagUntilTimeout
                0x000000000800619a       0x94 ./Drivers/STM32F1xx_HAL_Driver/Src/stm32f1xx_hal_uart.o
 .text.UART_Start_Receive_IT
                0x000000000800622e       0x72 ./Drivers/STM32F1xx_HAL_Driver/Src/stm32f1xx_hal_uart.o
                0x000000000800622e                UART_Start_Receive_IT
 .text.UART_EndRxTransfer
                0x00000000080062a0       0x58 ./Drivers/STM32F1xx_HAL_Driver/Src/stm32f1xx_hal_uart.o
 .text.UART_DMAAbortOnError
                0x00000000080062f8       0x28 ./Drivers/STM32F1xx_HAL_Driver/Src/stm32f1xx_hal_uart.o
 .text.UART_Transmit_IT
                0x0000000008006320       0x9e ./Drivers/STM32F1xx_HAL_Driver/Src/stm32f1xx_hal_uart.o
 .text.UART_EndTransmit_IT
                0x00000000080063be       0x30 ./Drivers/STM32F1xx_HAL_Driver/Src/stm32f1xx_hal_uart.o
 .text.UART_Receive_IT
                0x00000000080063ee      0x152 ./Drivers/STM32F1xx_HAL_Driver/Src/stm32f1xx_hal_uart.o
 .text.UART_SetConfig
                0x0000000008006540      0x11c ./Drivers/STM32F1xx_HAL_Driver/Src/stm32f1xx_hal_uart.o
 .text.__libc_init_array
                0x000000000800665c       0x48 c:/st/stm32cubeide_1.9.0/stm32cubeide/plugins/com.st.stm32cube.ide.mcu.externaltools.gnu-tools-for-stm32.10.3-2021.10.win32_1.0.0.202111181127/tools/bin/../lib/gcc/arm-none-eabi/10.3.1/../../../../arm-none-eabi/lib/thumb/v7-m/nofp\libc_nano.a(lib_a-init.o)
                0x000000000800665c                __libc_init_array
 .text.memset   0x00000000080066a4       0x10 c:/st/stm32cubeide_1.9.0/stm32cubeide/plugins/com.st.stm32cube.ide.mcu.externaltools.gnu-tools-for-stm32.10.3-2021.10.win32_1.0.0.202111181127/tools/bin/../lib/gcc/arm-none-eabi/10.3.1/../../../../arm-none-eabi/lib/thumb/v7-m/nofp\libc_nano.a(lib_a-memset.o)
                0x00000000080066a4                memset
 *(.glue_7)
 .glue_7        0x00000000080066b4        0x0 linker stubs
 *(.glue_7t)
 .glue_7t       0x00000000080066b4        0x0 linker stubs
 *(.eh_frame)
 .eh_frame      0x00000000080066b4        0x0 c:/st/stm32cubeide_1.9.0/stm32cubeide/plugins/com.st.stm32cube.ide.mcu.externaltools.gnu-tools-for-stm32.10.3-2021.10.win32_1.0.0.202111181127/tools/bin/../lib/gcc/arm-none-eabi/10.3.1/thumb/v7-m/nofp/crtbegin.o
 *(.init)
 .init          0x00000000080066b4        0x4 c:/st/stm32cubeide_1.9.0/stm32cubeide/plugins/com.st.stm32cube.ide.mcu.externaltools.gnu-tools-for-stm32.10.3-2021.10.win32_1.0.0.202111181127/tools/bin/../lib/gcc/arm-none-eabi/10.3.1/thumb/v7-m/nofp/crti.o
                0x00000000080066b4                _init
 .init          0x00000000080066b8        0x8 c:/st/stm32cubeide_1.9.0/stm32cubeide/plugins/com.st.stm32cube.ide.mcu.externaltools.gnu-tools-for-stm32.10.3-2021.10.win32_1.0.0.202111181127/tools/bin/../lib/gcc/arm-none-eabi/10.3.1/thumb/v7-m/nofp/crtn.o
 *(.fini)
 .fini          0x00000000080066c0        0x4 c:/st/stm32cubeide_1.9.0/stm32cubeide/plugins/com.st.stm32cube.ide.mcu.externaltools.gnu-tools-for-stm32.10.3-2021.10.win32_1.0.0.202111181127/tools/bin/../lib/gcc/arm-none-eabi/10.3.1/thumb/v7-m/nofp/crti.o
                0x00000000080066c0                _fini
 .fini          0x00000000080066c4        0x8 c:/st/stm32cubeide_1.9.0/stm32cubeide/plugins/com.st.stm32cube.ide.mcu.externaltools.gnu-tools-for-stm32.10.3-2021.10.win32_1.0.0.202111181127/tools/bin/../lib/gcc/arm-none-eabi/10.3.1/thumb/v7-m/nofp/crtn.o
                0x00000000080066cc                . = ALIGN (0x4)
                0x00000000080066cc                _etext = .

.vfp11_veneer   0x00000000080066cc        0x0
 .vfp11_veneer  0x00000000080066cc        0x0 linker stubs

.v4_bx          0x00000000080066cc        0x0
 .v4_bx         0x00000000080066cc        0x0 linker stubs

.iplt           0x00000000080066cc        0x0
 .iplt          0x00000000080066cc        0x0 c:/st/stm32cubeide_1.9.0/stm32cubeide/plugins/com.st.stm32cube.ide.mcu.externaltools.gnu-tools-for-stm32.10.3-2021.10.win32_1.0.0.202111181127/tools/bin/../lib/gcc/arm-none-eabi/10.3.1/thumb/v7-m/nofp/crtbegin.o

.rodata         0x00000000080066cc       0x84
                0x00000000080066cc                . = ALIGN (0x4)
 *(.rodata)
 .rodata        0x00000000080066cc       0x5a ./Core/Src/main.o
 *fill*         0x0000000008006726        0x2 
 .rodata        0x0000000008006728       0x10 ./Drivers/STM32F1xx_HAL_Driver/Src/stm32f1xx_hal_rcc.o
 *(.rodata*)
 .rodata.AHBPrescTable
                0x0000000008006738       0x10 ./Core/Src/system_stm32f1xx.o
                0x0000000008006738                AHBPrescTable
 .rodata.APBPrescTable
                0x0000000008006748        0x8 ./Core/Src/system_stm32f1xx.o
                0x0000000008006748                APBPrescTable
                0x0000000008006750                . = ALIGN (0x4)

.rel.dyn        0x0000000008006750        0x0
 .rel.iplt      0x0000000008006750        0x0 c:/st/stm32cubeide_1.9.0/stm32cubeide/plugins/com.st.stm32cube.ide.mcu.externaltools.gnu-tools-for-stm32.10.3-2021.10.win32_1.0.0.202111181127/tools/bin/../lib/gcc/arm-none-eabi/10.3.1/thumb/v7-m/nofp/crtbegin.o

.ARM.extab      0x0000000008006750        0x0
                0x0000000008006750                . = ALIGN (0x4)
 *(.ARM.extab* .gnu.linkonce.armextab.*)
                0x0000000008006750                . = ALIGN (0x4)

.ARM            0x0000000008006750        0x0
                0x0000000008006750                . = ALIGN (0x4)
                0x0000000008006750                __exidx_start = .
 *(.ARM.exidx*)
                0x0000000008006750                __exidx_end = .
                0x0000000008006750                . = ALIGN (0x4)

.preinit_array  0x0000000008006750        0x0
                0x0000000008006750                . = ALIGN (0x4)
                0x0000000008006750                PROVIDE (__preinit_array_start = .)
 *(.preinit_array*)
                0x0000000008006750                PROVIDE (__preinit_array_end = .)
                0x0000000008006750                . = ALIGN (0x4)

.init_array     0x0000000008006750        0x4
                0x0000000008006750                . = ALIGN (0x4)
                0x0000000008006750                PROVIDE (__init_array_start = .)
 *(SORT_BY_NAME(.init_array.*))
 *(.init_array*)
 .init_array    0x0000000008006750        0x4 c:/st/stm32cubeide_1.9.0/stm32cubeide/plugins/com.st.stm32cube.ide.mcu.externaltools.gnu-tools-for-stm32.10.3-2021.10.win32_1.0.0.202111181127/tools/bin/../lib/gcc/arm-none-eabi/10.3.1/thumb/v7-m/nofp/crtbegin.o
                0x0000000008006754                PROVIDE (__init_array_end = .)
                0x0000000008006754                . = ALIGN (0x4)

.fini_array     0x0000000008006754        0x4
                0x0000000008006754                . = ALIGN (0x4)
                [!provide]                        PROVIDE (__fini_array_start = .)
 *(SORT_BY_NAME(.fini_array.*))
 *(.fini_array*)
 .fini_array    0x0000000008006754        0x4 c:/st/stm32cubeide_1.9.0/stm32cubeide/plugins/com.st.stm32cube.ide.mcu.externaltools.gnu-tools-for-stm32.10.3-2021.10.win32_1.0.0.202111181127/tools/bin/../lib/gcc/arm-none-eabi/10.3.1/thumb/v7-m/nofp/crtbegin.o
                [!provide]                        PROVIDE (__fini_array_end = .)
                0x0000000008006758                . = ALIGN (0x4)
                0x0000000008006758                _sidata = LOADADDR (.data)

.data           0x0000000020000000       0x70 load address 0x0000000008006758
                0x0000000020000000                . = ALIGN (0x4)
                0x0000000020000000                _sdata = .
 *(.data)
 *(.data*)
 .data.timer2_period
                0x0000000020000000        0x1 ./Core/Src/main.o
                0x0000000020000000                timer2_period
 .data.MIN_PWM  0x0000000020000001        0x1 ./Core/Src/main.o
                0x0000000020000001                MIN_PWM
 .data.MAX_PWM  0x0000000020000002        0x1 ./Core/Src/main.o
                0x0000000020000002                MAX_PWM
 *fill*         0x0000000020000003        0x1 
 .data.PID      0x0000000020000004       0x32 ./Core/Src/main.o
                0x0000000020000004                PID
 *fill*         0x0000000020000036        0x2 
 .data.Work_Mode
                0x0000000020000038        0x7 ./Core/Src/main.o
                0x0000000020000038                Work_Mode
 *fill*         0x000000002000003f        0x1 
 .data.WiFi_Status
                0x0000000020000040        0x7 ./Core/Src/main.o
                0x0000000020000040                WiFi_Status
 *fill*         0x0000000020000047        0x1 
 .data.Longpress_Tx_Buff
                0x0000000020000048        0xa ./Core/Src/main.o
                0x0000000020000048                Longpress_Tx_Buff
 *fill*         0x0000000020000052        0x2 
 .data.Hbt      0x0000000020000054        0x8 ./Core/Src/main.o
                0x0000000020000054                Hbt
 .data.Hbt1     0x000000002000005c        0x8 ./Core/Src/main.o
                0x000000002000005c                Hbt1
 .data.SystemCoreClock
                0x0000000020000064        0x4 ./Core/Src/system_stm32f1xx.o
                0x0000000020000064                SystemCoreClock
 .data.uwTickPrio
                0x0000000020000068        0x4 ./Drivers/STM32F1xx_HAL_Driver/Src/stm32f1xx_hal.o
                0x0000000020000068                uwTickPrio
 .data.uwTickFreq
                0x000000002000006c        0x1 ./Drivers/STM32F1xx_HAL_Driver/Src/stm32f1xx_hal.o
                0x000000002000006c                uwTickFreq
 *(.RamFunc)
 *(.RamFunc*)
                0x0000000020000070                . = ALIGN (0x4)
 *fill*         0x000000002000006d        0x3 
                0x0000000020000070                _edata = .

.igot.plt       0x0000000020000070        0x0 load address 0x00000000080067c8
 .igot.plt      0x0000000020000070        0x0 c:/st/stm32cubeide_1.9.0/stm32cubeide/plugins/com.st.stm32cube.ide.mcu.externaltools.gnu-tools-for-stm32.10.3-2021.10.win32_1.0.0.202111181127/tools/bin/../lib/gcc/arm-none-eabi/10.3.1/thumb/v7-m/nofp/crtbegin.o
                0x0000000020000070                . = ALIGN (0x4)

.bss            0x0000000020000070      0x384 load address 0x00000000080067c8
                0x0000000020000070                _sbss = .
                0x0000000020000070                __bss_start__ = _sbss
 *(.bss)
 .bss           0x0000000020000070       0x1c c:/st/stm32cubeide_1.9.0/stm32cubeide/plugins/com.st.stm32cube.ide.mcu.externaltools.gnu-tools-for-stm32.10.3-2021.10.win32_1.0.0.202111181127/tools/bin/../lib/gcc/arm-none-eabi/10.3.1/thumb/v7-m/nofp/crtbegin.o
 *(.bss*)
 .bss.hi2c1     0x000000002000008c       0x54 ./Core/Src/i2c.o
                0x000000002000008c                hi2c1
 .bss.dimmer_level
                0x00000000200000e0        0x1 ./Core/Src/main.o
                0x00000000200000e0                dimmer_level
 .bss.dimmer_flag
                0x00000000200000e1        0x1 ./Core/Src/main.o
                0x00000000200000e1                dimmer_flag
 .bss.dimmer_value_change_flag
                0x00000000200000e2        0x1 ./Core/Src/main.o
                0x00000000200000e2                dimmer_value_change_flag
 .bss.dimmer_enable_flag
                0x00000000200000e3        0x1 ./Core/Src/main.o
                0x00000000200000e3                dimmer_enable_flag
 .bss.Touch_Flag
                0x00000000200000e4        0x9 ./Core/Src/main.o
                0x00000000200000e4                Touch_Flag
 .bss.wrI       0x00000000200000ed        0x1 ./Core/Src/main.o
                0x00000000200000ed                wrI
 .bss.rdI       0x00000000200000ee        0x1 ./Core/Src/main.o
                0x00000000200000ee                rdI
 .bss.Count     0x00000000200000ef        0x1 ./Core/Src/main.o
                0x00000000200000ef                Count
 .bss.Cyclic_Buffer
                0x00000000200000f0      0x100 ./Core/Src/main.o
                0x00000000200000f0                Cyclic_Buffer
 .bss.Rx_First_byte
                0x00000000200001f0        0x1 ./Core/Src/main.o
                0x00000000200001f0                Rx_First_byte
 .bss.Rx_Second_byte
                0x00000000200001f1        0x1 ./Core/Src/main.o
                0x00000000200001f1                Rx_Second_byte
 *fill*         0x00000000200001f2        0x2 
 .bss.RX_Data   0x00000000200001f4       0x64 ./Core/Src/main.o
                0x00000000200001f4                RX_Data
 .bss.RX_data_Count
                0x0000000020000258        0x1 ./Core/Src/main.o
                0x0000000020000258                RX_data_Count
 .bss.RX_Buffer
                0x0000000020000259        0x1 ./Core/Src/main.o
                0x0000000020000259                RX_Buffer
 .bss.RX_data_length
                0x000000002000025a        0x1 ./Core/Src/main.o
                0x000000002000025a                RX_data_length
 .bss.RX_Data_Start_Flag
                0x000000002000025b        0x1 ./Core/Src/main.o
                0x000000002000025b                RX_Data_Start_Flag
 .bss.RX_Complete_flag
                0x000000002000025c        0x1 ./Core/Src/main.o
                0x000000002000025c                RX_Complete_flag
 .bss.Rx_CNT    0x000000002000025d        0x1 ./Core/Src/main.o
                0x000000002000025d                Rx_CNT
 *fill*         0x000000002000025e        0x2 
 .bss.timer_val
                0x0000000020000260        0x4 ./Core/Src/main.o
                0x0000000020000260                timer_val
 .bss.Tuya_Heart_Flag
                0x0000000020000264        0x1 ./Core/Src/main.o
                0x0000000020000264                Tuya_Heart_Flag
 .bss.Tuya_Reset_Flag
                0x0000000020000265        0x1 ./Core/Src/main.o
                0x0000000020000265                Tuya_Reset_Flag
 *fill*         0x0000000020000266        0x2 
 .bss.Tuya_Start_Time
                0x0000000020000268        0x4 ./Core/Src/main.o
                0x0000000020000268                Tuya_Start_Time
 .bss.Tuya_flag
                0x000000002000026c        0x1 ./Core/Src/main.o
                0x000000002000026c                Tuya_flag
 .bss.Idication_Flag
                0x000000002000026d        0x1 ./Core/Src/main.o
                0x000000002000026d                Idication_Flag
 .bss.Idication_Control_Flag
                0x000000002000026e        0x1 ./Core/Src/main.o
                0x000000002000026e                Idication_Control_Flag
 .bss.ZERO_PWM  0x000000002000026f        0x1 ./Core/Src/main.o
                0x000000002000026f                ZERO_PWM
 .bss.Temp_var  0x0000000020000270        0x1 ./Core/Src/main.o
                0x0000000020000270                Temp_var
 *fill*         0x0000000020000271        0x3 
 .bss.Start_Time.7
                0x0000000020000274        0x4 ./Core/Src/main.o
 .bss.long_press.6
                0x0000000020000278        0x1 ./Core/Src/main.o
 .bss.long_press.5
                0x0000000020000279        0x1 ./Core/Src/main.o
 *fill*         0x000000002000027a        0x2 
 .bss.Start_Time.4
                0x000000002000027c        0x4 ./Core/Src/main.o
 .bss.temp_flag.3
                0x0000000020000280        0x1 ./Core/Src/main.o
 *fill*         0x0000000020000281        0x3 
 .bss.Indication_Start_Time.2
                0x0000000020000284        0x4 ./Core/Src/main.o
 .bss.Breath.1  0x0000000020000288        0x1 ./Core/Src/main.o
 .bss.Breath_Flag.0
                0x0000000020000289        0x1 ./Core/Src/main.o
 *fill*         0x000000002000028a        0x2 
 .bss.htim1     0x000000002000028c       0x48 ./Core/Src/tim.o
                0x000000002000028c                htim1
 .bss.htim2     0x00000000200002d4       0x48 ./Core/Src/tim.o
                0x00000000200002d4                htim2
 .bss.htim3     0x000000002000031c       0x48 ./Core/Src/tim.o
                0x000000002000031c                htim3
 .bss.htim4     0x0000000020000364       0x48 ./Core/Src/tim.o
                0x0000000020000364                htim4
 .bss.huart2    0x00000000200003ac       0x44 ./Core/Src/usart.o
                0x00000000200003ac                huart2
 .bss.uwTick    0x00000000200003f0        0x4 ./Drivers/STM32F1xx_HAL_Driver/Src/stm32f1xx_hal.o
                0x00000000200003f0                uwTick
 *(COMMON)
                0x00000000200003f4                . = ALIGN (0x4)
                0x00000000200003f4                _ebss = .
                0x00000000200003f4                __bss_end__ = _ebss

._user_heap_stack
                0x00000000200003f4      0x604 load address 0x00000000080067c8
                0x00000000200003f8                . = ALIGN (0x8)
 *fill*         0x00000000200003f4        0x4 
                [!provide]                        PROVIDE (end = .)
                0x00000000200003f8                PROVIDE (_end = .)
                0x00000000200005f8                . = (. + _Min_Heap_Size)
 *fill*         0x00000000200003f8      0x200 
                0x00000000200009f8                . = (. + _Min_Stack_Size)
 *fill*         0x00000000200005f8      0x400 
                0x00000000200009f8                . = ALIGN (0x8)

/DISCARD/
 libc.a(*)
 libm.a(*)
 libgcc.a(*)

.ARM.attributes
                0x0000000000000000       0x29
 *(.ARM.attributes)
 .ARM.attributes
                0x0000000000000000       0x1d c:/st/stm32cubeide_1.9.0/stm32cubeide/plugins/com.st.stm32cube.ide.mcu.externaltools.gnu-tools-for-stm32.10.3-2021.10.win32_1.0.0.202111181127/tools/bin/../lib/gcc/arm-none-eabi/10.3.1/thumb/v7-m/nofp/crti.o
 .ARM.attributes
                0x000000000000001d       0x2d c:/st/stm32cubeide_1.9.0/stm32cubeide/plugins/com.st.stm32cube.ide.mcu.externaltools.gnu-tools-for-stm32.10.3-2021.10.win32_1.0.0.202111181127/tools/bin/../lib/gcc/arm-none-eabi/10.3.1/thumb/v7-m/nofp/crtbegin.o
 .ARM.attributes
                0x000000000000004a       0x2d ./Core/Src/gpio.o
 .ARM.attributes
                0x0000000000000077       0x2d ./Core/Src/i2c.o
 .ARM.attributes
                0x00000000000000a4       0x2d ./Core/Src/main.o
 .ARM.attributes
                0x00000000000000d1       0x2d ./Core/Src/stm32f1xx_hal_msp.o
 .ARM.attributes
                0x00000000000000fe       0x2d ./Core/Src/stm32f1xx_it.o
 .ARM.attributes
                0x000000000000012b       0x2d ./Core/Src/system_stm32f1xx.o
 .ARM.attributes
                0x0000000000000158       0x2d ./Core/Src/tim.o
 .ARM.attributes
                0x0000000000000185       0x2d ./Core/Src/usart.o
 .ARM.attributes
                0x00000000000001b2       0x21 ./Core/Startup/startup_stm32f103v8tx.o
 .ARM.attributes
                0x00000000000001d3       0x2d ./Drivers/STM32F1xx_HAL_Driver/Src/stm32f1xx_hal.o
 .ARM.attributes
                0x0000000000000200       0x2d ./Drivers/STM32F1xx_HAL_Driver/Src/stm32f1xx_hal_cortex.o
 .ARM.attributes
                0x000000000000022d       0x2d ./Drivers/STM32F1xx_HAL_Driver/Src/stm32f1xx_hal_dma.o
 .ARM.attributes
                0x000000000000025a       0x2d ./Drivers/STM32F1xx_HAL_Driver/Src/stm32f1xx_hal_gpio.o
 .ARM.attributes
                0x0000000000000287       0x2d ./Drivers/STM32F1xx_HAL_Driver/Src/stm32f1xx_hal_i2c.o
 .ARM.attributes
                0x00000000000002b4       0x2d ./Drivers/STM32F1xx_HAL_Driver/Src/stm32f1xx_hal_rcc.o
 .ARM.attributes
                0x00000000000002e1       0x2d ./Drivers/STM32F1xx_HAL_Driver/Src/stm32f1xx_hal_tim.o
 .ARM.attributes
                0x000000000000030e       0x2d ./Drivers/STM32F1xx_HAL_Driver/Src/stm32f1xx_hal_tim_ex.o
 .ARM.attributes
                0x000000000000033b       0x2d ./Drivers/STM32F1xx_HAL_Driver/Src/stm32f1xx_hal_uart.o
 .ARM.attributes
                0x0000000000000368       0x2d c:/st/stm32cubeide_1.9.0/stm32cubeide/plugins/com.st.stm32cube.ide.mcu.externaltools.gnu-tools-for-stm32.10.3-2021.10.win32_1.0.0.202111181127/tools/bin/../lib/gcc/arm-none-eabi/10.3.1/../../../../arm-none-eabi/lib/thumb/v7-m/nofp\libc_nano.a(lib_a-init.o)
 .ARM.attributes
                0x0000000000000395       0x2d c:/st/stm32cubeide_1.9.0/stm32cubeide/plugins/com.st.stm32cube.ide.mcu.externaltools.gnu-tools-for-stm32.10.3-2021.10.win32_1.0.0.202111181127/tools/bin/../lib/gcc/arm-none-eabi/10.3.1/../../../../arm-none-eabi/lib/thumb/v7-m/nofp\libc_nano.a(lib_a-memset.o)
 .ARM.attributes
                0x00000000000003c2       0x1d c:/st/stm32cubeide_1.9.0/stm32cubeide/plugins/com.st.stm32cube.ide.mcu.externaltools.gnu-tools-for-stm32.10.3-2021.10.win32_1.0.0.202111181127/tools/bin/../lib/gcc/arm-none-eabi/10.3.1/thumb/v7-m/nofp\libgcc.a(_arm_muldf3.o)
 .ARM.attributes
                0x00000000000003df       0x1d c:/st/stm32cubeide_1.9.0/stm32cubeide/plugins/com.st.stm32cube.ide.mcu.externaltools.gnu-tools-for-stm32.10.3-2021.10.win32_1.0.0.202111181127/tools/bin/../lib/gcc/arm-none-eabi/10.3.1/thumb/v7-m/nofp\libgcc.a(_arm_addsubdf3.o)
 .ARM.attributes
                0x00000000000003fc       0x1d c:/st/stm32cubeide_1.9.0/stm32cubeide/plugins/com.st.stm32cube.ide.mcu.externaltools.gnu-tools-for-stm32.10.3-2021.10.win32_1.0.0.202111181127/tools/bin/../lib/gcc/arm-none-eabi/10.3.1/thumb/v7-m/nofp\libgcc.a(_arm_fixunsdfsi.o)
 .ARM.attributes
                0x0000000000000419       0x1d c:/st/stm32cubeide_1.9.0/stm32cubeide/plugins/com.st.stm32cube.ide.mcu.externaltools.gnu-tools-for-stm32.10.3-2021.10.win32_1.0.0.202111181127/tools/bin/../lib/gcc/arm-none-eabi/10.3.1/thumb/v7-m/nofp/crtn.o
OUTPUT(FINAL_CONFIGURATION_DIMMER3.elf elf32-littlearm)
LOAD linker stubs
LOAD c:/st/stm32cubeide_1.9.0/stm32cubeide/plugins/com.st.stm32cube.ide.mcu.externaltools.gnu-tools-for-stm32.10.3-2021.10.win32_1.0.0.202111181127/tools/bin/../lib/gcc/arm-none-eabi/10.3.1/../../../../arm-none-eabi/lib/thumb/v7-m/nofp\libc.a
LOAD c:/st/stm32cubeide_1.9.0/stm32cubeide/plugins/com.st.stm32cube.ide.mcu.externaltools.gnu-tools-for-stm32.10.3-2021.10.win32_1.0.0.202111181127/tools/bin/../lib/gcc/arm-none-eabi/10.3.1/../../../../arm-none-eabi/lib/thumb/v7-m/nofp\libm.a
LOAD c:/st/stm32cubeide_1.9.0/stm32cubeide/plugins/com.st.stm32cube.ide.mcu.externaltools.gnu-tools-for-stm32.10.3-2021.10.win32_1.0.0.202111181127/tools/bin/../lib/gcc/arm-none-eabi/10.3.1/thumb/v7-m/nofp\libgcc.a

.debug_info     0x0000000000000000     0xf1b3
 .debug_info    0x0000000000000000      0x4ab ./Core/Src/gpio.o
 .debug_info    0x00000000000004ab      0x85b ./Core/Src/i2c.o
 .debug_info    0x0000000000000d06     0x1943 ./Core/Src/main.o
 .debug_info    0x0000000000002649      0x210 ./Core/Src/stm32f1xx_hal_msp.o
 .debug_info    0x0000000000002859      0x9ad ./Core/Src/stm32f1xx_it.o
 .debug_info    0x0000000000003206      0x23d ./Core/Src/system_stm32f1xx.o
 .debug_info    0x0000000000003443      0xf41 ./Core/Src/tim.o
 .debug_info    0x0000000000004384      0xa08 ./Core/Src/usart.o
 .debug_info    0x0000000000004d8c       0x22 ./Core/Startup/startup_stm32f103v8tx.o
 .debug_info    0x0000000000004dae      0x734 ./Drivers/STM32F1xx_HAL_Driver/Src/stm32f1xx_hal.o
 .debug_info    0x00000000000054e2      0xb20 ./Drivers/STM32F1xx_HAL_Driver/Src/stm32f1xx_hal_cortex.o
 .debug_info    0x0000000000006002      0x73f ./Drivers/STM32F1xx_HAL_Driver/Src/stm32f1xx_hal_dma.o
 .debug_info    0x0000000000006741      0x615 ./Drivers/STM32F1xx_HAL_Driver/Src/stm32f1xx_hal_gpio.o
 .debug_info    0x0000000000006d56     0x2734 ./Drivers/STM32F1xx_HAL_Driver/Src/stm32f1xx_hal_i2c.o
 .debug_info    0x000000000000948a      0x860 ./Drivers/STM32F1xx_HAL_Driver/Src/stm32f1xx_hal_rcc.o
 .debug_info    0x0000000000009cea     0x29de ./Drivers/STM32F1xx_HAL_Driver/Src/stm32f1xx_hal_tim.o
 .debug_info    0x000000000000c6c8     0x1513 ./Drivers/STM32F1xx_HAL_Driver/Src/stm32f1xx_hal_tim_ex.o
 .debug_info    0x000000000000dbdb     0x15d8 ./Drivers/STM32F1xx_HAL_Driver/Src/stm32f1xx_hal_uart.o

.debug_abbrev   0x0000000000000000     0x2322
 .debug_abbrev  0x0000000000000000      0x152 ./Core/Src/gpio.o
 .debug_abbrev  0x0000000000000152      0x1ce ./Core/Src/i2c.o
 .debug_abbrev  0x0000000000000320      0x2ea ./Core/Src/main.o
 .debug_abbrev  0x000000000000060a       0xd4 ./Core/Src/stm32f1xx_hal_msp.o
 .debug_abbrev  0x00000000000006de      0x199 ./Core/Src/stm32f1xx_it.o
 .debug_abbrev  0x0000000000000877      0x13b ./Core/Src/system_stm32f1xx.o
 .debug_abbrev  0x00000000000009b2      0x255 ./Core/Src/tim.o
 .debug_abbrev  0x0000000000000c07      0x1fe ./Core/Src/usart.o
 .debug_abbrev  0x0000000000000e05       0x12 ./Core/Startup/startup_stm32f103v8tx.o
 .debug_abbrev  0x0000000000000e17      0x1fb ./Drivers/STM32F1xx_HAL_Driver/Src/stm32f1xx_hal.o
 .debug_abbrev  0x0000000000001012      0x2ed ./Drivers/STM32F1xx_HAL_Driver/Src/stm32f1xx_hal_cortex.o
 .debug_abbrev  0x00000000000012ff      0x1fe ./Drivers/STM32F1xx_HAL_Driver/Src/stm32f1xx_hal_dma.o
 .debug_abbrev  0x00000000000014fd      0x1bb ./Drivers/STM32F1xx_HAL_Driver/Src/stm32f1xx_hal_gpio.o
 .debug_abbrev  0x00000000000016b8      0x288 ./Drivers/STM32F1xx_HAL_Driver/Src/stm32f1xx_hal_i2c.o
 .debug_abbrev  0x0000000000001940      0x2a8 ./Drivers/STM32F1xx_HAL_Driver/Src/stm32f1xx_hal_rcc.o
 .debug_abbrev  0x0000000000001be8      0x25d ./Drivers/STM32F1xx_HAL_Driver/Src/stm32f1xx_hal_tim.o
 .debug_abbrev  0x0000000000001e45      0x265 ./Drivers/STM32F1xx_HAL_Driver/Src/stm32f1xx_hal_tim_ex.o
 .debug_abbrev  0x00000000000020aa      0x278 ./Drivers/STM32F1xx_HAL_Driver/Src/stm32f1xx_hal_uart.o

.debug_aranges  0x0000000000000000      0xfa0
 .debug_aranges
                0x0000000000000000       0x20 ./Core/Src/gpio.o
 .debug_aranges
                0x0000000000000020       0x30 ./Core/Src/i2c.o
 .debug_aranges
                0x0000000000000050       0xc8 ./Core/Src/main.o
 .debug_aranges
                0x0000000000000118       0x20 ./Core/Src/stm32f1xx_hal_msp.o
 .debug_aranges
                0x0000000000000138       0x78 ./Core/Src/stm32f1xx_it.o
 .debug_aranges
                0x00000000000001b0       0x28 ./Core/Src/system_stm32f1xx.o
 .debug_aranges
                0x00000000000001d8       0x50 ./Core/Src/tim.o
 .debug_aranges
                0x0000000000000228       0x30 ./Core/Src/usart.o
 .debug_aranges
                0x0000000000000258       0x28 ./Core/Startup/startup_stm32f103v8tx.o
 .debug_aranges
                0x0000000000000280       0xe0 ./Drivers/STM32F1xx_HAL_Driver/Src/stm32f1xx_hal.o
 .debug_aranges
                0x0000000000000360      0x100 ./Drivers/STM32F1xx_HAL_Driver/Src/stm32f1xx_hal_cortex.o
 .debug_aranges
                0x0000000000000460       0x80 ./Drivers/STM32F1xx_HAL_Driver/Src/stm32f1xx_hal_dma.o
 .debug_aranges
                0x00000000000004e0       0x58 ./Drivers/STM32F1xx_HAL_Driver/Src/stm32f1xx_hal_gpio.o
 .debug_aranges
                0x0000000000000538      0x2a0 ./Drivers/STM32F1xx_HAL_Driver/Src/stm32f1xx_hal_i2c.o
 .debug_aranges
                0x00000000000007d8       0x90 ./Drivers/STM32F1xx_HAL_Driver/Src/stm32f1xx_hal_rcc.o
 .debug_aranges
                0x0000000000000868      0x3d0 ./Drivers/STM32F1xx_HAL_Driver/Src/stm32f1xx_hal_tim.o
 .debug_aranges
                0x0000000000000c38      0x168 ./Drivers/STM32F1xx_HAL_Driver/Src/stm32f1xx_hal_tim_ex.o
 .debug_aranges
                0x0000000000000da0      0x200 ./Drivers/STM32F1xx_HAL_Driver/Src/stm32f1xx_hal_uart.o

.debug_ranges   0x0000000000000000      0xee0
 .debug_ranges  0x0000000000000000       0x10 ./Core/Src/gpio.o
 .debug_ranges  0x0000000000000010       0x20 ./Core/Src/i2c.o
 .debug_ranges  0x0000000000000030       0xb8 ./Core/Src/main.o
 .debug_ranges  0x00000000000000e8       0x10 ./Core/Src/stm32f1xx_hal_msp.o
 .debug_ranges  0x00000000000000f8       0x68 ./Core/Src/stm32f1xx_it.o
 .debug_ranges  0x0000000000000160       0x18 ./Core/Src/system_stm32f1xx.o
 .debug_ranges  0x0000000000000178       0x40 ./Core/Src/tim.o
 .debug_ranges  0x00000000000001b8       0x20 ./Core/Src/usart.o
 .debug_ranges  0x00000000000001d8       0x20 ./Core/Startup/startup_stm32f103v8tx.o
 .debug_ranges  0x00000000000001f8       0xd0 ./Drivers/STM32F1xx_HAL_Driver/Src/stm32f1xx_hal.o
 .debug_ranges  0x00000000000002c8       0xf0 ./Drivers/STM32F1xx_HAL_Driver/Src/stm32f1xx_hal_cortex.o
 .debug_ranges  0x00000000000003b8       0x70 ./Drivers/STM32F1xx_HAL_Driver/Src/stm32f1xx_hal_dma.o
 .debug_ranges  0x0000000000000428       0x48 ./Drivers/STM32F1xx_HAL_Driver/Src/stm32f1xx_hal_gpio.o
 .debug_ranges  0x0000000000000470      0x2b8 ./Drivers/STM32F1xx_HAL_Driver/Src/stm32f1xx_hal_i2c.o
 .debug_ranges  0x0000000000000728       0x80 ./Drivers/STM32F1xx_HAL_Driver/Src/stm32f1xx_hal_rcc.o
 .debug_ranges  0x00000000000007a8      0x3c0 ./Drivers/STM32F1xx_HAL_Driver/Src/stm32f1xx_hal_tim.o
 .debug_ranges  0x0000000000000b68      0x158 ./Drivers/STM32F1xx_HAL_Driver/Src/stm32f1xx_hal_tim_ex.o
 .debug_ranges  0x0000000000000cc0      0x220 ./Drivers/STM32F1xx_HAL_Driver/Src/stm32f1xx_hal_uart.o

.debug_macro    0x0000000000000000    0x179f1
 .debug_macro   0x0000000000000000      0x1c6 ./Core/Src/gpio.o
 .debug_macro   0x00000000000001c6      0xa6c ./Core/Src/gpio.o
 .debug_macro   0x0000000000000c32      0x221 ./Core/Src/gpio.o
 .debug_macro   0x0000000000000e53       0x2e ./Core/Src/gpio.o
 .debug_macro   0x0000000000000e81       0x22 ./Core/Src/gpio.o
 .debug_macro   0x0000000000000ea3       0x22 ./Core/Src/gpio.o
 .debug_macro   0x0000000000000ec5       0x8e ./Core/Src/gpio.o
 .debug_macro   0x0000000000000f53       0x51 ./Core/Src/gpio.o
 .debug_macro   0x0000000000000fa4      0x103 ./Core/Src/gpio.o
 .debug_macro   0x00000000000010a7       0x6a ./Core/Src/gpio.o
 .debug_macro   0x0000000000001111      0x1df ./Core/Src/gpio.o
 .debug_macro   0x00000000000012f0       0x1c ./Core/Src/gpio.o
 .debug_macro   0x000000000000130c       0x22 ./Core/Src/gpio.o
 .debug_macro   0x000000000000132e       0xbd ./Core/Src/gpio.o
 .debug_macro   0x00000000000013eb      0xd23 ./Core/Src/gpio.o
 .debug_macro   0x000000000000210e     0xe09e ./Core/Src/gpio.o
 .debug_macro   0x00000000000101ac       0x6d ./Core/Src/gpio.o
 .debug_macro   0x0000000000010219     0x3468 ./Core/Src/gpio.o
 .debug_macro   0x0000000000013681      0x174 ./Core/Src/gpio.o
 .debug_macro   0x00000000000137f5       0x5c ./Core/Src/gpio.o
 .debug_macro   0x0000000000013851      0x5be ./Core/Src/gpio.o
 .debug_macro   0x0000000000013e0f      0x289 ./Core/Src/gpio.o
 .debug_macro   0x0000000000014098      0x1cb ./Core/Src/gpio.o
 .debug_macro   0x0000000000014263      0x114 ./Core/Src/gpio.o
 .debug_macro   0x0000000000014377      0x1b2 ./Core/Src/gpio.o
 .debug_macro   0x0000000000014529       0x27 ./Core/Src/gpio.o
 .debug_macro   0x0000000000014550      0x136 ./Core/Src/gpio.o
 .debug_macro   0x0000000000014686      0x1bc ./Core/Src/gpio.o
 .debug_macro   0x0000000000014842       0x34 ./Core/Src/gpio.o
 .debug_macro   0x0000000000014876       0x3c ./Core/Src/gpio.o
 .debug_macro   0x00000000000148b2       0x57 ./Core/Src/gpio.o
 .debug_macro   0x0000000000014909       0x88 ./Core/Src/gpio.o
 .debug_macro   0x0000000000014991      0x241 ./Core/Src/gpio.o
 .debug_macro   0x0000000000014bd2      0x287 ./Core/Src/gpio.o
 .debug_macro   0x0000000000014e59      0x141 ./Core/Src/gpio.o
 .debug_macro   0x0000000000014f9a      0x8d1 ./Core/Src/gpio.o
 .debug_macro   0x000000000001586b      0x279 ./Core/Src/gpio.o
 .debug_macro   0x0000000000015ae4       0x83 ./Core/Src/gpio.o
 .debug_macro   0x0000000000015b67      0x1b1 ./Core/Src/gpio.o
 .debug_macro   0x0000000000015d18      0x1c6 ./Core/Src/i2c.o
 .debug_macro   0x0000000000015ede      0x259 ./Core/Src/main.o
 .debug_macro   0x0000000000016137      0x1bc ./Core/Src/stm32f1xx_hal_msp.o
 .debug_macro   0x00000000000162f3      0x1c6 ./Core/Src/stm32f1xx_it.o
 .debug_macro   0x00000000000164b9      0x1ad ./Core/Src/system_stm32f1xx.o
 .debug_macro   0x0000000000016666      0x1c6 ./Core/Src/tim.o
 .debug_macro   0x000000000001682c      0x1c6 ./Core/Src/usart.o
 .debug_macro   0x00000000000169f2      0x1d1 ./Drivers/STM32F1xx_HAL_Driver/Src/stm32f1xx_hal.o
 .debug_macro   0x0000000000016bc3      0x1ad ./Drivers/STM32F1xx_HAL_Driver/Src/stm32f1xx_hal_cortex.o
 .debug_macro   0x0000000000016d70      0x1ad ./Drivers/STM32F1xx_HAL_Driver/Src/stm32f1xx_hal_dma.o
 .debug_macro   0x0000000000016f1d      0x218 ./Drivers/STM32F1xx_HAL_Driver/Src/stm32f1xx_hal_gpio.o
 .debug_macro   0x0000000000017135      0x1f4 ./Drivers/STM32F1xx_HAL_Driver/Src/stm32f1xx_hal_i2c.o
 .debug_macro   0x0000000000017329      0x1bf ./Drivers/STM32F1xx_HAL_Driver/Src/stm32f1xx_hal_rcc.o
 .debug_macro   0x00000000000174e8      0x1ae ./Drivers/STM32F1xx_HAL_Driver/Src/stm32f1xx_hal_tim.o
 .debug_macro   0x0000000000017696      0x1ad ./Drivers/STM32F1xx_HAL_Driver/Src/stm32f1xx_hal_tim_ex.o
 .debug_macro   0x0000000000017843      0x1ae ./Drivers/STM32F1xx_HAL_Driver/Src/stm32f1xx_hal_uart.o

.debug_line     0x0000000000000000    0x11e9d
 .debug_line    0x0000000000000000      0x701 ./Core/Src/gpio.o
 .debug_line    0x0000000000000701      0x6ea ./Core/Src/i2c.o
 .debug_line    0x0000000000000deb     0x1253 ./Core/Src/main.o
 .debug_line    0x000000000000203e      0x685 ./Core/Src/stm32f1xx_hal_msp.o
 .debug_line    0x00000000000026c3      0x78f ./Core/Src/stm32f1xx_it.o
 .debug_line    0x0000000000002e52      0x703 ./Core/Src/system_stm32f1xx.o
 .debug_line    0x0000000000003555      0x991 ./Core/Src/tim.o
 .debug_line    0x0000000000003ee6      0x6f8 ./Core/Src/usart.o
 .debug_line    0x00000000000045de       0x87 ./Core/Startup/startup_stm32f103v8tx.o
 .debug_line    0x0000000000004665      0x930 ./Drivers/STM32F1xx_HAL_Driver/Src/stm32f1xx_hal.o
 .debug_line    0x0000000000004f95      0xb18 ./Drivers/STM32F1xx_HAL_Driver/Src/stm32f1xx_hal_cortex.o
 .debug_line    0x0000000000005aad      0xd88 ./Drivers/STM32F1xx_HAL_Driver/Src/stm32f1xx_hal_dma.o
 .debug_line    0x0000000000006835      0x9c7 ./Drivers/STM32F1xx_HAL_Driver/Src/stm32f1xx_hal_gpio.o
 .debug_line    0x00000000000071fc     0x3a1a ./Drivers/STM32F1xx_HAL_Driver/Src/stm32f1xx_hal_i2c.o
 .debug_line    0x000000000000ac16      0xd3e ./Drivers/STM32F1xx_HAL_Driver/Src/stm32f1xx_hal_rcc.o
 .debug_line    0x000000000000b954     0x32e6 ./Drivers/STM32F1xx_HAL_Driver/Src/stm32f1xx_hal_tim.o
 .debug_line    0x000000000000ec3a     0x1858 ./Drivers/STM32F1xx_HAL_Driver/Src/stm32f1xx_hal_tim_ex.o
 .debug_line    0x0000000000010492     0x1a0b ./Drivers/STM32F1xx_HAL_Driver/Src/stm32f1xx_hal_uart.o

.debug_str      0x0000000000000000    0x89633
 .debug_str     0x0000000000000000    0x851cc ./Core/Src/gpio.o
                                      0x8557a (size before relaxing)
 .debug_str     0x00000000000851cc      0x49a ./Core/Src/i2c.o
                                      0x8572d (size before relaxing)
 .debug_str     0x0000000000085666      0xbc8 ./Core/Src/main.o
                                      0x8632a (size before relaxing)
 .debug_str     0x000000000008622e       0x5a ./Core/Src/stm32f1xx_hal_msp.o
                                      0x851fb (size before relaxing)
 .debug_str     0x0000000000086288      0x13c ./Core/Src/stm32f1xx_it.o
                                      0x85953 (size before relaxing)
 .debug_str     0x00000000000863c4       0x7e ./Core/Src/system_stm32f1xx.o
                                      0x84bd1 (size before relaxing)
 .debug_str     0x0000000000086442      0x2b0 ./Core/Src/tim.o
                                      0x85d51 (size before relaxing)
 .debug_str     0x00000000000866f2       0x51 ./Core/Src/usart.o
                                      0x859dc (size before relaxing)
 .debug_str     0x0000000000086743       0x93 ./Core/Startup/startup_stm32f103v8tx.o
 .debug_str     0x00000000000867d6      0x378 ./Drivers/STM32F1xx_HAL_Driver/Src/stm32f1xx_hal.o
                                      0x85304 (size before relaxing)
 .debug_str     0x0000000000086b4e      0x294 ./Drivers/STM32F1xx_HAL_Driver/Src/stm32f1xx_hal_cortex.o
                                      0x85250 (size before relaxing)
 .debug_str     0x0000000000086de2      0x230 ./Drivers/STM32F1xx_HAL_Driver/Src/stm32f1xx_hal_dma.o
                                      0x84f7a (size before relaxing)
 .debug_str     0x0000000000087012      0x297 ./Drivers/STM32F1xx_HAL_Driver/Src/stm32f1xx_hal_gpio.o
                                      0x84f57 (size before relaxing)
 .debug_str     0x00000000000872a9      0xb32 ./Drivers/STM32F1xx_HAL_Driver/Src/stm32f1xx_hal_i2c.o
                                      0x85c45 (size before relaxing)
 .debug_str     0x0000000000087ddb      0x209 ./Drivers/STM32F1xx_HAL_Driver/Src/stm32f1xx_hal_rcc.o
                                      0x85000 (size before relaxing)
 .debug_str     0x0000000000087fe4      0xcf0 ./Drivers/STM32F1xx_HAL_Driver/Src/stm32f1xx_hal_tim.o
                                      0x85feb (size before relaxing)
 .debug_str     0x0000000000088cd4      0x3e1 ./Drivers/STM32F1xx_HAL_Driver/Src/stm32f1xx_hal_tim_ex.o
                                      0x85807 (size before relaxing)
 .debug_str     0x00000000000890b5      0x57e ./Drivers/STM32F1xx_HAL_Driver/Src/stm32f1xx_hal_uart.o
                                      0x8560b (size before relaxing)

.comment        0x0000000000000000       0x50
 .comment       0x0000000000000000       0x50 ./Core/Src/gpio.o
                                         0x51 (size before relaxing)
 .comment       0x0000000000000050       0x51 ./Core/Src/i2c.o
 .comment       0x0000000000000050       0x51 ./Core/Src/main.o
 .comment       0x0000000000000050       0x51 ./Core/Src/stm32f1xx_hal_msp.o
 .comment       0x0000000000000050       0x51 ./Core/Src/stm32f1xx_it.o
 .comment       0x0000000000000050       0x51 ./Core/Src/system_stm32f1xx.o
 .comment       0x0000000000000050       0x51 ./Core/Src/tim.o
 .comment       0x0000000000000050       0x51 ./Core/Src/usart.o
 .comment       0x0000000000000050       0x51 ./Drivers/STM32F1xx_HAL_Driver/Src/stm32f1xx_hal.o
 .comment       0x0000000000000050       0x51 ./Drivers/STM32F1xx_HAL_Driver/Src/stm32f1xx_hal_cortex.o
 .comment       0x0000000000000050       0x51 ./Drivers/STM32F1xx_HAL_Driver/Src/stm32f1xx_hal_dma.o
 .comment       0x0000000000000050       0x51 ./Drivers/STM32F1xx_HAL_Driver/Src/stm32f1xx_hal_gpio.o
 .comment       0x0000000000000050       0x51 ./Drivers/STM32F1xx_HAL_Driver/Src/stm32f1xx_hal_i2c.o
 .comment       0x0000000000000050       0x51 ./Drivers/STM32F1xx_HAL_Driver/Src/stm32f1xx_hal_rcc.o
 .comment       0x0000000000000050       0x51 ./Drivers/STM32F1xx_HAL_Driver/Src/stm32f1xx_hal_tim.o
 .comment       0x0000000000000050       0x51 ./Drivers/STM32F1xx_HAL_Driver/Src/stm32f1xx_hal_tim_ex.o
 .comment       0x0000000000000050       0x51 ./Drivers/STM32F1xx_HAL_Driver/Src/stm32f1xx_hal_uart.o

.debug_frame    0x0000000000000000     0x42ac
 .debug_frame   0x0000000000000000       0x34 ./Core/Src/gpio.o
 .debug_frame   0x0000000000000034       0x74 ./Core/Src/i2c.o
 .debug_frame   0x00000000000000a8      0x324 ./Core/Src/main.o
 .debug_frame   0x00000000000003cc       0x38 ./Core/Src/stm32f1xx_hal_msp.o
 .debug_frame   0x0000000000000404      0x158 ./Core/Src/stm32f1xx_it.o
 .debug_frame   0x000000000000055c       0x58 ./Core/Src/system_stm32f1xx.o
 .debug_frame   0x00000000000005b4      0x10c ./Core/Src/tim.o
 .debug_frame   0x00000000000006c0       0x74 ./Core/Src/usart.o
 .debug_frame   0x0000000000000734      0x334 ./Drivers/STM32F1xx_HAL_Driver/Src/stm32f1xx_hal.o
 .debug_frame   0x0000000000000a68      0x428 ./Drivers/STM32F1xx_HAL_Driver/Src/stm32f1xx_hal_cortex.o
 .debug_frame   0x0000000000000e90      0x208 ./Drivers/STM32F1xx_HAL_Driver/Src/stm32f1xx_hal_dma.o
 .debug_frame   0x0000000000001098      0x14c ./Drivers/STM32F1xx_HAL_Driver/Src/stm32f1xx_hal_gpio.o
 .debug_frame   0x00000000000011e4      0xc5c ./Drivers/STM32F1xx_HAL_Driver/Src/stm32f1xx_hal_i2c.o
 .debug_frame   0x0000000000001e40      0x21c ./Drivers/STM32F1xx_HAL_Driver/Src/stm32f1xx_hal_rcc.o
 .debug_frame   0x000000000000205c     0x11b8 ./Drivers/STM32F1xx_HAL_Driver/Src/stm32f1xx_hal_tim.o
 .debug_frame   0x0000000000003214      0x638 ./Drivers/STM32F1xx_HAL_Driver/Src/stm32f1xx_hal_tim_ex.o
 .debug_frame   0x000000000000384c      0x914 ./Drivers/STM32F1xx_HAL_Driver/Src/stm32f1xx_hal_uart.o
 .debug_frame   0x0000000000004160       0x2c c:/st/stm32cubeide_1.9.0/stm32cubeide/plugins/com.st.stm32cube.ide.mcu.externaltools.gnu-tools-for-stm32.10.3-2021.10.win32_1.0.0.202111181127/tools/bin/../lib/gcc/arm-none-eabi/10.3.1/../../../../arm-none-eabi/lib/thumb/v7-m/nofp\libc_nano.a(lib_a-init.o)
 .debug_frame   0x000000000000418c       0x20 c:/st/stm32cubeide_1.9.0/stm32cubeide/plugins/com.st.stm32cube.ide.mcu.externaltools.gnu-tools-for-stm32.10.3-2021.10.win32_1.0.0.202111181127/tools/bin/../lib/gcc/arm-none-eabi/10.3.1/../../../../arm-none-eabi/lib/thumb/v7-m/nofp\libc_nano.a(lib_a-memset.o)
 .debug_frame   0x00000000000041ac       0x30 c:/st/stm32cubeide_1.9.0/stm32cubeide/plugins/com.st.stm32cube.ide.mcu.externaltools.gnu-tools-for-stm32.10.3-2021.10.win32_1.0.0.202111181127/tools/bin/../lib/gcc/arm-none-eabi/10.3.1/thumb/v7-m/nofp\libgcc.a(_arm_muldf3.o)
 .debug_frame   0x00000000000041dc       0xac c:/st/stm32cubeide_1.9.0/stm32cubeide/plugins/com.st.stm32cube.ide.mcu.externaltools.gnu-tools-for-stm32.10.3-2021.10.win32_1.0.0.202111181127/tools/bin/../lib/gcc/arm-none-eabi/10.3.1/thumb/v7-m/nofp\libgcc.a(_arm_addsubdf3.o)
 .debug_frame   0x0000000000004288       0x24 c:/st/stm32cubeide_1.9.0/stm32cubeide/plugins/com.st.stm32cube.ide.mcu.externaltools.gnu-tools-for-stm32.10.3-2021.10.win32_1.0.0.202111181127/tools/bin/../lib/gcc/arm-none-eabi/10.3.1/thumb/v7-m/nofp\libgcc.a(_arm_fixunsdfsi.o)
