Archive member included to satisfy reference by file (symbol)

c:/st/stm32cubeide_1.9.0/stm32cubeide/plugins/com.st.stm32cube.ide.mcu.externaltools.gnu-tools-for-stm32.10.3-2021.10.win32_1.0.0.202111181127/tools/bin/../lib/gcc/arm-none-eabi/10.3.1/../../../../arm-none-eabi/lib/thumb/v7-m/nofp\libc_nano.a(lib_a-errno.o)
                              ./Core/Src/syscalls.o (__errno)
c:/st/stm32cubeide_1.9.0/stm32cubeide/plugins/com.st.stm32cube.ide.mcu.externaltools.gnu-tools-for-stm32.10.3-2021.10.win32_1.0.0.202111181127/tools/bin/../lib/gcc/arm-none-eabi/10.3.1/../../../../arm-none-eabi/lib/thumb/v7-m/nofp\libc_nano.a(lib_a-exit.o)
                              c:/st/stm32cubeide_1.9.0/stm32cubeide/plugins/com.st.stm32cube.ide.mcu.externaltools.gnu-tools-for-stm32.10.3-2021.10.win32_1.0.0.202111181127/tools/bin/../lib/gcc/arm-none-eabi/10.3.1/../../../../arm-none-eabi/lib/thumb/v7-m/nofp/crt0.o (exit)
c:/st/stm32cubeide_1.9.0/stm32cubeide/plugins/com.st.stm32cube.ide.mcu.externaltools.gnu-tools-for-stm32.10.3-2021.10.win32_1.0.0.202111181127/tools/bin/../lib/gcc/arm-none-eabi/10.3.1/../../../../arm-none-eabi/lib/thumb/v7-m/nofp\libc_nano.a(lib_a-impure.o)
                              c:/st/stm32cubeide_1.9.0/stm32cubeide/plugins/com.st.stm32cube.ide.mcu.externaltools.gnu-tools-for-stm32.10.3-2021.10.win32_1.0.0.202111181127/tools/bin/../lib/gcc/arm-none-eabi/10.3.1/../../../../arm-none-eabi/lib/thumb/v7-m/nofp\libc_nano.a(lib_a-exit.o) (_global_impure_ptr)
c:/st/stm32cubeide_1.9.0/stm32cubeide/plugins/com.st.stm32cube.ide.mcu.externaltools.gnu-tools-for-stm32.10.3-2021.10.win32_1.0.0.202111181127/tools/bin/../lib/gcc/arm-none-eabi/10.3.1/../../../../arm-none-eabi/lib/thumb/v7-m/nofp\libc_nano.a(lib_a-init.o)
                              c:/st/stm32cubeide_1.9.0/stm32cubeide/plugins/com.st.stm32cube.ide.mcu.externaltools.gnu-tools-for-stm32.10.3-2021.10.win32_1.0.0.202111181127/tools/bin/../lib/gcc/arm-none-eabi/10.3.1/../../../../arm-none-eabi/lib/thumb/v7-m/nofp/crt0.o (__libc_init_array)
c:/st/stm32cubeide_1.9.0/stm32cubeide/plugins/com.st.stm32cube.ide.mcu.externaltools.gnu-tools-for-stm32.10.3-2021.10.win32_1.0.0.202111181127/tools/bin/../lib/gcc/arm-none-eabi/10.3.1/../../../../arm-none-eabi/lib/thumb/v7-m/nofp\libc_nano.a(lib_a-memset.o)
                              c:/st/stm32cubeide_1.9.0/stm32cubeide/plugins/com.st.stm32cube.ide.mcu.externaltools.gnu-tools-for-stm32.10.3-2021.10.win32_1.0.0.202111181127/tools/bin/../lib/gcc/arm-none-eabi/10.3.1/../../../../arm-none-eabi/lib/thumb/v7-m/nofp/crt0.o (memset)
c:/st/stm32cubeide_1.9.0/stm32cubeide/plugins/com.st.stm32cube.ide.mcu.externaltools.gnu-tools-for-stm32.10.3-2021.10.win32_1.0.0.202111181127/tools/bin/../lib/gcc/arm-none-eabi/10.3.1/thumb/v7-m/nofp\libgcc.a(_arm_muldf3.o)
                              ./Core/Src/main.o (__aeabi_dmul)
c:/st/stm32cubeide_1.9.0/stm32cubeide/plugins/com.st.stm32cube.ide.mcu.externaltools.gnu-tools-for-stm32.10.3-2021.10.win32_1.0.0.202111181127/tools/bin/../lib/gcc/arm-none-eabi/10.3.1/thumb/v7-m/nofp\libgcc.a(_arm_addsubdf3.o)
                              ./Core/Src/main.o (__aeabi_dsub)
c:/st/stm32cubeide_1.9.0/stm32cubeide/plugins/com.st.stm32cube.ide.mcu.externaltools.gnu-tools-for-stm32.10.3-2021.10.win32_1.0.0.202111181127/tools/bin/../lib/gcc/arm-none-eabi/10.3.1/thumb/v7-m/nofp\libgcc.a(_arm_fixunsdfsi.o)
                              ./Core/Src/main.o (__aeabi_d2uiz)
c:/st/stm32cubeide_1.9.0/stm32cubeide/plugins/com.st.stm32cube.ide.mcu.externaltools.gnu-tools-for-stm32.10.3-2021.10.win32_1.0.0.202111181127/tools/bin/../lib/gcc/arm-none-eabi/10.3.1/thumb/v7-m/nofp\libgcc.a(_arm_addsubsf3.o)
                              ./Core/Src/main.o (__aeabi_ui2f)

Discarded input sections

 .text          0x0000000000000000        0x0 c:/st/stm32cubeide_1.9.0/stm32cubeide/plugins/com.st.stm32cube.ide.mcu.externaltools.gnu-tools-for-stm32.10.3-2021.10.win32_1.0.0.202111181127/tools/bin/../lib/gcc/arm-none-eabi/10.3.1/thumb/v7-m/nofp/crti.o
 .data          0x0000000000000000        0x0 c:/st/stm32cubeide_1.9.0/stm32cubeide/plugins/com.st.stm32cube.ide.mcu.externaltools.gnu-tools-for-stm32.10.3-2021.10.win32_1.0.0.202111181127/tools/bin/../lib/gcc/arm-none-eabi/10.3.1/thumb/v7-m/nofp/crti.o
 .bss           0x0000000000000000        0x0 c:/st/stm32cubeide_1.9.0/stm32cubeide/plugins/com.st.stm32cube.ide.mcu.externaltools.gnu-tools-for-stm32.10.3-2021.10.win32_1.0.0.202111181127/tools/bin/../lib/gcc/arm-none-eabi/10.3.1/thumb/v7-m/nofp/crti.o
 .data          0x0000000000000000        0x4 c:/st/stm32cubeide_1.9.0/stm32cubeide/plugins/com.st.stm32cube.ide.mcu.externaltools.gnu-tools-for-stm32.10.3-2021.10.win32_1.0.0.202111181127/tools/bin/../lib/gcc/arm-none-eabi/10.3.1/thumb/v7-m/nofp/crtbegin.o
[...]
Memory Configuration

Name             Origin             Length             Attributes
RAM              0x0000000020000000 0x0000000000005000 xrw
FLASH            0x0000000008000000 0x0000000000010000 xr
*default*        0x0000000000000000 0xffffffffffffffff

Linker script and memory map

LOAD c:/st/stm32cubeide_1.9.0/stm32cubeide/plugins/com.st.stm32cube.ide.mcu.externaltools.gnu-tools-for-stm32.10.3-2021.10.win32_1.0.0.202111181127/tools/bin/../lib/gcc/arm-none-eabi/10.3.1/thumb/v7-m/nofp/crti.o
LOAD c:/st/stm32cubeide_1.9.0/stm32cubeide/plugins/com.st.stm32cube.ide.mcu.externaltools.gnu-tools-for-stm32.10.3-2021.10.win32_1.0.0.202111181127/tools/bin/../lib/gcc/arm-none-eabi/10.3.1/thumb/v7-m/nofp/crtbegin.o
LOAD c:/st/stm32cubeide_1.9.0/stm32cubeide/plugins/com.st.stm32cube.ide.mcu.externaltools.gnu-tools-for-stm32.10.3-2021.10.win32_1.0.0.202111181127/tools/bin/../lib/gcc/arm-none-eabi/10.3.1/../../../../arm-none-eabi/lib/thumb/v7-m/nofp/crt0.o
LOAD ./Core/Src/adc.o
LOAD ./Core/Src/gpio.o
LOAD ./Core/Src/i2c.o
LOAD ./Core/Src/main.o
LOAD ./Core/Src/stm32f1xx_hal_msp.o
LOAD ./Core/Src/stm32f1xx_it.o
LOAD ./Core/Src/syscalls.o
LOAD ./Core/Src/sysmem.o
LOAD ./Core/Src/system_stm32f1xx.o
LOAD ./Core/Src/tim.o
LOAD ./Core/Src/usart.o
LOAD ./Core/Startup/startup_stm32f103v8tx.o
LOAD ./Drivers/STM32F1xx_HAL_Driver/Src/stm32f1xx_hal.o
LOAD ./Drivers/STM32F1xx_HAL_Driver/Src/stm32f1xx_hal_adc.o
LOAD ./Drivers/STM32F1xx_HAL_Driver/Src/stm32f1xx_hal_adc_ex.o
LOAD ./Drivers/STM32F1xx_HAL_Driver/Src/stm32f1xx_hal_cortex.o
LOAD ./Drivers/STM32F1xx_HAL_Driver/Src/stm32f1xx_hal_dma.o
LOAD ./Drivers/STM32F1xx_HAL_Driver/Src/stm32f1xx_hal_exti.o
LOAD ./Drivers/STM32F1xx_HAL_Driver/Src/stm32f1xx_hal_flash.o
LOAD ./Drivers/STM32F1xx_HAL_Driver/Src/stm32f1xx_hal_flash_ex.o
LOAD ./Drivers/STM32F1xx_HAL_Driver/Src/stm32f1xx_hal_gpio.o
LOAD ./Drivers/STM32F1xx_HAL_Driver/Src/stm32f1xx_hal_gpio_ex.o
LOAD ./Drivers/STM32F1xx_HAL_Driver/Src/stm32f1xx_hal_i2c.o
LOAD ./Drivers/STM32F1xx_HAL_Driver/Src/stm32f1xx_hal_pwr.o
LOAD ./Drivers/STM32F1xx_HAL_Driver/Src/stm32f1xx_hal_rcc.o
LOAD ./Drivers/STM32F1xx_HAL_Driver/Src/stm32f1xx_hal_rcc_ex.o
LOAD ./Drivers/STM32F1xx_HAL_Driver/Src/stm32f1xx_hal_tim.o
LOAD ./Drivers/STM32F1xx_HAL_Driver/Src/stm32f1xx_hal_tim_ex.o
LOAD ./Drivers/STM32F1xx_HAL_Driver/Src/stm32f1xx_hal_uart.o
START GROUP
LOAD c:/st/stm32cubeide_1.9.0/stm32cubeide/plugins/com.st.stm32cube.ide.mcu.externaltools.gnu-tools-for-stm32.10.3-2021.10.win32_1.0.0.202111181127/tools/bin/../lib/gcc/arm-none-eabi/10.3.1/../../../../arm-none-eabi/lib/thumb/v7-m/nofp\libc_nano.a
LOAD c:/st/stm32cubeide_1.9.0/stm32cubeide/plugins/com.st.stm32cube.ide.mcu.externaltools.gnu-tools-for-stm32.10.3-2021.10.win32_1.0.0.202111181127/tools/bin/../lib/gcc/arm-none-eabi/10.3.1/../../../../arm-none-eabi/lib/thumb/v7-m/nofp\libm.a
END GROUP
START GROUP
LOAD c:/st/stm32cubeide_1.9.0/stm32cubeide/plugins/com.st.stm32cube.ide.mcu.externaltools.gnu-tools-for-stm32.10.3-2021.10.win32_1.0.0.202111181127/tools/bin/../lib/gcc/arm-none-eabi/10.3.1/thumb/v7-m/nofp\libgcc.a
LOAD c:/st/stm32cubeide_1.9.0/stm32cubeide/plugins/com.st.stm32cube.ide.mcu.externaltools.gnu-tools-for-stm32.10.3-2021.10.win32_1.0.0.202111181127/tools/bin/../lib/gcc/arm-none-eabi/10.3.1/../../../../arm-none-eabi/lib/thumb/v7-m/nofp\libc_nano.a
END GROUP
START GROUP
LOAD c:/st/stm32cubeide_1.9.0/stm32cubeide/plugins/com.st.stm32cube.ide.mcu.externaltools.gnu-tools-for-stm32.10.3-2021.10.win32_1.0.0.202111181127/tools/bin/../lib/gcc/arm-none-eabi/10.3.1/thumb/v7-m/nofp\libgcc.a
LOAD c:/st/stm32cubeide_1.9.0/stm32cubeide/plugins/com.st.stm32cube.ide.mcu.externaltools.gnu-tools-for-stm32.10.3-2021.10.win32_1.0.0.202111181127/tools/bin/../lib/gcc/arm-none-eabi/10.3.1/../../../../arm-none-eabi/lib/thumb/v7-m/nofp\libc_nano.a
LOAD c:/st/stm32cubeide_1.9.0/stm32cubeide/plugins/com.st.stm32cube.ide.mcu.externaltools.gnu-tools-for-stm32.10.3-2021.10.win32_1.0.0.202111181127/tools/bin/../lib/gcc/arm-none-eabi/10.3.1/../../../../arm-none-eabi/lib/thumb/v7-m/nofp\libnosys.a
END GROUP
START GROUP
LOAD c:/st/stm32cubeide_1.9.0/stm32cubeide/plugins/com.st.stm32cube.ide.mcu.externaltools.gnu-tools-for-stm32.10.3-2021.10.win32_1.0.0.202111181127/tools/bin/../lib/gcc/arm-none-eabi/10.3.1/thumb/v7-m/nofp\libgcc.a
LOAD c:/st/stm32cubeide_1.9.0/stm32cubeide/plugins/com.st.stm32cube.ide.mcu.externaltools.gnu-tools-for-stm32.10.3-2021.10.win32_1.0.0.202111181127/tools/bin/../lib/gcc/arm-none-eabi/10.3.1/../../../../arm-none-eabi/lib/thumb/v7-m/nofp\libc_nano.a
LOAD c:/st/stm32cubeide_1.9.0/stm32cubeide/plugins/com.st.stm32cube.ide.mcu.externaltools.gnu-tools-for-stm32.10.3-2021.10.win32_1.0.0.202111181127/tools/bin/../lib/gcc/arm-none-eabi/10.3.1/../../../../arm-none-eabi/lib/thumb/v7-m/nofp\libnosys.a
END GROUP
LOAD c:/st/stm32cubeide_1.9.0/stm32cubeide/plugins/com.st.stm32cube.ide.mcu.externaltools.gnu-tools-for-stm32.10.3-2021.10.win32_1.0.0.202111181127/tools/bin/../lib/gcc/arm-none-eabi/10.3.1/thumb/v7-m/nofp/crtend.o
LOAD c:/st/stm32cubeide_1.9.0/stm32cubeide/plugins/com.st.stm32cube.ide.mcu.externaltools.gnu-tools-for-stm32.10.3-2021.10.win32_1.0.0.202111181127/tools/bin/../lib/gcc/arm-none-eabi/10.3.1/thumb/v7-m/nofp/crtn.o
                0x0000000020005000                _estack = (ORIGIN (RAM) + LENGTH (RAM))
                0x0000000000000200                _Min_Heap_Size = 0x200
                0x0000000000000400                _Min_Stack_Size = 0x400

.isr_vector     0x0000000008000000      0x10c
                0x0000000008000000                . = ALIGN (0x4)
 *(.isr_vector)
 .isr_vector    0x0000000008000000      0x10c ./Core/Startup/startup_stm32f103v8tx.o
                0x0000000008000000                g_pfnVectors
                0x000000000800010c                . = ALIGN (0x4)

.text           0x0000000008000110     0x8204
                0x0000000008000110                . = ALIGN (0x4)
 *(.text)
 .text          0x0000000008000110       0x40 c:/st/stm32cubeide_1.9.0/stm32cubeide/plugins/com.st.stm32cube.ide.mcu.externaltools.gnu-tools-for-stm32.10.3-2021.10.win32_1.0.0.202111181127/tools/bin/../lib/gcc/arm-none-eabi/10.3.1/thumb/v7-m/nofp/crtbegin.o
 .text          0x0000000008000150      0x254 c:/st/stm32cubeide_1.9.0/stm32cubeide/plugins/com.st.stm32cube.ide.mcu.externaltools.gnu-tools-for-stm32.10.3-2021.10.win32_1.0.0.202111181127/tools/bin/../lib/gcc/arm-none-eabi/10.3.1/thumb/v7-m/nofp\libgcc.a(_arm_muldf3.o)
                0x0000000008000150                __muldf3
                0x0000000008000150                __aeabi_dmul
 .text          0x00000000080003a4      0x378 c:/st/stm32cubeide_1.9.0/stm32cubeide/plugins/com.st.stm32cube.ide.mcu.externaltools.gnu-tools-for-stm32.10.3-2021.10.win32_1.0.0.202111181127/tools/bin/../lib/gcc/arm-none-eabi/10.3.1/thumb/v7-m/nofp\libgcc.a(_arm_addsubdf3.o)
                0x00000000080003a4                __aeabi_drsub
                0x00000000080003ac                __aeabi_dsub
                0x00000000080003ac                __subdf3
                0x00000000080003b0                __aeabi_dadd
                0x00000000080003b0                __adddf3
                0x0000000008000628                __floatunsidf
                0x0000000008000628                __aeabi_ui2d
                0x0000000008000648                __floatsidf
                0x0000000008000648                __aeabi_i2d
                0x000000000800066c                __aeabi_f2d
                0x000000000800066c                __extendsfdf2
                0x00000000080006b0                __floatundidf
                0x00000000080006b0                __aeabi_ul2d
                0x00000000080006c0                __floatdidf
                0x00000000080006c0                __aeabi_l2d
 .text          0x000000000800071c       0x40 c:/st/stm32cubeide_1.9.0/stm32cubeide/plugins/com.st.stm32cube.ide.mcu.externaltools.gnu-tools-for-stm32.10.3-2021.10.win32_1.0.0.202111181127/tools/bin/../lib/gcc/arm-none-eabi/10.3.1/thumb/v7-m/nofp\libgcc.a(_arm_fixunsdfsi.o)
                0x000000000800071c                __aeabi_d2uiz
                0x000000000800071c                __fixunsdfsi
 .text          0x000000000800075c      0x21c c:/st/stm32cubeide_1.9.0/stm32cubeide/plugins/com.st.stm32cube.ide.mcu.externaltools.gnu-tools-for-stm32.10.3-2021.10.win32_1.0.0.202111181127/tools/bin/../lib/gcc/arm-none-eabi/10.3.1/thumb/v7-m/nofp\libgcc.a(_arm_addsubsf3.o)
                0x000000000800075c                __aeabi_frsub
                0x0000000008000764                __subsf3
                0x0000000008000764                __aeabi_fsub
                0x0000000008000768                __aeabi_fadd
                0x0000000008000768                __addsf3
                0x00000000080008c8                __aeabi_ui2f
                0x00000000080008c8                __floatunsisf
                0x00000000080008d0                __aeabi_i2f
                0x00000000080008d0                __floatsisf
                0x00000000080008ec                __aeabi_ul2f
                0x00000000080008ec                __floatundisf
                0x00000000080008fc                __aeabi_l2f
                0x00000000080008fc                __floatdisf
 *(.text*)
 .text.MX_ADC1_Init
                0x0000000008000978       0x7c ./Core/Src/adc.o
                0x0000000008000978                MX_ADC1_Init
 .text.HAL_ADC_MspInit
                0x00000000080009f4       0xa8 ./Core/Src/adc.o
                0x00000000080009f4                HAL_ADC_MspInit
 .text.MX_GPIO_Init
                0x0000000008000a9c      0x204 ./Core/Src/gpio.o
                0x0000000008000a9c                MX_GPIO_Init
 .text.MX_I2C1_Init
                0x0000000008000ca0       0x5c ./Core/Src/i2c.o
                0x0000000008000ca0                MX_I2C1_Init
 .text.HAL_I2C_MspInit
                0x0000000008000cfc       0x7c ./Core/Src/i2c.o
                0x0000000008000cfc                HAL_I2C_MspInit
 .text.main     0x0000000008000d78      0x170 ./Core/Src/main.o
                0x0000000008000d78                main
 .text.SystemClock_Config
                0x0000000008000ee8       0xa0 ./Core/Src/main.o
                0x0000000008000ee8                SystemClock_Config
 .text.Adc_read
                0x0000000008000f88      0x848 ./Core/Src/main.o
                0x0000000008000f88                Adc_read
 .text.adc_clear
                0x00000000080017d0       0xac ./Core/Src/main.o
                0x00000000080017d0                adc_clear
 .text.read_adc
                0x000000000800187c       0xcc ./Core/Src/main.o
                0x000000000800187c                read_adc
 .text.Serial_out
                0x0000000008001948      0x35c ./Core/Src/main.o
                0x0000000008001948                Serial_out
 .text.Tuya_Reset
                0x0000000008001ca4       0x38 ./Core/Src/main.o
                0x0000000008001ca4                Tuya_Reset
 .text.Touch_Read
                0x0000000008001cdc      0x4d4 ./Core/Src/main.o
                0x0000000008001cdc                Touch_Read
 .text.switch_operation
                0x00000000080021b0      0x36c ./Core/Src/main.o
                0x00000000080021b0                switch_operation
 *fill*         0x000000000800251c        0x4 
 .text.dimmer_operation
                0x0000000008002520      0x1a4 ./Core/Src/main.o
                0x0000000008002520                dimmer_operation
 .text.HAL_GPIO_EXTI_Callback
                0x00000000080026c4       0x68 ./Core/Src/main.o
                0x00000000080026c4                HAL_GPIO_EXTI_Callback
 .text.HAL_TIM_PeriodElapsedCallback
                0x000000000800272c       0x48 ./Core/Src/main.o
                0x000000000800272c                HAL_TIM_PeriodElapsedCallback
 .text.switch_long_press
                0x0000000008002774       0x1c ./Core/Src/main.o
                0x0000000008002774                switch_long_press
 .text.Tx_Switch_Satus
                0x0000000008002790       0x84 ./Core/Src/main.o
                0x0000000008002790                Tx_Switch_Satus
 .text.DIMMER_TX
                0x0000000008002814       0xa0 ./Core/Src/main.o
                0x0000000008002814                DIMMER_TX
 .text.HAL_UART_RxCpltCallback
                0x00000000080028b4       0x60 ./Core/Src/main.o
                0x00000000080028b4                HAL_UART_RxCpltCallback
 .text.Uart_Read_data
                0x0000000008002914      0x120 ./Core/Src/main.o
                0x0000000008002914                Uart_Read_data
 .text.Rx_Data_evaluation
                0x0000000008002a34      0x24c ./Core/Src/main.o
                0x0000000008002a34                Rx_Data_evaluation
 .text.Indication
                0x0000000008002c80      0x144 ./Core/Src/main.o
                0x0000000008002c80                Indication
 .text.Stop_Indication
                0x0000000008002dc4       0x18 ./Core/Src/main.o
                0x0000000008002dc4                Stop_Indication
 .text.Master_Switch
                0x0000000008002ddc       0xe4 ./Core/Src/main.o
                0x0000000008002ddc                Master_Switch
 .text.set_max_pwm
                0x0000000008002ec0       0xf8 ./Core/Src/main.o
                0x0000000008002ec0                set_max_pwm
 .text.set_min_pwm
                0x0000000008002fb8       0xf8 ./Core/Src/main.o
                0x0000000008002fb8                set_min_pwm
 .text.Status_ReadData
                0x00000000080030b0      0x154 ./Core/Src/main.o
                0x00000000080030b0                Status_ReadData
 .text.EEPROM_initial
                0x0000000008003204      0x190 ./Core/Src/main.o
                0x0000000008003204                EEPROM_initial
 .text.Error_Handler
                0x0000000008003394        0xa ./Core/Src/main.o
                0x0000000008003394                Error_Handler
 *fill*         0x000000000800339e        0x2 
 .text.HAL_MspInit
                0x00000000080033a0       0x64 ./Core/Src/stm32f1xx_hal_msp.o
                0x00000000080033a0                HAL_MspInit
 .text.NMI_Handler
                0x0000000008003404        0x6 ./Core/Src/stm32f1xx_it.o
                0x0000000008003404                NMI_Handler
 .text.HardFault_Handler
                0x000000000800340a        0x6 ./Core/Src/stm32f1xx_it.o
                0x000000000800340a                HardFault_Handler
 .text.MemManage_Handler
                0x0000000008003410        0x6 ./Core/Src/stm32f1xx_it.o
                0x0000000008003410                MemManage_Handler
 .text.BusFault_Handler
                0x0000000008003416        0x6 ./Core/Src/stm32f1xx_it.o
                0x0000000008003416                BusFault_Handler
 .text.UsageFault_Handler
                0x000000000800341c        0x6 ./Core/Src/stm32f1xx_it.o
                0x000000000800341c                UsageFault_Handler
 .text.SVC_Handler
                0x0000000008003422        0xc ./Core/Src/stm32f1xx_it.o
                0x0000000008003422                SVC_Handler
 .text.DebugMon_Handler
                0x000000000800342e        0xc ./Core/Src/stm32f1xx_it.o
                0x000000000800342e                DebugMon_Handler
 .text.PendSV_Handler
                0x000000000800343a        0xc ./Core/Src/stm32f1xx_it.o
                0x000000000800343a                PendSV_Handler
 .text.SysTick_Handler
                0x0000000008003446        0xc ./Core/Src/stm32f1xx_it.o
                0x0000000008003446                SysTick_Handler
 .text.EXTI0_IRQHandler
                0x0000000008003452        0xe ./Core/Src/stm32f1xx_it.o
                0x0000000008003452                EXTI0_IRQHandler
 .text.TIM2_IRQHandler
                0x0000000008003460       0x14 ./Core/Src/stm32f1xx_it.o
                0x0000000008003460                TIM2_IRQHandler
 .text.USART2_IRQHandler
                0x0000000008003474       0x14 ./Core/Src/stm32f1xx_it.o
                0x0000000008003474                USART2_IRQHandler
 .text.SystemInit
                0x0000000008003488        0xc ./Core/Src/system_stm32f1xx.o
                0x0000000008003488                SystemInit
 .text.MX_TIM1_Init
                0x0000000008003494      0x188 ./Core/Src/tim.o
                0x0000000008003494                MX_TIM1_Init
 .text.MX_TIM2_Init
                0x000000000800361c       0x98 ./Core/Src/tim.o
                0x000000000800361c                MX_TIM2_Init
 .text.MX_TIM3_Init
                0x00000000080036b4      0x12c ./Core/Src/tim.o
                0x00000000080036b4                MX_TIM3_Init
 .text.MX_TIM4_Init
                0x00000000080037e0      0x12c ./Core/Src/tim.o
                0x00000000080037e0                MX_TIM4_Init
 .text.HAL_TIM_Base_MspInit
                0x000000000800390c       0xc0 ./Core/Src/tim.o
                0x000000000800390c                HAL_TIM_Base_MspInit
 .text.HAL_TIM_MspPostInit
                0x00000000080039cc      0x15c ./Core/Src/tim.o
                0x00000000080039cc                HAL_TIM_MspPostInit
 .text.MX_USART2_UART_Init
                0x0000000008003b28       0x54 ./Core/Src/usart.o
                0x0000000008003b28                MX_USART2_UART_Init
 .text.HAL_UART_MspInit
                0x0000000008003b7c       0xc4 ./Core/Src/usart.o
                0x0000000008003b7c                HAL_UART_MspInit
 .text.Reset_Handler
                0x0000000008003c40       0x48 ./Core/Startup/startup_stm32f103v8tx.o
                0x0000000008003c40                Reset_Handler
 .text.Default_Handler
                0x0000000008003c88        0x2 ./Core/Startup/startup_stm32f103v8tx.o
                0x0000000008003c88                RTC_Alarm_IRQHandler
                0x0000000008003c88                EXTI2_IRQHandler
                0x0000000008003c88                TIM1_CC_IRQHandler
                0x0000000008003c88                PVD_IRQHandler
                0x0000000008003c88                EXTI3_IRQHandler
                0x0000000008003c88                I2C2_EV_IRQHandler
                0x0000000008003c88                ADC1_2_IRQHandler
                0x0000000008003c88                SPI1_IRQHandler
                0x0000000008003c88                TAMPER_IRQHandler
                0x0000000008003c88                DMA1_Channel4_IRQHandler
                0x0000000008003c88                USART3_IRQHandler
                0x0000000008003c88                RTC_IRQHandler
                0x0000000008003c88                DMA1_Channel7_IRQHandler
                0x0000000008003c88                CAN1_RX1_IRQHandler
                0x0000000008003c88                TIM4_IRQHandler
                0x0000000008003c88                I2C1_EV_IRQHandler
                0x0000000008003c88                DMA1_Channel6_IRQHandler
                0x0000000008003c88                TIM3_IRQHandler
                0x0000000008003c88                RCC_IRQHandler
                0x0000000008003c88                TIM1_TRG_COM_IRQHandler
                0x0000000008003c88                DMA1_Channel1_IRQHandler
                0x0000000008003c88                Default_Handler
                0x0000000008003c88                EXTI15_10_IRQHandler
                0x0000000008003c88                EXTI9_5_IRQHandler
                0x0000000008003c88                SPI2_IRQHandler
                0x0000000008003c88                DMA1_Channel5_IRQHandler
                0x0000000008003c88                EXTI4_IRQHandler
                0x0000000008003c88                USB_LP_CAN1_RX0_IRQHandler
                0x0000000008003c88                USB_HP_CAN1_TX_IRQHandler
                0x0000000008003c88                DMA1_Channel3_IRQHandler
                0x0000000008003c88                TIM1_UP_IRQHandler
                0x0000000008003c88                WWDG_IRQHandler
                0x0000000008003c88                TIM1_BRK_IRQHandler
                0x0000000008003c88                EXTI1_IRQHandler
                0x0000000008003c88                I2C2_ER_IRQHandler
                0x0000000008003c88                DMA1_Channel2_IRQHandler
                0x0000000008003c88                CAN1_SCE_IRQHandler
                0x0000000008003c88                FLASH_IRQHandler
                0x0000000008003c88                USART1_IRQHandler
                0x0000000008003c88                I2C1_ER_IRQHandler
                0x0000000008003c88                USBWakeUp_IRQHandler
 *fill*         0x0000000008003c8a        0x2 
 .text.HAL_Init
                0x0000000008003c8c       0x2c ./Drivers/STM32F1xx_HAL_Driver/Src/stm32f1xx_hal.o
                0x0000000008003c8c                HAL_Init
 .text.HAL_InitTick
                0x0000000008003cb8       0x60 ./Drivers/STM32F1xx_HAL_Driver/Src/stm32f1xx_hal.o
                0x0000000008003cb8                HAL_InitTick
 .text.HAL_IncTick
                0x0000000008003d18       0x24 ./Drivers/STM32F1xx_HAL_Driver/Src/stm32f1xx_hal.o
                0x0000000008003d18                HAL_IncTick
 .text.HAL_GetTick
                0x0000000008003d3c       0x14 ./Drivers/STM32F1xx_HAL_Driver/Src/stm32f1xx_hal.o
                0x0000000008003d3c                HAL_GetTick
 .text.HAL_Delay
                0x0000000008003d50       0x48 ./Drivers/STM32F1xx_HAL_Driver/Src/stm32f1xx_hal.o
                0x0000000008003d50                HAL_Delay
 .text.HAL_ADC_Init
                0x0000000008003d98      0x1b0 ./Drivers/STM32F1xx_HAL_Driver/Src/stm32f1xx_hal_adc.o
                0x0000000008003d98                HAL_ADC_Init
 .text.HAL_ADC_Start
                0x0000000008003f48      0x15c ./Drivers/STM32F1xx_HAL_Driver/Src/stm32f1xx_hal_adc.o
                0x0000000008003f48                HAL_ADC_Start
 .text.HAL_ADC_Stop
                0x00000000080040a4       0x58 ./Drivers/STM32F1xx_HAL_Driver/Src/stm32f1xx_hal_adc.o
                0x00000000080040a4                HAL_ADC_Stop
 .text.HAL_ADC_PollForConversion
                0x00000000080040fc      0x20c ./Drivers/STM32F1xx_HAL_Driver/Src/stm32f1xx_hal_adc.o
                0x00000000080040fc                HAL_ADC_PollForConversion
 .text.HAL_ADC_GetValue
                0x0000000008004308       0x18 ./Drivers/STM32F1xx_HAL_Driver/Src/stm32f1xx_hal_adc.o
                0x0000000008004308                HAL_ADC_GetValue
 .text.HAL_ADC_ConfigChannel
                0x0000000008004320      0x1f0 ./Drivers/STM32F1xx_HAL_Driver/Src/stm32f1xx_hal_adc.o
                0x0000000008004320                HAL_ADC_ConfigChannel
 .text.ADC_Enable
                0x0000000008004510       0xb4 ./Drivers/STM32F1xx_HAL_Driver/Src/stm32f1xx_hal_adc.o
                0x0000000008004510                ADC_Enable
 .text.ADC_ConversionStop_Disable
                0x00000000080045c4       0x82 ./Drivers/STM32F1xx_HAL_Driver/Src/stm32f1xx_hal_adc.o
                0x00000000080045c4                ADC_ConversionStop_Disable
 *fill*         0x0000000008004646        0x2 
 .text.__NVIC_SetPriorityGrouping
                0x0000000008004648       0x48 ./Drivers/STM32F1xx_HAL_Driver/Src/stm32f1xx_hal_cortex.o
 .text.__NVIC_GetPriorityGrouping
                0x0000000008004690       0x1c ./Drivers/STM32F1xx_HAL_Driver/Src/stm32f1xx_hal_cortex.o
 .text.__NVIC_EnableIRQ
                0x00000000080046ac       0x38 ./Drivers/STM32F1xx_HAL_Driver/Src/stm32f1xx_hal_cortex.o
 .text.__NVIC_SetPriority
                0x00000000080046e4       0x54 ./Drivers/STM32F1xx_HAL_Driver/Src/stm32f1xx_hal_cortex.o
 .text.NVIC_EncodePriority
                0x0000000008004738       0x64 ./Drivers/STM32F1xx_HAL_Driver/Src/stm32f1xx_hal_cortex.o
 .text.SysTick_Config
                0x000000000800479c       0x44 ./Drivers/STM32F1xx_HAL_Driver/Src/stm32f1xx_hal_cortex.o
 .text.HAL_NVIC_SetPriorityGrouping
                0x00000000080047e0       0x16 ./Drivers/STM32F1xx_HAL_Driver/Src/stm32f1xx_hal_cortex.o
                0x00000000080047e0                HAL_NVIC_SetPriorityGrouping
 .text.HAL_NVIC_SetPriority
                0x00000000080047f6       0x38 ./Drivers/STM32F1xx_HAL_Driver/Src/stm32f1xx_hal_cortex.o
                0x00000000080047f6                HAL_NVIC_SetPriority
 .text.HAL_NVIC_EnableIRQ
                0x000000000800482e       0x1c ./Drivers/STM32F1xx_HAL_Driver/Src/stm32f1xx_hal_cortex.o
                0x000000000800482e                HAL_NVIC_EnableIRQ
 .text.HAL_SYSTICK_Config
                0x000000000800484a       0x18 ./Drivers/STM32F1xx_HAL_Driver/Src/stm32f1xx_hal_cortex.o
                0x000000000800484a                HAL_SYSTICK_Config
 .text.HAL_DMA_Abort
                0x0000000008004862       0x74 ./Drivers/STM32F1xx_HAL_Driver/Src/stm32f1xx_hal_dma.o
                0x0000000008004862                HAL_DMA_Abort
 *fill*         0x00000000080048d6        0x2 
 .text.HAL_DMA_Abort_IT
                0x00000000080048d8       0xec ./Drivers/STM32F1xx_HAL_Driver/Src/stm32f1xx_hal_dma.o
                0x00000000080048d8                HAL_DMA_Abort_IT
 .text.HAL_GPIO_Init
                0x00000000080049c4      0x308 ./Drivers/STM32F1xx_HAL_Driver/Src/stm32f1xx_hal_gpio.o
                0x00000000080049c4                HAL_GPIO_Init
 .text.HAL_GPIO_ReadPin
                0x0000000008004ccc       0x2e ./Drivers/STM32F1xx_HAL_Driver/Src/stm32f1xx_hal_gpio.o
                0x0000000008004ccc                HAL_GPIO_ReadPin
 .text.HAL_GPIO_WritePin
                0x0000000008004cfa       0x30 ./Drivers/STM32F1xx_HAL_Driver/Src/stm32f1xx_hal_gpio.o
                0x0000000008004cfa                HAL_GPIO_WritePin
 *fill*         0x0000000008004d2a        0x2 
 .text.HAL_GPIO_EXTI_IRQHandler
                0x0000000008004d2c       0x30 ./Drivers/STM32F1xx_HAL_Driver/Src/stm32f1xx_hal_gpio.o
                0x0000000008004d2c                HAL_GPIO_EXTI_IRQHandler
 .text.HAL_I2C_Init
                0x0000000008004d5c      0x288 ./Drivers/STM32F1xx_HAL_Driver/Src/stm32f1xx_hal_i2c.o
                0x0000000008004d5c                HAL_I2C_Init
 .text.HAL_I2C_Mem_Write
                0x0000000008004fe4      0x1f4 ./Drivers/STM32F1xx_HAL_Driver/Src/stm32f1xx_hal_i2c.o
                0x0000000008004fe4                HAL_I2C_Mem_Write
 .text.HAL_I2C_Mem_Read
                0x00000000080051d8      0x4d0 ./Drivers/STM32F1xx_HAL_Driver/Src/stm32f1xx_hal_i2c.o
                0x00000000080051d8                HAL_I2C_Mem_Read
 .text.I2C_RequestMemoryWrite
                0x00000000080056a8      0x12c ./Drivers/STM32F1xx_HAL_Driver/Src/stm32f1xx_hal_i2c.o
 .text.I2C_RequestMemoryRead
                0x00000000080057d4      0x1d0 ./Drivers/STM32F1xx_HAL_Driver/Src/stm32f1xx_hal_i2c.o
 .text.I2C_WaitOnFlagUntilTimeout
                0x00000000080059a4       0xae ./Drivers/STM32F1xx_HAL_Driver/Src/stm32f1xx_hal_i2c.o
 .text.I2C_WaitOnMasterAddressFlagUntilTimeout
                0x0000000008005a52       0xfe ./Drivers/STM32F1xx_HAL_Driver/Src/stm32f1xx_hal_i2c.o
 .text.I2C_WaitOnTXEFlagUntilTimeout
                0x0000000008005b50       0x82 ./Drivers/STM32F1xx_HAL_Driver/Src/stm32f1xx_hal_i2c.o
 .text.I2C_WaitOnBTFFlagUntilTimeout
                0x0000000008005bd2       0x82 ./Drivers/STM32F1xx_HAL_Driver/Src/stm32f1xx_hal_i2c.o
 .text.I2C_WaitOnRXNEFlagUntilTimeout
                0x0000000008005c54       0xac ./Drivers/STM32F1xx_HAL_Driver/Src/stm32f1xx_hal_i2c.o
 .text.I2C_IsAcknowledgeFailed
                0x0000000008005d00       0x5c ./Drivers/STM32F1xx_HAL_Driver/Src/stm32f1xx_hal_i2c.o
 .text.HAL_RCC_OscConfig
                0x0000000008005d5c      0x504 ./Drivers/STM32F1xx_HAL_Driver/Src/stm32f1xx_hal_rcc.o
                0x0000000008005d5c                HAL_RCC_OscConfig
 .text.HAL_RCC_ClockConfig
                0x0000000008006260      0x1d4 ./Drivers/STM32F1xx_HAL_Driver/Src/stm32f1xx_hal_rcc.o
                0x0000000008006260                HAL_RCC_ClockConfig
 .text.HAL_RCC_GetSysClockFreq
                0x0000000008006434       0xbc ./Drivers/STM32F1xx_HAL_Driver/Src/stm32f1xx_hal_rcc.o
                0x0000000008006434                HAL_RCC_GetSysClockFreq
 .text.HAL_RCC_GetHCLKFreq
                0x00000000080064f0       0x14 ./Drivers/STM32F1xx_HAL_Driver/Src/stm32f1xx_hal_rcc.o
                0x00000000080064f0                HAL_RCC_GetHCLKFreq
 .text.HAL_RCC_GetPCLK1Freq
                0x0000000008006504       0x28 ./Drivers/STM32F1xx_HAL_Driver/Src/stm32f1xx_hal_rcc.o
                0x0000000008006504                HAL_RCC_GetPCLK1Freq
 .text.HAL_RCC_GetPCLK2Freq
                0x000000000800652c       0x28 ./Drivers/STM32F1xx_HAL_Driver/Src/stm32f1xx_hal_rcc.o
                0x000000000800652c                HAL_RCC_GetPCLK2Freq
 .text.RCC_Delay
                0x0000000008006554       0x3c ./Drivers/STM32F1xx_HAL_Driver/Src/stm32f1xx_hal_rcc.o
 .text.HAL_RCCEx_PeriphCLKConfig
                0x0000000008006590      0x16c ./Drivers/STM32F1xx_HAL_Driver/Src/stm32f1xx_hal_rcc_ex.o
                0x0000000008006590                HAL_RCCEx_PeriphCLKConfig
 .text.HAL_RCCEx_GetPeriphCLKFreq
                0x00000000080066fc      0x180 ./Drivers/STM32F1xx_HAL_Driver/Src/stm32f1xx_hal_rcc_ex.o
                0x00000000080066fc                HAL_RCCEx_GetPeriphCLKFreq
 .text.HAL_TIM_Base_Init
                0x000000000800687c       0x9e ./Drivers/STM32F1xx_HAL_Driver/Src/stm32f1xx_hal_tim.o
                0x000000000800687c                HAL_TIM_Base_Init
 *fill*         0x000000000800691a        0x2 
 .text.HAL_TIM_Base_Start_IT
                0x000000000800691c       0xa4 ./Drivers/STM32F1xx_HAL_Driver/Src/stm32f1xx_hal_tim.o
                0x000000000800691c                HAL_TIM_Base_Start_IT
 .text.HAL_TIM_Base_Stop_IT
                0x00000000080069c0       0x5c ./Drivers/STM32F1xx_HAL_Driver/Src/stm32f1xx_hal_tim.o
                0x00000000080069c0                HAL_TIM_Base_Stop_IT
 .text.HAL_TIM_PWM_Init
                0x0000000008006a1c       0x9e ./Drivers/STM32F1xx_HAL_Driver/Src/stm32f1xx_hal_tim.o
                0x0000000008006a1c                HAL_TIM_PWM_Init
 .text.HAL_TIM_PWM_MspInit
                0x0000000008006aba       0x12 ./Drivers/STM32F1xx_HAL_Driver/Src/stm32f1xx_hal_tim.o
                0x0000000008006aba                HAL_TIM_PWM_MspInit
 .text.HAL_TIM_PWM_Start
                0x0000000008006acc      0x144 ./Drivers/STM32F1xx_HAL_Driver/Src/stm32f1xx_hal_tim.o
                0x0000000008006acc                HAL_TIM_PWM_Start
 .text.HAL_TIM_IRQHandler
                0x0000000008006c10      0x210 ./Drivers/STM32F1xx_HAL_Driver/Src/stm32f1xx_hal_tim.o
                0x0000000008006c10                HAL_TIM_IRQHandler
 .text.HAL_TIM_PWM_ConfigChannel
                0x0000000008006e20      0x17c ./Drivers/STM32F1xx_HAL_Driver/Src/stm32f1xx_hal_tim.o
                0x0000000008006e20                HAL_TIM_PWM_ConfigChannel
 .text.HAL_TIM_ConfigClockSource
                0x0000000008006f9c      0x188 ./Drivers/STM32F1xx_HAL_Driver/Src/stm32f1xx_hal_tim.o
                0x0000000008006f9c                HAL_TIM_ConfigClockSource
 .text.HAL_TIM_OC_DelayElapsedCallback
                0x0000000008007124       0x12 ./Drivers/STM32F1xx_HAL_Driver/Src/stm32f1xx_hal_tim.o
                0x0000000008007124                HAL_TIM_OC_DelayElapsedCallback
 .text.HAL_TIM_IC_CaptureCallback
                0x0000000008007136       0x12 ./Drivers/STM32F1xx_HAL_Driver/Src/stm32f1xx_hal_tim.o
                0x0000000008007136                HAL_TIM_IC_CaptureCallback
 .text.HAL_TIM_PWM_PulseFinishedCallback
                0x0000000008007148       0x12 ./Drivers/STM32F1xx_HAL_Driver/Src/stm32f1xx_hal_tim.o
                0x0000000008007148                HAL_TIM_PWM_PulseFinishedCallback
 .text.HAL_TIM_TriggerCallback
                0x000000000800715a       0x12 ./Drivers/STM32F1xx_HAL_Driver/Src/stm32f1xx_hal_tim.o
                0x000000000800715a                HAL_TIM_TriggerCallback
 .text.TIM_Base_SetConfig
                0x000000000800716c       0xc4 ./Drivers/STM32F1xx_HAL_Driver/Src/stm32f1xx_hal_tim.o
                0x000000000800716c                TIM_Base_SetConfig
 .text.TIM_OC1_SetConfig
                0x0000000008007230       0xcc ./Drivers/STM32F1xx_HAL_Driver/Src/stm32f1xx_hal_tim.o
 .text.TIM_OC2_SetConfig
                0x00000000080072fc       0xd4 ./Drivers/STM32F1xx_HAL_Driver/Src/stm32f1xx_hal_tim.o
                0x00000000080072fc                TIM_OC2_SetConfig
 .text.TIM_OC3_SetConfig
                0x00000000080073d0       0xd4 ./Drivers/STM32F1xx_HAL_Driver/Src/stm32f1xx_hal_tim.o
 .text.TIM_OC4_SetConfig
                0x00000000080074a4       0x9c ./Drivers/STM32F1xx_HAL_Driver/Src/stm32f1xx_hal_tim.o
 .text.TIM_TI1_ConfigInputStage
                0x0000000008007540       0x5c ./Drivers/STM32F1xx_HAL_Driver/Src/stm32f1xx_hal_tim.o
 .text.TIM_TI2_ConfigInputStage
                0x000000000800759c       0x5e ./Drivers/STM32F1xx_HAL_Driver/Src/stm32f1xx_hal_tim.o
 .text.TIM_ITRx_SetConfig
                0x00000000080075fa       0x34 ./Drivers/STM32F1xx_HAL_Driver/Src/stm32f1xx_hal_tim.o
 .text.TIM_ETR_SetConfig
                0x000000000800762e       0x3e ./Drivers/STM32F1xx_HAL_Driver/Src/stm32f1xx_hal_tim.o
                0x000000000800762e                TIM_ETR_SetConfig
 .text.TIM_CCxChannelCmd
                0x000000000800766c       0x48 ./Drivers/STM32F1xx_HAL_Driver/Src/stm32f1xx_hal_tim.o
                0x000000000800766c                TIM_CCxChannelCmd
 .text.HAL_TIMEx_MasterConfigSynchronization
                0x00000000080076b4       0xbc ./Drivers/STM32F1xx_HAL_Driver/Src/stm32f1xx_hal_tim_ex.o
                0x00000000080076b4                HAL_TIMEx_MasterConfigSynchronization
 .text.HAL_TIMEx_ConfigBreakDeadTime
                0x0000000008007770       0xa2 ./Drivers/STM32F1xx_HAL_Driver/Src/stm32f1xx_hal_tim_ex.o
                0x0000000008007770                HAL_TIMEx_ConfigBreakDeadTime
 .text.HAL_TIMEx_CommutCallback
                0x0000000008007812       0x12 ./Drivers/STM32F1xx_HAL_Driver/Src/stm32f1xx_hal_tim_ex.o
                0x0000000008007812                HAL_TIMEx_CommutCallback
 .text.HAL_TIMEx_BreakCallback
                0x0000000008007824       0x12 ./Drivers/STM32F1xx_HAL_Driver/Src/stm32f1xx_hal_tim_ex.o
                0x0000000008007824                HAL_TIMEx_BreakCallback
 .text.HAL_UART_Init
                0x0000000008007836       0x9a ./Drivers/STM32F1xx_HAL_Driver/Src/stm32f1xx_hal_uart.o
                0x0000000008007836                HAL_UART_Init
 .text.HAL_UART_Transmit
                0x00000000080078d0      0x124 ./Drivers/STM32F1xx_HAL_Driver/Src/stm32f1xx_hal_uart.o
                0x00000000080078d0                HAL_UART_Transmit
 .text.HAL_UART_Receive_IT
                0x00000000080079f4       0x60 ./Drivers/STM32F1xx_HAL_Driver/Src/stm32f1xx_hal_uart.o
                0x00000000080079f4                HAL_UART_Receive_IT
 .text.HAL_UART_IRQHandler
                0x0000000008007a54      0x354 ./Drivers/STM32F1xx_HAL_Driver/Src/stm32f1xx_hal_uart.o
                0x0000000008007a54                HAL_UART_IRQHandler
 .text.HAL_UART_TxCpltCallback
                0x0000000008007da8       0x12 ./Drivers/STM32F1xx_HAL_Driver/Src/stm32f1xx_hal_uart.o
                0x0000000008007da8                HAL_UART_TxCpltCallback
 .text.HAL_UART_ErrorCallback
                0x0000000008007dba       0x12 ./Drivers/STM32F1xx_HAL_Driver/Src/stm32f1xx_hal_uart.o
                0x0000000008007dba                HAL_UART_ErrorCallback
 .text.HAL_UARTEx_RxEventCallback
                0x0000000008007dcc       0x16 ./Drivers/STM32F1xx_HAL_Driver/Src/stm32f1xx_hal_uart.o
                0x0000000008007dcc                HAL_UARTEx_RxEventCallback
 .text.UART_WaitOnFlagUntilTimeout
                0x0000000008007de2       0x94 ./Drivers/STM32F1xx_HAL_Driver/Src/stm32f1xx_hal_uart.o
 .text.UART_Start_Receive_IT
                0x0000000008007e76       0x72 ./Drivers/STM32F1xx_HAL_Driver/Src/stm32f1xx_hal_uart.o
                0x0000000008007e76                UART_Start_Receive_IT
 .text.UART_EndRxTransfer
                0x0000000008007ee8       0x58 ./Drivers/STM32F1xx_HAL_Driver/Src/stm32f1xx_hal_uart.o
 .text.UART_DMAAbortOnError
                0x0000000008007f40       0x28 ./Drivers/STM32F1xx_HAL_Driver/Src/stm32f1xx_hal_uart.o
 .text.UART_Transmit_IT
                0x0000000008007f68       0x9e ./Drivers/STM32F1xx_HAL_Driver/Src/stm32f1xx_hal_uart.o
 .text.UART_EndTransmit_IT
                0x0000000008008006       0x30 ./Drivers/STM32F1xx_HAL_Driver/Src/stm32f1xx_hal_uart.o
 .text.UART_Receive_IT
                0x0000000008008036      0x152 ./Drivers/STM32F1xx_HAL_Driver/Src/stm32f1xx_hal_uart.o
 .text.UART_SetConfig
                0x0000000008008188      0x11c ./Drivers/STM32F1xx_HAL_Driver/Src/stm32f1xx_hal_uart.o
 .text.__libc_init_array
                0x00000000080082a4       0x48 c:/st/stm32cubeide_1.9.0/stm32cubeide/plugins/com.st.stm32cube.ide.mcu.externaltools.gnu-tools-for-stm32.10.3-2021.10.win32_1.0.0.202111181127/tools/bin/../lib/gcc/arm-none-eabi/10.3.1/../../../../arm-none-eabi/lib/thumb/v7-m/nofp\libc_nano.a(lib_a-init.o)
                0x00000000080082a4                __libc_init_array
 .text.memset   0x00000000080082ec       0x10 c:/st/stm32cubeide_1.9.0/stm32cubeide/plugins/com.st.stm32cube.ide.mcu.externaltools.gnu-tools-for-stm32.10.3-2021.10.win32_1.0.0.202111181127/tools/bin/../lib/gcc/arm-none-eabi/10.3.1/../../../../arm-none-eabi/lib/thumb/v7-m/nofp\libc_nano.a(lib_a-memset.o)
                0x00000000080082ec                memset
 *(.glue_7)
 .glue_7        0x00000000080082fc        0x0 linker stubs
 *(.glue_7t)
 .glue_7t       0x00000000080082fc        0x0 linker stubs
 *(.eh_frame)
 .eh_frame      0x00000000080082fc        0x0 c:/st/stm32cubeide_1.9.0/stm32cubeide/plugins/com.st.stm32cube.ide.mcu.externaltools.gnu-tools-for-stm32.10.3-2021.10.win32_1.0.0.202111181127/tools/bin/../lib/gcc/arm-none-eabi/10.3.1/thumb/v7-m/nofp/crtbegin.o
 *(.init)
 .init          0x00000000080082fc        0x4 c:/st/stm32cubeide_1.9.0/stm32cubeide/plugins/com.st.stm32cube.ide.mcu.externaltools.gnu-tools-for-stm32.10.3-2021.10.win32_1.0.0.202111181127/tools/bin/../lib/gcc/arm-none-eabi/10.3.1/thumb/v7-m/nofp/crti.o
                0x00000000080082fc                _init
 .init          0x0000000008008300        0x8 c:/st/stm32cubeide_1.9.0/stm32cubeide/plugins/com.st.stm32cube.ide.mcu.externaltools.gnu-tools-for-stm32.10.3-2021.10.win32_1.0.0.202111181127/tools/bin/../lib/gcc/arm-none-eabi/10.3.1/thumb/v7-m/nofp/crtn.o
 *(.fini)
 .fini          0x0000000008008308        0x4 c:/st/stm32cubeide_1.9.0/stm32cubeide/plugins/com.st.stm32cube.ide.mcu.externaltools.gnu-tools-for-stm32.10.3-2021.10.win32_1.0.0.202111181127/tools/bin/../lib/gcc/arm-none-eabi/10.3.1/thumb/v7-m/nofp/crti.o
                0x0000000008008308                _fini
 .fini          0x000000000800830c        0x8 c:/st/stm32cubeide_1.9.0/stm32cubeide/plugins/com.st.stm32cube.ide.mcu.externaltools.gnu-tools-for-stm32.10.3-2021.10.win32_1.0.0.202111181127/tools/bin/../lib/gcc/arm-none-eabi/10.3.1/thumb/v7-m/nofp/crtn.o
                0x0000000008008314                . = ALIGN (0x4)
                0x0000000008008314                _etext = .

.vfp11_veneer   0x0000000008008314        0x0
 .vfp11_veneer  0x0000000008008314        0x0 linker stubs

.v4_bx          0x0000000008008314        0x0
 .v4_bx         0x0000000008008314        0x0 linker stubs

.iplt           0x0000000008008314        0x0
 .iplt          0x0000000008008314        0x0 c:/st/stm32cubeide_1.9.0/stm32cubeide/plugins/com.st.stm32cube.ide.mcu.externaltools.gnu-tools-for-stm32.10.3-2021.10.win32_1.0.0.202111181127/tools/bin/../lib/gcc/arm-none-eabi/10.3.1/thumb/v7-m/nofp/crtbegin.o

.rodata         0x0000000008008314       0x94
                0x0000000008008314                . = ALIGN (0x4)
 *(.rodata)
 .rodata        0x0000000008008314       0x5a ./Core/Src/main.o
 *fill*         0x000000000800836e        0x2 
 .rodata        0x0000000008008370       0x10 ./Drivers/STM32F1xx_HAL_Driver/Src/stm32f1xx_hal_rcc.o
 .rodata        0x0000000008008380       0x10 ./Drivers/STM32F1xx_HAL_Driver/Src/stm32f1xx_hal_rcc_ex.o
 *(.rodata*)
 .rodata.AHBPrescTable
                0x0000000008008390       0x10 ./Core/Src/system_stm32f1xx.o
                0x0000000008008390                AHBPrescTable
 .rodata.APBPrescTable
                0x00000000080083a0        0x8 ./Core/Src/system_stm32f1xx.o
                0x00000000080083a0                APBPrescTable
                0x00000000080083a8                . = ALIGN (0x4)

.rel.dyn        0x00000000080083a8        0x0
 .rel.iplt      0x00000000080083a8        0x0 c:/st/stm32cubeide_1.9.0/stm32cubeide/plugins/com.st.stm32cube.ide.mcu.externaltools.gnu-tools-for-stm32.10.3-2021.10.win32_1.0.0.202111181127/tools/bin/../lib/gcc/arm-none-eabi/10.3.1/thumb/v7-m/nofp/crtbegin.o

.ARM.extab      0x00000000080083a8        0x0
                0x00000000080083a8                . = ALIGN (0x4)
 *(.ARM.extab* .gnu.linkonce.armextab.*)
                0x00000000080083a8                . = ALIGN (0x4)

.ARM            0x00000000080083a8        0x0
                0x00000000080083a8                . = ALIGN (0x4)
                0x00000000080083a8                __exidx_start = .
 *(.ARM.exidx*)
                0x00000000080083a8                __exidx_end = .
                0x00000000080083a8                . = ALIGN (0x4)

.preinit_array  0x00000000080083a8        0x0
                0x00000000080083a8                . = ALIGN (0x4)
                0x00000000080083a8                PROVIDE (__preinit_array_start = .)
 *(.preinit_array*)
                0x00000000080083a8                PROVIDE (__preinit_array_end = .)
                0x00000000080083a8                . = ALIGN (0x4)

.init_array     0x00000000080083a8        0x4
                0x00000000080083a8                . = ALIGN (0x4)
                0x00000000080083a8                PROVIDE (__init_array_start = .)
 *(SORT_BY_NAME(.init_array.*))
 *(.init_array*)
 .init_array    0x00000000080083a8        0x4 c:/st/stm32cubeide_1.9.0/stm32cubeide/plugins/com.st.stm32cube.ide.mcu.externaltools.gnu-tools-for-stm32.10.3-2021.10.win32_1.0.0.202111181127/tools/bin/../lib/gcc/arm-none-eabi/10.3.1/thumb/v7-m/nofp/crtbegin.o
                0x00000000080083ac                PROVIDE (__init_array_end = .)
                0x00000000080083ac                . = ALIGN (0x4)

.fini_array     0x00000000080083ac        0x4
                0x00000000080083ac                . = ALIGN (0x4)
                [!provide]                        PROVIDE (__fini_array_start = .)
 *(SORT_BY_NAME(.fini_array.*))
 *(.fini_array*)
 .fini_array    0x00000000080083ac        0x4 c:/st/stm32cubeide_1.9.0/stm32cubeide/plugins/com.st.stm32cube.ide.mcu.externaltools.gnu-tools-for-stm32.10.3-2021.10.win32_1.0.0.202111181127/tools/bin/../lib/gcc/arm-none-eabi/10.3.1/thumb/v7-m/nofp/crtbegin.o
                [!provide]                        PROVIDE (__fini_array_end = .)
                0x00000000080083b0                . = ALIGN (0x4)
                0x00000000080083b0                _sidata = LOADADDR (.data)

.data           0x0000000020000000       0x70 load address 0x00000000080083b0
                0x0000000020000000                . = ALIGN (0x4)
                0x0000000020000000                _sdata = .
 *(.data)
 *(.data*)
 .data.timer2_period
                0x0000000020000000        0x1 ./Core/Src/main.o
                0x0000000020000000                timer2_period
 .data.MIN_PWM  0x0000000020000001        0x1 ./Core/Src/main.o
                0x0000000020000001                MIN_PWM
 .data.MAX_PWM  0x0000000020000002        0x1 ./Core/Src/main.o
                0x0000000020000002                MAX_PWM
 *fill*         0x0000000020000003        0x1 
 .data.PID      0x0000000020000004       0x32 ./Core/Src/main.o
                0x0000000020000004                PID
 *fill*         0x0000000020000036        0x2 
 .data.Work_Mode
                0x0000000020000038        0x7 ./Core/Src/main.o
                0x0000000020000038                Work_Mode
 *fill*         0x000000002000003f        0x1 
 .data.WiFi_Status
                0x0000000020000040        0x7 ./Core/Src/main.o
                0x0000000020000040                WiFi_Status
 *fill*         0x0000000020000047        0x1 
 .data.Longpress_Tx_Buff
                0x0000000020000048        0xa ./Core/Src/main.o
                0x0000000020000048                Longpress_Tx_Buff
 *fill*         0x0000000020000052        0x2 
 .data.Hbt      0x0000000020000054        0x8 ./Core/Src/main.o
                0x0000000020000054                Hbt
 .data.Hbt1     0x000000002000005c        0x8 ./Core/Src/main.o
                0x000000002000005c                Hbt1
 .data.SystemCoreClock
                0x0000000020000064        0x4 ./Core/Src/system_stm32f1xx.o
                0x0000000020000064                SystemCoreClock
 .data.uwTickPrio
                0x0000000020000068        0x4 ./Drivers/STM32F1xx_HAL_Driver/Src/stm32f1xx_hal.o
                0x0000000020000068                uwTickPrio
 .data.uwTickFreq
                0x000000002000006c        0x1 ./Drivers/STM32F1xx_HAL_Driver/Src/stm32f1xx_hal.o
                0x000000002000006c                uwTickFreq
 *(.RamFunc)
 *(.RamFunc*)
                0x0000000020000070                . = ALIGN (0x4)
 *fill*         0x000000002000006d        0x3 
                0x0000000020000070                _edata = .

.igot.plt       0x0000000020000070        0x0 load address 0x0000000008008420
 .igot.plt      0x0000000020000070        0x0 c:/st/stm32cubeide_1.9.0/stm32cubeide/plugins/com.st.stm32cube.ide.mcu.externaltools.gnu-tools-for-stm32.10.3-2021.10.win32_1.0.0.202111181127/tools/bin/../lib/gcc/arm-none-eabi/10.3.1/thumb/v7-m/nofp/crtbegin.o
                0x0000000020000070                . = ALIGN (0x4)

.bss            0x0000000020000070      0x41c load address 0x0000000008008420
                0x0000000020000070                _sbss = .
                0x0000000020000070                __bss_start__ = _sbss
 *(.bss)
 .bss           0x0000000020000070       0x1c c:/st/stm32cubeide_1.9.0/stm32cubeide/plugins/com.st.stm32cube.ide.mcu.externaltools.gnu-tools-for-stm32.10.3-2021.10.win32_1.0.0.202111181127/tools/bin/../lib/gcc/arm-none-eabi/10.3.1/thumb/v7-m/nofp/crtbegin.o
 *(.bss*)
 .bss.hadc1     0x000000002000008c       0x30 ./Core/Src/adc.o
                0x000000002000008c                hadc1
 .bss.hi2c1     0x00000000200000bc       0x54 ./Core/Src/i2c.o
                0x00000000200000bc                hi2c1
 .bss.dimmer_level
                0x0000000020000110        0x1 ./Core/Src/main.o
                0x0000000020000110                dimmer_level
 .bss.dimmer_flag
                0x0000000020000111        0x1 ./Core/Src/main.o
                0x0000000020000111                dimmer_flag
 .bss.dimmer_value_change_flag
                0x0000000020000112        0x1 ./Core/Src/main.o
                0x0000000020000112                dimmer_value_change_flag
 .bss.dimmer_enable_flag
                0x0000000020000113        0x1 ./Core/Src/main.o
                0x0000000020000113                dimmer_enable_flag
 .bss.Touch_Flag
                0x0000000020000114        0x9 ./Core/Src/main.o
                0x0000000020000114                Touch_Flag
 .bss.wrI       0x000000002000011d        0x1 ./Core/Src/main.o
                0x000000002000011d                wrI
 .bss.rdI       0x000000002000011e        0x1 ./Core/Src/main.o
                0x000000002000011e                rdI
 .bss.Count     0x000000002000011f        0x1 ./Core/Src/main.o
                0x000000002000011f                Count
 .bss.Cyclic_Buffer
                0x0000000020000120      0x100 ./Core/Src/main.o
                0x0000000020000120                Cyclic_Buffer
 .bss.Rx_First_byte
                0x0000000020000220        0x1 ./Core/Src/main.o
                0x0000000020000220                Rx_First_byte
 .bss.Rx_Second_byte
                0x0000000020000221        0x1 ./Core/Src/main.o
                0x0000000020000221                Rx_Second_byte
 *fill*         0x0000000020000222        0x2 
 .bss.RX_Data   0x0000000020000224       0x64 ./Core/Src/main.o
                0x0000000020000224                RX_Data
 .bss.RX_data_Count
                0x0000000020000288        0x1 ./Core/Src/main.o
                0x0000000020000288                RX_data_Count
 .bss.RX_Buffer
                0x0000000020000289        0x1 ./Core/Src/main.o
                0x0000000020000289                RX_Buffer
 .bss.RX_data_length
                0x000000002000028a        0x1 ./Core/Src/main.o
                0x000000002000028a                RX_data_length
 .bss.RX_Data_Start_Flag
                0x000000002000028b        0x1 ./Core/Src/main.o
                0x000000002000028b                RX_Data_Start_Flag
 .bss.RX_Complete_flag
                0x000000002000028c        0x1 ./Core/Src/main.o
                0x000000002000028c                RX_Complete_flag
 .bss.Rx_CNT    0x000000002000028d        0x1 ./Core/Src/main.o
                0x000000002000028d                Rx_CNT
 *fill*         0x000000002000028e        0x2 
 .bss.timer_val
                0x0000000020000290        0x4 ./Core/Src/main.o
                0x0000000020000290                timer_val
 .bss.Tuya_Heart_Flag
                0x0000000020000294        0x1 ./Core/Src/main.o
                0x0000000020000294                Tuya_Heart_Flag
 .bss.Tuya_Reset_Flag
                0x0000000020000295        0x1 ./Core/Src/main.o
                0x0000000020000295                Tuya_Reset_Flag
 *fill*         0x0000000020000296        0x2 
 .bss.Tuya_Start_Time
                0x0000000020000298        0x4 ./Core/Src/main.o
                0x0000000020000298                Tuya_Start_Time
 .bss.Tuya_flag
                0x000000002000029c        0x1 ./Core/Src/main.o
                0x000000002000029c                Tuya_flag
 .bss.Idication_Flag
                0x000000002000029d        0x1 ./Core/Src/main.o
                0x000000002000029d                Idication_Flag
 .bss.Idication_Control_Flag
                0x000000002000029e        0x1 ./Core/Src/main.o
                0x000000002000029e                Idication_Control_Flag
 .bss.ZERO_PWM  0x000000002000029f        0x1 ./Core/Src/main.o
                0x000000002000029f                ZERO_PWM
 .bss.Temp_var  0x00000000200002a0        0x1 ./Core/Src/main.o
                0x00000000200002a0                Temp_var
 *fill*         0x00000000200002a1        0x3 
 .bss.ADCValue1_0
                0x00000000200002a4        0x4 ./Core/Src/main.o
                0x00000000200002a4                ADCValue1_0
 .bss.ADCValue1_1
                0x00000000200002a8        0x4 ./Core/Src/main.o
                0x00000000200002a8                ADCValue1_1
 .bss.ADCValue1_2
                0x00000000200002ac        0x4 ./Core/Src/main.o
                0x00000000200002ac                ADCValue1_2
 .bss.ADCValue1_3
                0x00000000200002b0        0x4 ./Core/Src/main.o
                0x00000000200002b0                ADCValue1_3
 .bss.ADCValue1_4
                0x00000000200002b4        0x4 ./Core/Src/main.o
                0x00000000200002b4                ADCValue1_4
 .bss.ADCValue1_5
                0x00000000200002b8        0x4 ./Core/Src/main.o
                0x00000000200002b8                ADCValue1_5
 .bss.ADCValue1_6
                0x00000000200002bc        0x4 ./Core/Src/main.o
                0x00000000200002bc                ADCValue1_6
 .bss.ADCValue1_7
                0x00000000200002c0        0x4 ./Core/Src/main.o
                0x00000000200002c0                ADCValue1_7
 .bss.adc0_init
                0x00000000200002c4        0x4 ./Core/Src/main.o
                0x00000000200002c4                adc0_init
 .bss.adc1_init
                0x00000000200002c8        0x4 ./Core/Src/main.o
                0x00000000200002c8                adc1_init
 .bss.adc2_init
                0x00000000200002cc        0x4 ./Core/Src/main.o
                0x00000000200002cc                adc2_init
 .bss.adc3_init
                0x00000000200002d0        0x4 ./Core/Src/main.o
                0x00000000200002d0                adc3_init
 .bss.adc4_init
                0x00000000200002d4        0x4 ./Core/Src/main.o
                0x00000000200002d4                adc4_init
 .bss.adc5_init
                0x00000000200002d8        0x4 ./Core/Src/main.o
                0x00000000200002d8                adc5_init
 .bss.adc6_init
                0x00000000200002dc        0x4 ./Core/Src/main.o
                0x00000000200002dc                adc6_init
 .bss.adc7_init
                0x00000000200002e0        0x4 ./Core/Src/main.o
                0x00000000200002e0                adc7_init
 .bss.ADC_Tempvalue
                0x00000000200002e4       0x20 ./Core/Src/main.o
                0x00000000200002e4                ADC_Tempvalue
 .bss.ADC_Counter
                0x0000000020000304        0x2 ./Core/Src/main.o
                0x0000000020000304                ADC_Counter
 *fill*         0x0000000020000306        0x2 
 .bss.ADC_Start_Time
                0x0000000020000308        0x4 ./Core/Src/main.o
                0x0000000020000308                ADC_Start_Time
 .bss.Start_Time.7
                0x000000002000030c        0x4 ./Core/Src/main.o
 .bss.long_press.6
                0x0000000020000310        0x1 ./Core/Src/main.o
 .bss.long_press.5
                0x0000000020000311        0x1 ./Core/Src/main.o
 *fill*         0x0000000020000312        0x2 
 .bss.Start_Time.4
                0x0000000020000314        0x4 ./Core/Src/main.o
 .bss.temp_flag.3
                0x0000000020000318        0x1 ./Core/Src/main.o
 *fill*         0x0000000020000319        0x3 
 .bss.Indication_Start_Time.2
                0x000000002000031c        0x4 ./Core/Src/main.o
 .bss.Breath.1  0x0000000020000320        0x1 ./Core/Src/main.o
 .bss.Breath_Flag.0
                0x0000000020000321        0x1 ./Core/Src/main.o
 *fill*         0x0000000020000322        0x2 
 .bss.htim1     0x0000000020000324       0x48 ./Core/Src/tim.o
                0x0000000020000324                htim1
 .bss.htim2     0x000000002000036c       0x48 ./Core/Src/tim.o
                0x000000002000036c                htim2
 .bss.htim3     0x00000000200003b4       0x48 ./Core/Src/tim.o
                0x00000000200003b4                htim3
 .bss.htim4     0x00000000200003fc       0x48 ./Core/Src/tim.o
                0x00000000200003fc                htim4
 .bss.huart2    0x0000000020000444       0x44 ./Core/Src/usart.o
                0x0000000020000444                huart2
 .bss.uwTick    0x0000000020000488        0x4 ./Drivers/STM32F1xx_HAL_Driver/Src/stm32f1xx_hal.o
                0x0000000020000488                uwTick
 *(COMMON)
                0x000000002000048c                . = ALIGN (0x4)
                0x000000002000048c                _ebss = .
                0x000000002000048c                __bss_end__ = _ebss

._user_heap_stack
                0x000000002000048c      0x604 load address 0x0000000008008420
                0x0000000020000490                . = ALIGN (0x8)
 *fill*         0x000000002000048c        0x4 
                [!provide]                        PROVIDE (end = .)
                0x0000000020000490                PROVIDE (_end = .)
                0x0000000020000690                . = (. + _Min_Heap_Size)
 *fill*         0x0000000020000490      0x200 
                0x0000000020000a90                . = (. + _Min_Stack_Size)
 *fill*         0x0000000020000690      0x400 
                0x0000000020000a90                . = ALIGN (0x8)

/DISCARD/
 libc.a(*)
 libm.a(*)
 libgcc.a(*)

.ARM.attributes
                0x0000000000000000       0x29
 *(.ARM.attributes)
 .ARM.attributes
                0x0000000000000000       0x1d c:/st/stm32cubeide_1.9.0/stm32cubeide/plugins/com.st.stm32cube.ide.mcu.externaltools.gnu-tools-for-stm32.10.3-2021.10.win32_1.0.0.202111181127/tools/bin/../lib/gcc/arm-none-eabi/10.3.1/thumb/v7-m/nofp/crti.o
 .ARM.attributes
                0x000000000000001d       0x2d c:/st/stm32cubeide_1.9.0/stm32cubeide/plugins/com.st.stm32cube.ide.mcu.externaltools.gnu-tools-for-stm32.10.3-2021.10.win32_1.0.0.202111181127/tools/bin/../lib/gcc/arm-none-eabi/10.3.1/thumb/v7-m/nofp/crtbegin.o
 .ARM.attributes
                0x000000000000004a       0x2d ./Core/Src/adc.o
 .ARM.attributes
                0x0000000000000077       0x2d ./Core/Src/gpio.o
 .ARM.attributes
                0x00000000000000a4       0x2d ./Core/Src/i2c.o
 .ARM.attributes
                0x00000000000000d1       0x2d ./Core/Src/main.o
 .ARM.attributes
                0x00000000000000fe       0x2d ./Core/Src/stm32f1xx_hal_msp.o
 .ARM.attributes
                0x000000000000012b       0x2d ./Core/Src/stm32f1xx_it.o
 .ARM.attributes
                0x0000000000000158       0x2d ./Core/Src/system_stm32f1xx.o
 .ARM.attributes
                0x0000000000000185       0x2d ./Core/Src/tim.o
 .ARM.attributes
                0x00000000000001b2       0x2d ./Core/Src/usart.o
 .ARM.attributes
                0x00000000000001df       0x21 ./Core/Startup/startup_stm32f103v8tx.o
 .ARM.attributes
                0x0000000000000200       0x2d ./Drivers/STM32F1xx_HAL_Driver/Src/stm32f1xx_hal.o
 .ARM.attributes
                0x000000000000022d       0x2d ./Drivers/STM32F1xx_HAL_Driver/Src/stm32f1xx_hal_adc.o
 .ARM.attributes
                0x000000000000025a       0x2d ./Drivers/STM32F1xx_HAL_Driver/Src/stm32f1xx_hal_cortex.o
 .ARM.attributes
                0x0000000000000287       0x2d ./Drivers/STM32F1xx_HAL_Driver/Src/stm32f1xx_hal_dma.o
 .ARM.attributes
                0x00000000000002b4       0x2d ./Drivers/STM32F1xx_HAL_Driver/Src/stm32f1xx_hal_gpio.o
 .ARM.attributes
                0x00000000000002e1       0x2d ./Drivers/STM32F1xx_HAL_Driver/Src/stm32f1xx_hal_i2c.o
 .ARM.attributes
                0x000000000000030e       0x2d ./Drivers/STM32F1xx_HAL_Driver/Src/stm32f1xx_hal_rcc.o
 .ARM.attributes
                0x000000000000033b       0x2d ./Drivers/STM32F1xx_HAL_Driver/Src/stm32f1xx_hal_rcc_ex.o
 .ARM.attributes
                0x0000000000000368       0x2d ./Drivers/STM32F1xx_HAL_Driver/Src/stm32f1xx_hal_tim.o
 .ARM.attributes
                0x0000000000000395       0x2d ./Drivers/STM32F1xx_HAL_Driver/Src/stm32f1xx_hal_tim_ex.o
 .ARM.attributes
                0x00000000000003c2       0x2d ./Drivers/STM32F1xx_HAL_Driver/Src/stm32f1xx_hal_uart.o
 .ARM.attributes
                0x00000000000003ef       0x2d c:/st/stm32cubeide_1.9.0/stm32cubeide/plugins/com.st.stm32cube.ide.mcu.externaltools.gnu-tools-for-stm32.10.3-2021.10.win32_1.0.0.202111181127/tools/bin/../lib/gcc/arm-none-eabi/10.3.1/../../../../arm-none-eabi/lib/thumb/v7-m/nofp\libc_nano.a(lib_a-init.o)
 .ARM.attributes
                0x000000000000041c       0x2d c:/st/stm32cubeide_1.9.0/stm32cubeide/plugins/com.st.stm32cube.ide.mcu.externaltools.gnu-tools-for-stm32.10.3-2021.10.win32_1.0.0.202111181127/tools/bin/../lib/gcc/arm-none-eabi/10.3.1/../../../../arm-none-eabi/lib/thumb/v7-m/nofp\libc_nano.a(lib_a-memset.o)
 .ARM.attributes
                0x0000000000000449       0x1d c:/st/stm32cubeide_1.9.0/stm32cubeide/plugins/com.st.stm32cube.ide.mcu.externaltools.gnu-tools-for-stm32.10.3-2021.10.win32_1.0.0.202111181127/tools/bin/../lib/gcc/arm-none-eabi/10.3.1/thumb/v7-m/nofp\libgcc.a(_arm_muldf3.o)
 .ARM.attributes
                0x0000000000000466       0x1d c:/st/stm32cubeide_1.9.0/stm32cubeide/plugins/com.st.stm32cube.ide.mcu.externaltools.gnu-tools-for-stm32.10.3-2021.10.win32_1.0.0.202111181127/tools/bin/../lib/gcc/arm-none-eabi/10.3.1/thumb/v7-m/nofp\libgcc.a(_arm_addsubdf3.o)
 .ARM.attributes
                0x0000000000000483       0x1d c:/st/stm32cubeide_1.9.0/stm32cubeide/plugins/com.st.stm32cube.ide.mcu.externaltools.gnu-tools-for-stm32.10.3-2021.10.win32_1.0.0.202111181127/tools/bin/../lib/gcc/arm-none-eabi/10.3.1/thumb/v7-m/nofp\libgcc.a(_arm_fixunsdfsi.o)
 .ARM.attributes
                0x00000000000004a0       0x1d c:/st/stm32cubeide_1.9.0/stm32cubeide/plugins/com.st.stm32cube.ide.mcu.externaltools.gnu-tools-for-stm32.10.3-2021.10.win32_1.0.0.202111181127/tools/bin/../lib/gcc/arm-none-eabi/10.3.1/thumb/v7-m/nofp\libgcc.a(_arm_addsubsf3.o)
 .ARM.attributes
                0x00000000000004bd       0x1d c:/st/stm32cubeide_1.9.0/stm32cubeide/plugins/com.st.stm32cube.ide.mcu.externaltools.gnu-tools-for-stm32.10.3-2021.10.win32_1.0.0.202111181127/tools/bin/../lib/gcc/arm-none-eabi/10.3.1/thumb/v7-m/nofp/crtn.o
OUTPUT(Tuya_Dimmer.elf elf32-littlearm)
LOAD linker stubs
LOAD c:/st/stm32cubeide_1.9.0/stm32cubeide/plugins/com.st.stm32cube.ide.mcu.externaltools.gnu-tools-for-stm32.10.3-2021.10.win32_1.0.0.202111181127/tools/bin/../lib/gcc/arm-none-eabi/10.3.1/../../../../arm-none-eabi/lib/thumb/v7-m/nofp\libc.a
LOAD c:/st/stm32cubeide_1.9.0/stm32cubeide/plugins/com.st.stm32cube.ide.mcu.externaltools.gnu-tools-for-stm32.10.3-2021.10.win32_1.0.0.202111181127/tools/bin/../lib/gcc/arm-none-eabi/10.3.1/../../../../arm-none-eabi/lib/thumb/v7-m/nofp\libm.a
LOAD c:/st/stm32cubeide_1.9.0/stm32cubeide/plugins/com.st.stm32cube.ide.mcu.externaltools.gnu-tools-for-stm32.10.3-2021.10.win32_1.0.0.202111181127/tools/bin/../lib/gcc/arm-none-eabi/10.3.1/thumb/v7-m/nofp\libgcc.a

.debug_info     0x0000000000000000    0x111b5
 .debug_info    0x0000000000000000      0x83c ./Core/Src/adc.o
 .debug_info    0x000000000000083c      0x4ab ./Core/Src/gpio.o
 .debug_info    0x0000000000000ce7      0x85b ./Core/Src/i2c.o
 .debug_info    0x0000000000001542     0x2050 ./Core/Src/main.o
 .debug_info    0x0000000000003592      0x210 ./Core/Src/stm32f1xx_hal_msp.o
 .debug_info    0x00000000000037a2      0x9ad ./Core/Src/stm32f1xx_it.o
 .debug_info    0x000000000000414f      0x23d ./Core/Src/system_stm32f1xx.o
 .debug_info    0x000000000000438c      0xf41 ./Core/Src/tim.o
 .debug_info    0x00000000000052cd      0xa08 ./Core/Src/usart.o
 .debug_info    0x0000000000005cd5       0x22 ./Core/Startup/startup_stm32f103v8tx.o
 .debug_info    0x0000000000005cf7      0x734 ./Drivers/STM32F1xx_HAL_Driver/Src/stm32f1xx_hal.o
 .debug_info    0x000000000000642b      0xcd9 ./Drivers/STM32F1xx_HAL_Driver/Src/stm32f1xx_hal_adc.o
 .debug_info    0x0000000000007104      0xb20 ./Drivers/STM32F1xx_HAL_Driver/Src/stm32f1xx_hal_cortex.o
 .debug_info    0x0000000000007c24      0x73f ./Drivers/STM32F1xx_HAL_Driver/Src/stm32f1xx_hal_dma.o
 .debug_info    0x0000000000008363      0x615 ./Drivers/STM32F1xx_HAL_Driver/Src/stm32f1xx_hal_gpio.o
 .debug_info    0x0000000000008978     0x2734 ./Drivers/STM32F1xx_HAL_Driver/Src/stm32f1xx_hal_i2c.o
 .debug_info    0x000000000000b0ac      0x860 ./Drivers/STM32F1xx_HAL_Driver/Src/stm32f1xx_hal_rcc.o
 .debug_info    0x000000000000b90c      0x3e0 ./Drivers/STM32F1xx_HAL_Driver/Src/stm32f1xx_hal_rcc_ex.o
 .debug_info    0x000000000000bcec     0x29de ./Drivers/STM32F1xx_HAL_Driver/Src/stm32f1xx_hal_tim.o
 .debug_info    0x000000000000e6ca     0x1513 ./Drivers/STM32F1xx_HAL_Driver/Src/stm32f1xx_hal_tim_ex.o
 .debug_info    0x000000000000fbdd     0x15d8 ./Drivers/STM32F1xx_HAL_Driver/Src/stm32f1xx_hal_uart.o

.debug_abbrev   0x0000000000000000     0x28d2
 .debug_abbrev  0x0000000000000000      0x1ce ./Core/Src/adc.o
 .debug_abbrev  0x00000000000001ce      0x152 ./Core/Src/gpio.o
 .debug_abbrev  0x0000000000000320      0x1ce ./Core/Src/i2c.o
 .debug_abbrev  0x00000000000004ee      0x33a ./Core/Src/main.o
 .debug_abbrev  0x0000000000000828       0xd4 ./Core/Src/stm32f1xx_hal_msp.o
 .debug_abbrev  0x00000000000008fc      0x199 ./Core/Src/stm32f1xx_it.o
 .debug_abbrev  0x0000000000000a95      0x13b ./Core/Src/system_stm32f1xx.o
 .debug_abbrev  0x0000000000000bd0      0x255 ./Core/Src/tim.o
 .debug_abbrev  0x0000000000000e25      0x1fe ./Core/Src/usart.o
 .debug_abbrev  0x0000000000001023       0x12 ./Core/Startup/startup_stm32f103v8tx.o
 .debug_abbrev  0x0000000000001035      0x1fb ./Drivers/STM32F1xx_HAL_Driver/Src/stm32f1xx_hal.o
 .debug_abbrev  0x0000000000001230      0x210 ./Drivers/STM32F1xx_HAL_Driver/Src/stm32f1xx_hal_adc.o
 .debug_abbrev  0x0000000000001440      0x2ed ./Drivers/STM32F1xx_HAL_Driver/Src/stm32f1xx_hal_cortex.o
 .debug_abbrev  0x000000000000172d      0x1fe ./Drivers/STM32F1xx_HAL_Driver/Src/stm32f1xx_hal_dma.o
 .debug_abbrev  0x000000000000192b      0x1bb ./Drivers/STM32F1xx_HAL_Driver/Src/stm32f1xx_hal_gpio.o
 .debug_abbrev  0x0000000000001ae6      0x288 ./Drivers/STM32F1xx_HAL_Driver/Src/stm32f1xx_hal_i2c.o
 .debug_abbrev  0x0000000000001d6e      0x2a8 ./Drivers/STM32F1xx_HAL_Driver/Src/stm32f1xx_hal_rcc.o
 .debug_abbrev  0x0000000000002016      0x182 ./Drivers/STM32F1xx_HAL_Driver/Src/stm32f1xx_hal_rcc_ex.o
 .debug_abbrev  0x0000000000002198      0x25d ./Drivers/STM32F1xx_HAL_Driver/Src/stm32f1xx_hal_tim.o
 .debug_abbrev  0x00000000000023f5      0x265 ./Drivers/STM32F1xx_HAL_Driver/Src/stm32f1xx_hal_tim_ex.o
 .debug_abbrev  0x000000000000265a      0x278 ./Drivers/STM32F1xx_HAL_Driver/Src/stm32f1xx_hal_uart.o

.debug_aranges  0x0000000000000000     0x1118
 .debug_aranges
                0x0000000000000000       0x30 ./Core/Src/adc.o
 .debug_aranges
                0x0000000000000030       0x20 ./Core/Src/gpio.o
 .debug_aranges
                0x0000000000000050       0x30 ./Core/Src/i2c.o
 .debug_aranges
                0x0000000000000080       0xf0 ./Core/Src/main.o
 .debug_aranges
                0x0000000000000170       0x20 ./Core/Src/stm32f1xx_hal_msp.o
 .debug_aranges
                0x0000000000000190       0x78 ./Core/Src/stm32f1xx_it.o
 .debug_aranges
                0x0000000000000208       0x28 ./Core/Src/system_stm32f1xx.o
 .debug_aranges
                0x0000000000000230       0x50 ./Core/Src/tim.o
 .debug_aranges
                0x0000000000000280       0x30 ./Core/Src/usart.o
 .debug_aranges
                0x00000000000002b0       0x28 ./Core/Startup/startup_stm32f103v8tx.o
 .debug_aranges
                0x00000000000002d8       0xe0 ./Drivers/STM32F1xx_HAL_Driver/Src/stm32f1xx_hal.o
 .debug_aranges
                0x00000000000003b8       0xf0 ./Drivers/STM32F1xx_HAL_Driver/Src/stm32f1xx_hal_adc.o
 .debug_aranges
                0x00000000000004a8      0x100 ./Drivers/STM32F1xx_HAL_Driver/Src/stm32f1xx_hal_cortex.o
 .debug_aranges
                0x00000000000005a8       0x80 ./Drivers/STM32F1xx_HAL_Driver/Src/stm32f1xx_hal_dma.o
 .debug_aranges
                0x0000000000000628       0x58 ./Drivers/STM32F1xx_HAL_Driver/Src/stm32f1xx_hal_gpio.o
 .debug_aranges
                0x0000000000000680      0x2a0 ./Drivers/STM32F1xx_HAL_Driver/Src/stm32f1xx_hal_i2c.o
 .debug_aranges
                0x0000000000000920       0x90 ./Drivers/STM32F1xx_HAL_Driver/Src/stm32f1xx_hal_rcc.o
 .debug_aranges
                0x00000000000009b0       0x30 ./Drivers/STM32F1xx_HAL_Driver/Src/stm32f1xx_hal_rcc_ex.o
 .debug_aranges
                0x00000000000009e0      0x3d0 ./Drivers/STM32F1xx_HAL_Driver/Src/stm32f1xx_hal_tim.o
 .debug_aranges
                0x0000000000000db0      0x168 ./Drivers/STM32F1xx_HAL_Driver/Src/stm32f1xx_hal_tim_ex.o
 .debug_aranges
                0x0000000000000f18      0x200 ./Drivers/STM32F1xx_HAL_Driver/Src/stm32f1xx_hal_uart.o

.debug_ranges   0x0000000000000000     0x1028
 .debug_ranges  0x0000000000000000       0x20 ./Core/Src/adc.o
 .debug_ranges  0x0000000000000020       0x10 ./Core/Src/gpio.o
 .debug_ranges  0x0000000000000030       0x20 ./Core/Src/i2c.o
 .debug_ranges  0x0000000000000050       0xe0 ./Core/Src/main.o
 .debug_ranges  0x0000000000000130       0x10 ./Core/Src/stm32f1xx_hal_msp.o
 .debug_ranges  0x0000000000000140       0x68 ./Core/Src/stm32f1xx_it.o
 .debug_ranges  0x00000000000001a8       0x18 ./Core/Src/system_stm32f1xx.o
 .debug_ranges  0x00000000000001c0       0x40 ./Core/Src/tim.o
 .debug_ranges  0x0000000000000200       0x20 ./Core/Src/usart.o
 .debug_ranges  0x0000000000000220       0x20 ./Core/Startup/startup_stm32f103v8tx.o
 .debug_ranges  0x0000000000000240       0xd0 ./Drivers/STM32F1xx_HAL_Driver/Src/stm32f1xx_hal.o
 .debug_ranges  0x0000000000000310       0xe0 ./Drivers/STM32F1xx_HAL_Driver/Src/stm32f1xx_hal_adc.o
 .debug_ranges  0x00000000000003f0       0xf0 ./Drivers/STM32F1xx_HAL_Driver/Src/stm32f1xx_hal_cortex.o
 .debug_ranges  0x00000000000004e0       0x70 ./Drivers/STM32F1xx_HAL_Driver/Src/stm32f1xx_hal_dma.o
 .debug_ranges  0x0000000000000550       0x48 ./Drivers/STM32F1xx_HAL_Driver/Src/stm32f1xx_hal_gpio.o
 .debug_ranges  0x0000000000000598      0x2b8 ./Drivers/STM32F1xx_HAL_Driver/Src/stm32f1xx_hal_i2c.o
 .debug_ranges  0x0000000000000850       0x80 ./Drivers/STM32F1xx_HAL_Driver/Src/stm32f1xx_hal_rcc.o
 .debug_ranges  0x00000000000008d0       0x20 ./Drivers/STM32F1xx_HAL_Driver/Src/stm32f1xx_hal_rcc_ex.o
 .debug_ranges  0x00000000000008f0      0x3c0 ./Drivers/STM32F1xx_HAL_Driver/Src/stm32f1xx_hal_tim.o
 .debug_ranges  0x0000000000000cb0      0x158 ./Drivers/STM32F1xx_HAL_Driver/Src/stm32f1xx_hal_tim_ex.o
 .debug_ranges  0x0000000000000e08      0x220 ./Drivers/STM32F1xx_HAL_Driver/Src/stm32f1xx_hal_uart.o

.debug_macro    0x0000000000000000    0x186f4
 .debug_macro   0x0000000000000000      0x1da ./Core/Src/adc.o
 .debug_macro   0x00000000000001da      0xa6c ./Core/Src/adc.o
 .debug_macro   0x0000000000000c46      0x227 ./Core/Src/adc.o
 .debug_macro   0x0000000000000e6d       0x2e ./Core/Src/adc.o
 .debug_macro   0x0000000000000e9b       0x22 ./Core/Src/adc.o
 .debug_macro   0x0000000000000ebd       0x22 ./Core/Src/adc.o
 .debug_macro   0x0000000000000edf       0x8e ./Core/Src/adc.o
 .debug_macro   0x0000000000000f6d       0x51 ./Core/Src/adc.o
 .debug_macro   0x0000000000000fbe      0x103 ./Core/Src/adc.o
 .debug_macro   0x00000000000010c1       0x6a ./Core/Src/adc.o
 .debug_macro   0x000000000000112b      0x1df ./Core/Src/adc.o
 .debug_macro   0x000000000000130a       0x1c ./Core/Src/adc.o
 .debug_macro   0x0000000000001326       0x22 ./Core/Src/adc.o
 .debug_macro   0x0000000000001348       0xbd ./Core/Src/adc.o
 .debug_macro   0x0000000000001405      0xd23 ./Core/Src/adc.o
 .debug_macro   0x0000000000002128     0xe09e ./Core/Src/adc.o
 .debug_macro   0x00000000000101c6       0x6d ./Core/Src/adc.o
 .debug_macro   0x0000000000010233     0x3468 ./Core/Src/adc.o
 .debug_macro   0x000000000001369b      0x174 ./Core/Src/adc.o
 .debug_macro   0x000000000001380f       0x5c ./Core/Src/adc.o
 .debug_macro   0x000000000001386b      0x5be ./Core/Src/adc.o
 .debug_macro   0x0000000000013e29      0x289 ./Core/Src/adc.o
 .debug_macro   0x00000000000140b2      0x1cb ./Core/Src/adc.o
 .debug_macro   0x000000000001427d      0x114 ./Core/Src/adc.o
 .debug_macro   0x0000000000014391      0x1b2 ./Core/Src/adc.o
 .debug_macro   0x0000000000014543       0x27 ./Core/Src/adc.o
 .debug_macro   0x000000000001456a      0x136 ./Core/Src/adc.o
 .debug_macro   0x00000000000146a0      0x1bc ./Core/Src/adc.o
 .debug_macro   0x000000000001485c       0x34 ./Core/Src/adc.o
 .debug_macro   0x0000000000014890       0x3c ./Core/Src/adc.o
 .debug_macro   0x00000000000148cc       0x57 ./Core/Src/adc.o
 .debug_macro   0x0000000000014923      0x46a ./Core/Src/adc.o
 .debug_macro   0x0000000000014d8d      0x1b5 ./Core/Src/adc.o
 .debug_macro   0x0000000000014f42       0x88 ./Core/Src/adc.o
 .debug_macro   0x0000000000014fca      0x241 ./Core/Src/adc.o
 .debug_macro   0x000000000001520b      0x287 ./Core/Src/adc.o
 .debug_macro   0x0000000000015492      0x141 ./Core/Src/adc.o
 .debug_macro   0x00000000000155d3      0x8d1 ./Core/Src/adc.o
 .debug_macro   0x0000000000015ea4      0x279 ./Core/Src/adc.o
 .debug_macro   0x000000000001611d       0x83 ./Core/Src/adc.o
 .debug_macro   0x00000000000161a0      0x1b1 ./Core/Src/adc.o
 .debug_macro   0x0000000000016351      0x1da ./Core/Src/gpio.o
 .debug_macro   0x000000000001652b      0x1da ./Core/Src/i2c.o
 .debug_macro   0x0000000000016705      0x27e ./Core/Src/main.o
 .debug_macro   0x0000000000016983      0x1d0 ./Core/Src/stm32f1xx_hal_msp.o
 .debug_macro   0x0000000000016b53      0x1da ./Core/Src/stm32f1xx_it.o
 .debug_macro   0x0000000000016d2d      0x1c1 ./Core/Src/system_stm32f1xx.o
 .debug_macro   0x0000000000016eee      0x1da ./Core/Src/tim.o
 .debug_macro   0x00000000000170c8      0x1da ./Core/Src/usart.o
 .debug_macro   0x00000000000172a2      0x1e5 ./Drivers/STM32F1xx_HAL_Driver/Src/stm32f1xx_hal.o
 .debug_macro   0x0000000000017487      0x1de ./Drivers/STM32F1xx_HAL_Driver/Src/stm32f1xx_hal_adc.o
 .debug_macro   0x0000000000017665      0x1c1 ./Drivers/STM32F1xx_HAL_Driver/Src/stm32f1xx_hal_cortex.o
 .debug_macro   0x0000000000017826      0x1c1 ./Drivers/STM32F1xx_HAL_Driver/Src/stm32f1xx_hal_dma.o
 .debug_macro   0x00000000000179e7      0x22c ./Drivers/STM32F1xx_HAL_Driver/Src/stm32f1xx_hal_gpio.o
 .debug_macro   0x0000000000017c13      0x208 ./Drivers/STM32F1xx_HAL_Driver/Src/stm32f1xx_hal_i2c.o
 .debug_macro   0x0000000000017e1b      0x1d3 ./Drivers/STM32F1xx_HAL_Driver/Src/stm32f1xx_hal_rcc.o
 .debug_macro   0x0000000000017fee      0x1c1 ./Drivers/STM32F1xx_HAL_Driver/Src/stm32f1xx_hal_rcc_ex.o
 .debug_macro   0x00000000000181af      0x1c2 ./Drivers/STM32F1xx_HAL_Driver/Src/stm32f1xx_hal_tim.o
 .debug_macro   0x0000000000018371      0x1c1 ./Drivers/STM32F1xx_HAL_Driver/Src/stm32f1xx_hal_tim_ex.o
 .debug_macro   0x0000000000018532      0x1c2 ./Drivers/STM32F1xx_HAL_Driver/Src/stm32f1xx_hal_uart.o

.debug_line     0x0000000000000000    0x14867
 .debug_line    0x0000000000000000      0x734 ./Core/Src/adc.o
 .debug_line    0x0000000000000734      0x732 ./Core/Src/gpio.o
 .debug_line    0x0000000000000e66      0x71b ./Core/Src/i2c.o
 .debug_line    0x0000000000001581     0x1954 ./Core/Src/main.o
 .debug_line    0x0000000000002ed5      0x6b6 ./Core/Src/stm32f1xx_hal_msp.o
 .debug_line    0x000000000000358b      0x7c0 ./Core/Src/stm32f1xx_it.o
 .debug_line    0x0000000000003d4b      0x734 ./Core/Src/system_stm32f1xx.o
 .debug_line    0x000000000000447f      0x9c2 ./Core/Src/tim.o
 .debug_line    0x0000000000004e41      0x729 ./Core/Src/usart.o
 .debug_line    0x000000000000556a       0x87 ./Core/Startup/startup_stm32f103v8tx.o
 .debug_line    0x00000000000055f1      0x961 ./Drivers/STM32F1xx_HAL_Driver/Src/stm32f1xx_hal.o
 .debug_line    0x0000000000005f52      0xfd8 ./Drivers/STM32F1xx_HAL_Driver/Src/stm32f1xx_hal_adc.o
 .debug_line    0x0000000000006f2a      0xb49 ./Drivers/STM32F1xx_HAL_Driver/Src/stm32f1xx_hal_cortex.o
 .debug_line    0x0000000000007a73      0xdb9 ./Drivers/STM32F1xx_HAL_Driver/Src/stm32f1xx_hal_dma.o
 .debug_line    0x000000000000882c      0x9f8 ./Drivers/STM32F1xx_HAL_Driver/Src/stm32f1xx_hal_gpio.o
 .debug_line    0x0000000000009224     0x3a4b ./Drivers/STM32F1xx_HAL_Driver/Src/stm32f1xx_hal_i2c.o
 .debug_line    0x000000000000cc6f      0xd6f ./Drivers/STM32F1xx_HAL_Driver/Src/stm32f1xx_hal_rcc.o
 .debug_line    0x000000000000d9de      0x8ad ./Drivers/STM32F1xx_HAL_Driver/Src/stm32f1xx_hal_rcc_ex.o
 .debug_line    0x000000000000e28b     0x3317 ./Drivers/STM32F1xx_HAL_Driver/Src/stm32f1xx_hal_tim.o
 .debug_line    0x00000000000115a2     0x1889 ./Drivers/STM32F1xx_HAL_Driver/Src/stm32f1xx_hal_tim_ex.o
 .debug_line    0x0000000000012e2b     0x1a3c ./Drivers/STM32F1xx_HAL_Driver/Src/stm32f1xx_hal_uart.o

.debug_str      0x0000000000000000    0x8e77f
 .debug_str     0x0000000000000000    0x89c61 ./Core/Src/adc.o
                                      0x8a007 (size before relaxing)
 .debug_str     0x0000000000089c61      0x2f3 ./Core/Src/gpio.o
                                      0x89f69 (size before relaxing)
 .debug_str     0x0000000000089f54      0x2a7 ./Core/Src/i2c.o
                                      0x8a11c (size before relaxing)
 .debug_str     0x000000000008a1fb      0xdd8 ./Core/Src/main.o
                                      0x8b0c3 (size before relaxing)
 .debug_str     0x000000000008afd3       0x5a ./Core/Src/stm32f1xx_hal_msp.o
                                      0x89bea (size before relaxing)
 .debug_str     0x000000000008b02d      0x13c ./Core/Src/stm32f1xx_it.o
                                      0x8a342 (size before relaxing)
 .debug_str     0x000000000008b169       0x7e ./Core/Src/system_stm32f1xx.o
                                      0x895c0 (size before relaxing)
 .debug_str     0x000000000008b1e7      0x2b0 ./Core/Src/tim.o
                                      0x8a740 (size before relaxing)
 .debug_str     0x000000000008b497       0x51 ./Core/Src/usart.o
                                      0x8a3cb (size before relaxing)
 .debug_str     0x000000000008b4e8       0x93 ./Core/Startup/startup_stm32f103v8tx.o
 .debug_str     0x000000000008b57b      0x378 ./Drivers/STM32F1xx_HAL_Driver/Src/stm32f1xx_hal.o
                                      0x89cf3 (size before relaxing)
 .debug_str     0x000000000008b8f3      0x350 ./Drivers/STM32F1xx_HAL_Driver/Src/stm32f1xx_hal_adc.o
                                      0x89c9d (size before relaxing)
 .debug_str     0x000000000008bc43      0x294 ./Drivers/STM32F1xx_HAL_Driver/Src/stm32f1xx_hal_cortex.o
                                      0x89c3f (size before relaxing)
 .debug_str     0x000000000008bed7      0x211 ./Drivers/STM32F1xx_HAL_Driver/Src/stm32f1xx_hal_dma.o
                                      0x89969 (size before relaxing)
 .debug_str     0x000000000008c0e8      0x297 ./Drivers/STM32F1xx_HAL_Driver/Src/stm32f1xx_hal_gpio.o
                                      0x89946 (size before relaxing)
 .debug_str     0x000000000008c37f      0xb2c ./Drivers/STM32F1xx_HAL_Driver/Src/stm32f1xx_hal_i2c.o
                                      0x8a634 (size before relaxing)
 .debug_str     0x000000000008ceab      0x209 ./Drivers/STM32F1xx_HAL_Driver/Src/stm32f1xx_hal_rcc.o
                                      0x899ef (size before relaxing)
 .debug_str     0x000000000008d0b4       0x84 ./Drivers/STM32F1xx_HAL_Driver/Src/stm32f1xx_hal_rcc_ex.o
                                      0x8973f (size before relaxing)
 .debug_str     0x000000000008d138      0xce8 ./Drivers/STM32F1xx_HAL_Driver/Src/stm32f1xx_hal_tim.o
                                      0x8a9da (size before relaxing)
 .debug_str     0x000000000008de20      0x3e1 ./Drivers/STM32F1xx_HAL_Driver/Src/stm32f1xx_hal_tim_ex.o
                                      0x8a1f6 (size before relaxing)
 .debug_str     0x000000000008e201      0x57e ./Drivers/STM32F1xx_HAL_Driver/Src/stm32f1xx_hal_uart.o
                                      0x89ffa (size before relaxing)

.comment        0x0000000000000000       0x50
 .comment       0x0000000000000000       0x50 ./Core/Src/adc.o
                                         0x51 (size before relaxing)
 .comment       0x0000000000000050       0x51 ./Core/Src/gpio.o
 .comment       0x0000000000000050       0x51 ./Core/Src/i2c.o
 .comment       0x0000000000000050       0x51 ./Core/Src/main.o
 .comment       0x0000000000000050       0x51 ./Core/Src/stm32f1xx_hal_msp.o
 .comment       0x0000000000000050       0x51 ./Core/Src/stm32f1xx_it.o
 .comment       0x0000000000000050       0x51 ./Core/Src/system_stm32f1xx.o
 .comment       0x0000000000000050       0x51 ./Core/Src/tim.o
 .comment       0x0000000000000050       0x51 ./Core/Src/usart.o
 .comment       0x0000000000000050       0x51 ./Drivers/STM32F1xx_HAL_Driver/Src/stm32f1xx_hal.o
 .comment       0x0000000000000050       0x51 ./Drivers/STM32F1xx_HAL_Driver/Src/stm32f1xx_hal_adc.o
 .comment       0x0000000000000050       0x51 ./Drivers/STM32F1xx_HAL_Driver/Src/stm32f1xx_hal_cortex.o
 .comment       0x0000000000000050       0x51 ./Drivers/STM32F1xx_HAL_Driver/Src/stm32f1xx_hal_dma.o
 .comment       0x0000000000000050       0x51 ./Drivers/STM32F1xx_HAL_Driver/Src/stm32f1xx_hal_gpio.o
 .comment       0x0000000000000050       0x51 ./Drivers/STM32F1xx_HAL_Driver/Src/stm32f1xx_hal_i2c.o
 .comment       0x0000000000000050       0x51 ./Drivers/STM32F1xx_HAL_Driver/Src/stm32f1xx_hal_rcc.o
 .comment       0x0000000000000050       0x51 ./Drivers/STM32F1xx_HAL_Driver/Src/stm32f1xx_hal_rcc_ex.o
 .comment       0x0000000000000050       0x51 ./Drivers/STM32F1xx_HAL_Driver/Src/stm32f1xx_hal_tim.o
 .comment       0x0000000000000050       0x51 ./Drivers/STM32F1xx_HAL_Driver/Src/stm32f1xx_hal_tim_ex.o
 .comment       0x0000000000000050       0x51 ./Drivers/STM32F1xx_HAL_Driver/Src/stm32f1xx_hal_uart.o

.debug_frame    0x0000000000000000     0x48bc
 .debug_frame   0x0000000000000000       0x7c ./Core/Src/adc.o
 .debug_frame   0x000000000000007c       0x34 ./Core/Src/gpio.o
 .debug_frame   0x00000000000000b0       0x74 ./Core/Src/i2c.o
 .debug_frame   0x0000000000000124      0x3dc ./Core/Src/main.o
 .debug_frame   0x0000000000000500       0x38 ./Core/Src/stm32f1xx_hal_msp.o
 .debug_frame   0x0000000000000538      0x158 ./Core/Src/stm32f1xx_it.o
 .debug_frame   0x0000000000000690       0x58 ./Core/Src/system_stm32f1xx.o
 .debug_frame   0x00000000000006e8      0x10c ./Core/Src/tim.o
 .debug_frame   0x00000000000007f4       0x74 ./Core/Src/usart.o
 .debug_frame   0x0000000000000868      0x334 ./Drivers/STM32F1xx_HAL_Driver/Src/stm32f1xx_hal.o
 .debug_frame   0x0000000000000b9c      0x40c ./Drivers/STM32F1xx_HAL_Driver/Src/stm32f1xx_hal_adc.o
 .debug_frame   0x0000000000000fa8      0x428 ./Drivers/STM32F1xx_HAL_Driver/Src/stm32f1xx_hal_cortex.o
 .debug_frame   0x00000000000013d0      0x208 ./Drivers/STM32F1xx_HAL_Driver/Src/stm32f1xx_hal_dma.o
 .debug_frame   0x00000000000015d8      0x14c ./Drivers/STM32F1xx_HAL_Driver/Src/stm32f1xx_hal_gpio.o
 .debug_frame   0x0000000000001724      0xc5c ./Drivers/STM32F1xx_HAL_Driver/Src/stm32f1xx_hal_i2c.o
 .debug_frame   0x0000000000002380      0x21c ./Drivers/STM32F1xx_HAL_Driver/Src/stm32f1xx_hal_rcc.o
 .debug_frame   0x000000000000259c       0x84 ./Drivers/STM32F1xx_HAL_Driver/Src/stm32f1xx_hal_rcc_ex.o
 .debug_frame   0x0000000000002620     0x11b8 ./Drivers/STM32F1xx_HAL_Driver/Src/stm32f1xx_hal_tim.o
 .debug_frame   0x00000000000037d8      0x638 ./Drivers/STM32F1xx_HAL_Driver/Src/stm32f1xx_hal_tim_ex.o
 .debug_frame   0x0000000000003e10      0x914 ./Drivers/STM32F1xx_HAL_Driver/Src/stm32f1xx_hal_uart.o
 .debug_frame   0x0000000000004724       0x2c c:/st/stm32cubeide_1.9.0/stm32cubeide/plugins/com.st.stm32cube.ide.mcu.externaltools.gnu-tools-for-stm32.10.3-2021.10.win32_1.0.0.202111181127/tools/bin/../lib/gcc/arm-none-eabi/10.3.1/../../../../arm-none-eabi/lib/thumb/v7-m/nofp\libc_nano.a(lib_a-init.o)
 .debug_frame   0x0000000000004750       0x20 c:/st/stm32cubeide_1.9.0/stm32cubeide/plugins/com.st.stm32cube.ide.mcu.externaltools.gnu-tools-for-stm32.10.3-2021.10.win32_1.0.0.202111181127/tools/bin/../lib/gcc/arm-none-eabi/10.3.1/../../../../arm-none-eabi/lib/thumb/v7-m/nofp\libc_nano.a(lib_a-memset.o)
 .debug_frame   0x0000000000004770       0x30 c:/st/stm32cubeide_1.9.0/stm32cubeide/plugins/com.st.stm32cube.ide.mcu.externaltools.gnu-tools-for-stm32.10.3-2021.10.win32_1.0.0.202111181127/tools/bin/../lib/gcc/arm-none-eabi/10.3.1/thumb/v7-m/nofp\libgcc.a(_arm_muldf3.o)
 .debug_frame   0x00000000000047a0       0xac c:/st/stm32cubeide_1.9.0/stm32cubeide/plugins/com.st.stm32cube.ide.mcu.externaltools.gnu-tools-for-stm32.10.3-2021.10.win32_1.0.0.202111181127/tools/bin/../lib/gcc/arm-none-eabi/10.3.1/thumb/v7-m/nofp\libgcc.a(_arm_addsubdf3.o)
 .debug_frame   0x000000000000484c       0x24 c:/st/stm32cubeide_1.9.0/stm32cubeide/plugins/com.st.stm32cube.ide.mcu.externaltools.gnu-tools-for-stm32.10.3-2021.10.win32_1.0.0.202111181127/tools/bin/../lib/gcc/arm-none-eabi/10.3.1/thumb/v7-m/nofp\libgcc.a(_arm_fixunsdfsi.o)
 .debug_frame   0x0000000000004870       0x4c c:/st/stm32cubeide_1.9.0/stm32cubeide/plugins/com.st.stm32cube.ide.mcu.externaltools.gnu-tools-for-stm32.10.3-2021.10.win32_1.0.0.202111181127/tools/bin/../lib/gcc/arm-none-eabi/10.3.1/thumb/v7-m/nofp\libgcc.a(_arm_addsubsf3.o)
