../Core/Src/main.c:197:5:main	16	static
../Core/Src/main.c:298:6:SystemClock_Config	88	static
../Core/Src/main.c:339:6:Adc_read	56	static
../Core/Src/main.c:559:6:adc_initial	16	static
../Core/Src/main.c:586:6:adc_clear	4	static
../Core/Src/main.c:611:5:read_adc	32	static
../Core/Src/main.c:675:6:Serial_out	40	static
../Core/Src/main.c:835:6:Tuya_Reset	8	static
../Core/Src/main.c:846:6:Touch_Read	16	static
../Core/Src/main.c:1181:6:switch_operation	32	static
../Core/Src/main.c:1332:6:dimmer_operation	40	static
../Core/Src/main.c:1389:6:HAL_GPIO_EXTI_Callback	16	static
../Core/Src/main.c:1409:6:HAL_TIM_PeriodElapsedCallback	16	static
../Core/Src/main.c:1422:6:switch_long_press	8	static
../Core/Src/main.c:1426:6:Tx_Switch_Satus	40	static
../Core/Src/main.c:1472:6:DIMMER_TX	56	static
../Core/Src/main.c:1498:6:HAL_UART_RxCpltCallback	16	static
../Core/Src/main.c:1507:6:Uart_Read_data	4	static
../Core/Src/main.c:1546:6:Rx_Data_evaluation	24	static
../Core/Src/main.c:1669:6:Indication	16	static
../Core/Src/main.c:1744:6:Stop_Indication	8	static
../Core/Src/main.c:1750:6:Master_Switch	40	static
../Core/Src/main.c:1792:6:set_max_pwm	32	static
../Core/Src/main.c:1837:6:set_min_pwm	32	static
../Core/Src/main.c:1882:6:Status_ReadData	104	static
../Core/Src/main.c:1927:6:EEPROM_initial	32	static
../Core/Src/main.c:1994:6:Error_Handler	4	static,ignoring_inline_asm
